 Tanks

 Timestamp is 5b898560 (Fri Aug 31 21:13:52 2018)

 Preferred load address is 0000000140000000

 Start         Length     Name                   Class
 0001:00000000 00012679H .textbss                DATA
 0002:00000000 00003c70H .text$di                CODE
 0002:00003c70 00024d70H .text$mn                CODE
 0002:000289e0 00001020H .text$mn$00             CODE
 0002:00029a00 00002780H .text$x                 CODE
 0002:0002c180 00001042H .text$yd                CODE
 0003:00000000 00000110H .CRT$XCA                DATA
 0003:00000110 00000110H .CRT$XCAA               DATA
 0003:00000220 00000110H .CRT$XCU                DATA
 0003:00000330 00000110H .CRT$XCZ                DATA
 0003:00000440 00000110H .CRT$XIA                DATA
 0003:00000550 00000110H .CRT$XIAA               DATA
 0003:00000660 00000110H .CRT$XIAC               DATA
 0003:00000770 00000110H .CRT$XIZ                DATA
 0003:00000880 00000110H .CRT$XPA                DATA
 0003:00000990 00000110H .CRT$XPZ                DATA
 0003:00000aa0 00000110H .CRT$XTA                DATA
 0003:00000bb0 00000110H .CRT$XTZ                DATA
 0003:00000cc0 00006420H .rdata                  DATA
 0003:000070e0 000012a0H .rdata$r                DATA
 0003:00008380 00000160H .rdata$zzzdbg           DATA
 0003:000084e0 00000110H .rtc$IAA                DATA
 0003:000085f0 00000250H .rtc$IMZ                DATA
 0003:00008840 00000110H .rtc$IZZ                DATA
 0003:00008950 00000110H .rtc$TAA                DATA
 0003:00008a60 00000250H .rtc$TMZ                DATA
 0003:00008cb0 00000110H .rtc$TZZ                DATA
 0003:00008dc0 00005ca0H .xdata                  DATA
 0003:0000ea60 000002a1H .xdata$x                DATA
 0003:0000ed01 00000000H .edata                  DATA
 0004:00000000 00000170H .data                   DATA
 0004:00000170 00000870H .data$r                 DATA
 0004:000009e0 00000821H .bss                    DATA
 0005:00000000 000049b0H .pdata                  DATA
 0006:00000000 00000830H .idata$5                DATA
 0006:00000830 0000008cH .idata$2                DATA
 0006:000008bc 00000014H .idata$3                DATA
 0006:000008d0 00000830H .idata$4                DATA
 0006:00001100 00001470H .idata$6                DATA
 0007:00000000 0000011bH .00cfg                  DATA
 0008:00000000 00000170H .rsrc$01                DATA
 0008:00000170 000002ccH .rsrc$02                DATA

  Address         Publics by Value              Rva+Base               Lib:Object

 0000:00000000       __hybrid_auxiliary_iat     0000000000000000     <absolute>
 0000:00000000       ___safe_se_handler_count   0000000000000000     <absolute>
 0000:00000000       __hybrid_code_map          0000000000000000     <absolute>
 0000:00000000       ___safe_se_handler_table   0000000000000000     <absolute>
 0000:00000000       __guard_longjmp_table      0000000000000000     <absolute>
 0000:00000000       __guard_iat_count          0000000000000000     <absolute>
 0000:00000000       __guard_iat_table          0000000000000000     <absolute>
 0000:00000000       __enclave_config           0000000000000000     <absolute>
 0000:00000000       __guard_fids_count         0000000000000000     <absolute>
 0000:00000000       __dynamic_value_reloc_table 0000000000000000     <absolute>
 0000:00000000       __guard_longjmp_count      0000000000000000     <absolute>
 0000:00000000       __guard_fids_table         0000000000000000     <absolute>
 0000:00000000       __hybrid_code_map_count    0000000000000000     <absolute>
 0000:00000100       __guard_flags              0000000000000100     <absolute>
 0000:00000000       __ImageBase                0000000140000000     <linker-defined>
 0001:00000000       __enc$textbss$begin        0000000140001000     <linker-defined>
 0001:00012679       __enc$textbss$end          0000000140013679     <linker-defined>
 0002:00003c70       ??$?0$$V@?$_Compressed_pair@V?$allocator@D@std@@V?$_String_val@U?$_Simple_types@D@std@@@2@$00@std@@QEAA@U_Zero_then_variadic_args_t@1@@Z 0000000140017c70 f i button.obj
 0002:00003cca       ?setScale@Transformable@sf@@QEAAXAEBV?$Vector2@M@2@@Z 0000000140017cca f   sfml-graphics-d:sfml-graphics-d-2.dll
 0002:00003cd0       ?getTextureRect@Sprite@sf@@QEBAAEBV?$Rect@H@2@XZ 0000000140017cd0 f   sfml-graphics-d:sfml-graphics-d-2.dll
 0002:00003ce0       ??$?0D@?$allocator@U_Container_proxy@std@@@std@@QEAA@AEBV?$allocator@D@1@@Z 0000000140017ce0 f i button.obj
 0002:00003d30       ??$?0_W@?$allocator@U_Container_proxy@std@@@std@@QEAA@AEBV?$allocator@_W@1@@Z 0000000140017d30 f i button.obj
 0002:00003d80       ??$_Allocate@$0BA@U_Default_allocate_traits@std@@$0A@@std@@YAPEAX_K@Z 0000000140017d80 f i button.obj
 0002:00003e10       ??$_Allocate_manually_vector_aligned@U_Default_allocate_traits@std@@@std@@YAPEAX_K@Z 0000000140017e10 f i button.obj
 0002:00003f80       ??$_Convert_size@_K@std@@YA_K_K@Z 0000000140017f80 f i button.obj
 0002:00003fd0       ??$_Deallocate@$0BA@$0A@@std@@YAXPEAX_K@Z 0000000140017fd0 f i button.obj
 0002:00004060       ??$_Deallocate_plain@V?$allocator@U_Container_proxy@std@@@std@@$0A@@std@@YAXAEAV?$allocator@U_Container_proxy@std@@@0@QEAU_Container_proxy@0@@Z 0000000140018060 f i button.obj
 0002:000040d0       ??$_Get_size_of_n@$00@std@@YA_K_K@Z 00000001400180d0 f i button.obj
 0002:00004120       ??$_Get_size_of_n@$0BA@@std@@YA_K_K@Z 0000000140018120 f i button.obj
 0002:000041b0       ??$_Getvals@_W@?$time_get@DV?$istreambuf_iterator@DU?$char_traits@D@std@@@std@@@std@@IEAAX_WAEBV_Locinfo@1@@Z 00000001400181b0 f i button.obj
 0002:00004340       ?_Getpfirst@_Container_base12@std@@QEBAPEAPEAU_Iterator_base12@2@XZ 0000000140018340 f i engine.obj
 0002:000043b0       ??$_Getvals@_W@?$time_get@_WV?$istreambuf_iterator@_WU?$char_traits@_W@std@@@std@@@std@@IEAAX_WAEBV_Locinfo@1@@Z 00000001400183b0 f i button.obj
 0002:00004540       ?size@?$vector@PEAVObject@@V?$allocator@PEAVObject@@@std@@@std@@QEBA_KXZ 0000000140018540 f i engine.obj
 0002:000045b0       ??$_Maklocstr@D@std@@YAPEADPEBDPEADAEBU_Cvtvec@@@Z 00000001400185b0 f i button.obj
 0002:000046c0       ??$_Maklocstr@_W@std@@YAPEA_WPEBDPEA_WAEBU_Cvtvec@@@Z 00000001400186c0 f i button.obj
 0002:000048e0       ?_Has_unused_capacity@?$vector@PEAVObject@@V?$allocator@PEAVObject@@@std@@@std@@AEBA_NXZ 00000001400188e0 f i engine.obj
 0002:00004970       ??$_Max_value@_K@std@@YAAEB_KAEB_K0@Z 0000000140018970 f i button.obj
 0002:00004a10       ??$_Min_value@_K@std@@YAAEB_KAEB_K0@Z 0000000140018a10 f i button.obj
 0002:00004c30       ?GetParent@Object@@QEBAPEAV1@XZ 0000000140018c30 f   object.obj
 0002:00004c90       ??$_Unfancy@D@std@@YAPEADPEAD@Z 0000000140018c90 f i button.obj
 0002:00004ce0       ??$_Unfancy@U_Container_proxy@std@@@std@@YAPEAU_Container_proxy@0@PEAU10@@Z 0000000140018ce0 f i button.obj
 0002:00004d30       ??$_Unfancy@_W@std@@YAPEA_WPEA_W@Z 0000000140018d30 f i button.obj
 0002:00004d80       ??$addressof@PEAD@std@@YAPEAPEADAEAPEAD@Z 0000000140018d80 f i button.obj
 0002:00004dd0       ??$addressof@PEA_W@std@@YAPEAPEA_WAEAPEA_W@Z 0000000140018dd0 f i button.obj
 0002:00004e20       ??$addressof@V?$_String_val@U?$_Simple_types@D@std@@@std@@@std@@YAPEAV?$_String_val@U?$_Simple_types@D@std@@@0@AEAV10@@Z 0000000140018e20 f i button.obj
 0002:00004e70       ??$construct@PEADAEBQEAD@?$_Default_allocator_traits@V?$allocator@D@std@@@std@@SAXAEAV?$allocator@D@1@QEAPEADAEBQEAD@Z 0000000140018e70 f i button.obj
 0002:00004f00       ??$construct@U_Container_proxy@std@@U12@@?$_Default_allocator_traits@V?$allocator@U_Container_proxy@std@@@std@@@std@@SAXAEAV?$allocator@U_Container_proxy@std@@@1@QEAU_Container_proxy@1@$$QEAU31@@Z 0000000140018f00 f i button.obj
 0002:00004fa0       ??$destroy@PEAD@?$_Default_allocator_traits@V?$allocator@D@std@@@std@@SAXAEAV?$allocator@D@1@QEAPEAD@Z 0000000140018fa0 f i button.obj
 0002:00004ff0       ??$destroy@PEA_W@?$_Default_allocator_traits@V?$allocator@_W@std@@@std@@SAXAEAV?$allocator@_W@1@QEAPEA_W@Z 0000000140018ff0 f i button.obj
 0002:00005040       ??$destroy@U_Container_proxy@std@@@?$_Default_allocator_traits@V?$allocator@U_Container_proxy@std@@@std@@@std@@SAXAEAV?$allocator@U_Container_proxy@std@@@1@QEAU_Container_proxy@1@@Z 0000000140019040 f i button.obj
 0002:00005090       ??$forward@AEBQEAD@std@@YAAEBQEADAEBQEAD@Z 0000000140019090 f i button.obj
 0002:000050e0       ??$forward@PEAVButton@@@std@@YA$$QEAPEAVButton@@AEAPEAV1@@Z 00000001400190e0 f i button.obj
 0002:00005130       ??$forward@U_Container_proxy@std@@@std@@YA$$QEAU_Container_proxy@0@AEAU10@@Z 0000000140019130 f i button.obj
 0002:00005180       ??$move@AEAV?$_Func_class@XPEAVButton@@@std@@@std@@YA$$QEAV?$_Func_class@XPEAVButton@@@0@AEAV10@@Z 0000000140019180 f i button.obj
 0002:000051d0       ??0?$Vector2@M@sf@@QEAA@MM@Z 00000001400191d0 f i button.obj
 0002:00005260       ??0?$_Func_class@XPEAVButton@@@std@@QEAA@XZ 0000000140019260 f i button.obj
 0002:000052c0       ??0?$_String_alloc@U?$_String_base_types@DV?$allocator@D@std@@@std@@@std@@QEAA@XZ 00000001400192c0 f i button.obj
 0002:00005350       ??0?$_String_val@U?$_Simple_types@D@std@@@std@@QEAA@XZ 0000000140019350 f i button.obj
 0002:000053f0       ??0?$allocator@D@std@@QEAA@XZ 00000001400193f0 f i button.obj
 0002:00005440       ??0?$basic_string@DU?$char_traits@D@std@@V?$allocator@D@2@@std@@QEAA@QEBD@Z 0000000140019440 f i button.obj
 0002:000054e0       ??0?$function@$$A6AXPEAVButton@@@Z@std@@QEAA@$$T@Z 00000001400194e0 f i button.obj
 0002:00005540       ??0?$function@$$A6AXPEAVButton@@@Z@std@@QEAA@AEBV01@@Z 0000000140019540 f i button.obj
 0002:000055d0       ??0Button@@QEAA@AEBV?$Vector2@M@sf@@0@Z 00000001400195d0 f   button.obj
 0002:000057a0       ??0_Bxty@?$_String_val@U?$_Simple_types@D@std@@@std@@QEAA@XZ 00000001400197a0 f i button.obj
 0002:000057f0       ??0_Container_base12@std@@QEAA@XZ 00000001400197f0 f i button.obj
 0002:00005850       ??0_Container_proxy@std@@QEAA@XZ 0000000140019850 f i button.obj
 0002:000058c0       ??1?$_Compressed_pair@V?$allocator@D@std@@V?$_String_val@U?$_Simple_types@D@std@@@2@$00@std@@QEAA@XZ 00000001400198c0 f i button.obj
 0002:00005920       ??1?$_Compressed_pair@V?$allocator@_W@std@@V?$_String_val@U?$_Simple_types@_W@std@@@2@$00@std@@QEAA@XZ 0000000140019920 f i button.obj
 0002:00005980       ??1?$_Func_class@XPEAVButton@@@std@@QEAA@XZ 0000000140019980 f i button.obj
 0002:000059d0       ??1?$_String_alloc@U?$_String_base_types@DV?$allocator@D@std@@@std@@@std@@QEAA@XZ 00000001400199d0 f i button.obj
 0002:00005a50       ??1?$_String_alloc@U?$_String_base_types@_WV?$allocator@_W@std@@@std@@@std@@QEAA@XZ 0000000140019a50 f i button.obj
 0002:00005ad0       ??1?$_String_val@U?$_Simple_types@D@std@@@std@@QEAA@XZ 0000000140019ad0 f i button.obj
 0002:00005b30       ??1?$_String_val@U?$_Simple_types@_W@std@@@std@@QEAA@XZ 0000000140019b30 f i button.obj
 0002:00005b90       ??1?$basic_string@DU?$char_traits@D@std@@V?$allocator@D@2@@std@@QEAA@XZ 0000000140019b90 f i button.obj
 0002:00005c00       ??1?$basic_string@_WU?$char_traits@_W@std@@V?$allocator@_W@2@@std@@QEAA@XZ 0000000140019c00 f i button.obj
 0002:00005c70       ??1?$function@$$A6AXPEAVButton@@@Z@std@@QEAA@XZ 0000000140019c70 f i button.obj
 0002:00005cc0       ??1Button@@UEAA@XZ         0000000140019cc0 f   button.obj
 0002:00005d60       ??1_Bxty@?$_String_val@U?$_Simple_types@D@std@@@std@@QEAA@XZ 0000000140019d60 f i button.obj
 0002:00005da0       ??1_Bxty@?$_String_val@U?$_Simple_types@_W@std@@@std@@QEAA@XZ 0000000140019da0 f i button.obj
 0002:00005de0       ??2@YAPEAX_KPEAX@Z         0000000140019de0 f i button.obj
 0002:00005e30       ??4?$function@$$A6AXPEAVButton@@@Z@std@@QEAAAEAV01@AEBV01@@Z 0000000140019e30 f i button.obj
 0002:00005ef0       ??B?$function@$$A6AXPEAVButton@@@Z@std@@QEBA_NXZ 0000000140019ef0 f i button.obj
 0002:00006020       ??R?$_Func_class@XPEAVButton@@@std@@QEBAXPEAVButton@@@Z 000000014001a020 f i button.obj
 0002:000060d0       ??_GButton@@UEAAPEAXI@Z    000000014001a0d0 f i button.obj
 0002:000060d0       ??_EButton@@UEAAPEAXI@Z    000000014001a0d0 f i button.obj
 0002:00006160       ?Draw@Button@@UEAAXPEAVRenderWindow@sf@@@Z 000000014001a160 f   button.obj
 0002:00006200       ?GetText@Button@@QEBAPEB_WXZ 000000014001a200 f   button.obj
 0002:000062d0       ?HandleEvent@Button@@UEAAXAEBVEvent@sf@@@Z 000000014001a2d0 f   button.obj
 0002:00006410       ?SetOnClickedListener@Button@@QEAAXV?$function@$$A6AXPEAVButton@@@Z@std@@@Z 000000014001a410 f   button.obj
 0002:000064a0       ?SetPos@Button@@UEAAXAEBV?$Vector2@M@sf@@@Z 000000014001a4a0 f   button.obj
 0002:00006510       ?SetText@Button@@QEAAXPEB_W@Z 000000014001a510 f   button.obj
 0002:00006720       ?Update@Button@@UEAAXAEBVTime@sf@@@Z 000000014001a720 f   button.obj
 0002:00006770       ?_Adjust_manually_vector_aligned@std@@YAXAEAPEAXAEA_K@Z 000000014001a770 f i button.obj
 0002:000068f0       ?_Alloc_proxy@?$_String_alloc@U?$_String_base_types@DV?$allocator@D@std@@@std@@@std@@QEAAXXZ 000000014001a8f0 f i button.obj
 0002:00006a30       ?_Allocate@_Default_allocate_traits@std@@SAPEAX_K@Z 000000014001aa30 f i button.obj
 0002:00006a80       ?_Calculate_growth@?$basic_string@DU?$char_traits@D@std@@V?$allocator@D@2@@std@@QEBA_K_K@Z 000000014001aa80 f i button.obj
 0002:00006bb0       ?_Empty@?$_Func_class@XPEAVButton@@@std@@IEBA_NXZ 000000014001abb0 f i button.obj
 0002:00006c30       ?_Free_proxy@?$_String_alloc@U?$_String_base_types@DV?$allocator@D@std@@@std@@@std@@QEAAXXZ 000000014001ac30 f i button.obj
 0002:00006d10       ?_Free_proxy@?$_String_alloc@U?$_String_base_types@_WV?$allocator@_W@std@@@std@@@std@@QEAAXXZ 000000014001ad10 f i button.obj
 0002:00006df0       ?_Get_data@?$_String_alloc@U?$_String_base_types@DV?$allocator@D@std@@@std@@@std@@QEAAAEAV?$_String_val@U?$_Simple_types@D@std@@@2@XZ 000000014001adf0 f i button.obj
 0002:00006e50       ?_Get_data@?$_String_alloc@U?$_String_base_types@DV?$allocator@D@std@@@std@@@std@@QEBAAEBV?$_String_val@U?$_Simple_types@D@std@@@2@XZ 000000014001ae50 f i button.obj
 0002:00006eb0       ?_Get_data@?$_String_alloc@U?$_String_base_types@_WV?$allocator@_W@std@@@std@@@std@@QEAAAEAV?$_String_val@U?$_Simple_types@_W@std@@@2@XZ 000000014001aeb0 f i button.obj
 0002:00006f10       ?_Get_data@?$_String_alloc@U?$_String_base_types@_WV?$allocator@_W@std@@@std@@@std@@QEBAAEBV?$_String_val@U?$_Simple_types@_W@std@@@2@XZ 000000014001af10 f i button.obj
 0002:00006f70       ?_Get_first@?$_Compressed_pair@V?$allocator@D@std@@V?$_String_val@U?$_Simple_types@D@std@@@2@$00@std@@QEAAAEAV?$allocator@D@2@XZ 000000014001af70 f i button.obj
 0002:00006fc0       ?_Get_first@?$_Compressed_pair@V?$allocator@D@std@@V?$_String_val@U?$_Simple_types@D@std@@@2@$00@std@@QEBAAEBV?$allocator@D@2@XZ 000000014001afc0 f i button.obj
 0002:00007010       ?_Get_first@?$_Compressed_pair@V?$allocator@_W@std@@V?$_String_val@U?$_Simple_types@_W@std@@@2@$00@std@@QEAAAEAV?$allocator@_W@2@XZ 000000014001b010 f i button.obj
 0002:00007060       ?_Get_second@?$_Compressed_pair@V?$allocator@D@std@@V?$_String_val@U?$_Simple_types@D@std@@@2@$00@std@@QEAAAEAV?$_String_val@U?$_Simple_types@D@std@@@2@XZ 000000014001b060 f i button.obj
 0002:000070b0       ?_Get_second@?$_Compressed_pair@V?$allocator@D@std@@V?$_String_val@U?$_Simple_types@D@std@@@2@$00@std@@QEBAAEBV?$_String_val@U?$_Simple_types@D@std@@@2@XZ 000000014001b0b0 f i button.obj
 0002:00007100       ?_Get_second@?$_Compressed_pair@V?$allocator@_W@std@@V?$_String_val@U?$_Simple_types@_W@std@@@2@$00@std@@QEAAAEAV?$_String_val@U?$_Simple_types@_W@std@@@2@XZ 000000014001b100 f i button.obj
 0002:00007150       ?_Get_second@?$_Compressed_pair@V?$allocator@_W@std@@V?$_String_val@U?$_Simple_types@_W@std@@@2@$00@std@@QEBAAEBV?$_String_val@U?$_Simple_types@_W@std@@@2@XZ 000000014001b150 f i button.obj
 0002:000071a0       ?_Getal@?$_String_alloc@U?$_String_base_types@DV?$allocator@D@std@@@std@@@std@@QEAAAEAV?$allocator@D@2@XZ 000000014001b1a0 f i button.obj
 0002:00007200       ?_Getal@?$_String_alloc@U?$_String_base_types@DV?$allocator@D@std@@@std@@@std@@QEBAAEBV?$allocator@D@2@XZ 000000014001b200 f i button.obj
 0002:00007260       ?_Getal@?$_String_alloc@U?$_String_base_types@_WV?$allocator@_W@std@@@std@@@std@@QEAAAEAV?$allocator@_W@2@XZ 000000014001b260 f i button.obj
 0002:000072c0       ?_Getimpl@?$_Func_class@XPEAVButton@@@std@@AEBAPEAV?$_Func_base@XPEAVButton@@@2@XZ 000000014001b2c0 f i button.obj
 0002:00007320       ?_Getspace@?$_Func_class@XPEAVButton@@@std@@AEAAPEAXXZ 000000014001b320 f i button.obj
 0002:00007370       ?_Getspace@?$_Func_class@XPEAVButton@@@std@@AEBAPEBXXZ 000000014001b370 f i button.obj
 0002:000073c0       ?_Large_string_engaged@?$_String_val@U?$_Simple_types@D@std@@@std@@QEBA_NXZ 000000014001b3c0 f i button.obj
 0002:00007440       ?_Large_string_engaged@?$_String_val@U?$_Simple_types@_W@std@@@std@@QEBA_NXZ 000000014001b440 f i button.obj
 0002:000074c0       ?_Local@?$_Func_class@XPEAVButton@@@std@@AEBA_NXZ 000000014001b4c0 f i button.obj
 0002:00007560       ?_Maklocwcs@std@@YAPEA_WPEB_W@Z 000000014001b560 f i button.obj
 0002:00007620       ?_Myproxy@?$_String_alloc@U?$_String_base_types@DV?$allocator@D@std@@@std@@@std@@QEAAAEAPEAU_Container_proxy@2@XZ 000000014001b620 f i button.obj
 0002:00007670       ?_Myproxy@?$_String_alloc@U?$_String_base_types@_WV?$allocator@_W@std@@@std@@@std@@QEAAAEAPEAU_Container_proxy@2@XZ 000000014001b670 f i button.obj
 0002:000076c0       ?_Myptr@?$_String_val@U?$_Simple_types@D@std@@@std@@QEAAPEADXZ 000000014001b6c0 f i button.obj
 0002:00007750       ?_Myptr@?$_String_val@U?$_Simple_types@_W@std@@@std@@QEBAPEB_WXZ 000000014001b750 f i button.obj
 0002:000077e0       ?_Orphan_all@?$_String_alloc@U?$_String_base_types@DV?$allocator@D@std@@@std@@@std@@QEAAXXZ 000000014001b7e0 f i button.obj
 0002:00007840       ?_Orphan_all@?$_String_alloc@U?$_String_base_types@_WV?$allocator@_W@std@@@std@@@std@@QEAAXXZ 000000014001b840 f i button.obj
 0002:000078a0       ?_Orphan_all@_Container_base12@std@@QEAAXXZ 000000014001b8a0 f i button.obj
 0002:000079a0       ?_Reset_copy@?$_Func_class@XPEAVButton@@@std@@IEAAXAEBV12@@Z 000000014001b9a0 f i button.obj
 0002:00007a70       ?_Reset_move@?$_Func_class@XPEAVButton@@@std@@IEAAX$$QEAV12@@Z 000000014001ba70 f i button.obj
 0002:00007ba0       ?_Set@?$_Func_class@XPEAVButton@@@std@@AEAAXPEAV?$_Func_base@XPEAVButton@@@2@@Z 000000014001bba0 f i button.obj
 0002:00007c10       ?_Swap@?$_Func_class@XPEAVButton@@@std@@IEAAXAEAV12@@Z 000000014001bc10 f i button.obj
 0002:00007db0       ?_Tidy@?$_Func_class@XPEAVButton@@@std@@IEAAXXZ 000000014001bdb0 f i button.obj
 0002:00007e80       ?_Tidy_deallocate@?$basic_string@DU?$char_traits@D@std@@V?$allocator@D@2@@std@@QEAAXXZ 000000014001be80 f i button.obj
 0002:00007fb0       ?_Tidy_deallocate@?$basic_string@_WU?$char_traits@_W@std@@V?$allocator@_W@2@@std@@QEAAXXZ 000000014001bfb0 f i button.obj
 0002:000080f0       ?_Tidy_init@?$basic_string@DU?$char_traits@D@std@@V?$allocator@D@2@@std@@QEAAXXZ 000000014001c0f0 f i button.obj
 0002:000081a0       ?_Xlen@?$basic_string@DU?$char_traits@D@std@@V?$allocator@D@2@@std@@SAXXZ 000000014001c1a0 f i button.obj
 0002:000081f0       ?__empty_global_delete@@YAXPEAX@Z 000000014001c1f0 f i button.obj
 0002:00008230       ?__empty_global_delete@@YAXPEAX_K@Z 000000014001c230 f i button.obj
 0002:00008280       ?allocate@?$allocator@D@std@@QEAAPEAD_K@Z 000000014001c280 f i button.obj
 0002:000082e0       ?allocate@?$allocator@U_Container_proxy@std@@@std@@QEAAPEAU_Container_proxy@2@_K@Z 000000014001c2e0 f i button.obj
 0002:00008340       ?assign@?$_WChar_traits@_W@std@@SAXAEA_WAEB_W@Z 000000014001c340 f i button.obj
 0002:000083a0       ?assign@?$basic_string@DU?$char_traits@D@std@@V?$allocator@D@2@@std@@QEAAAEAV12@QEBD@Z 000000014001c3a0 f i button.obj
 0002:00008420       ?assign@?$basic_string@DU?$char_traits@D@std@@V?$allocator@D@2@@std@@QEAAAEAV12@QEBD_K@Z 000000014001c420 f i button.obj
 0002:00008560       ?assign@?$char_traits@D@std@@SAXAEADAEBD@Z 000000014001c560 f i button.obj
 0002:000085c0       ?c_str@?$basic_string@_WU?$char_traits@_W@std@@V?$allocator@_W@2@@std@@QEBAPEB_WXZ 000000014001c5c0 f i button.obj
 0002:00008630       ?calculatePosText@Button@@AEAAXXZ 000000014001c630 f   button.obj
 0002:00008770       ?copy@?$char_traits@D@std@@SAPEADQEADQEBD_K@Z 000000014001c770 f i button.obj
 0002:000087e0       ?deallocate@?$_Default_allocator_traits@V?$allocator@U_Container_proxy@std@@@std@@@std@@SAXAEAV?$allocator@U_Container_proxy@std@@@2@QEAU_Container_proxy@2@_K@Z 000000014001c7e0 f i button.obj
 0002:00008850       ?deallocate@?$allocator@D@std@@QEAAXQEAD_K@Z 000000014001c850 f i button.obj
 0002:000088c0       ?deallocate@?$allocator@_W@std@@QEAAXQEA_W_K@Z 000000014001c8c0 f i button.obj
 0002:00008930       ?length@?$char_traits@D@std@@SA_KQEBD@Z 000000014001c930 f i button.obj
 0002:00008980       ?max@?$numeric_limits@_J@std@@SA_JXZ 000000014001c980 f i button.obj
 0002:000089c0       ?max_size@?$_Default_allocator_traits@V?$allocator@D@std@@@std@@SA_KAEBV?$allocator@D@2@@Z 000000014001c9c0 f i button.obj
 0002:00008a10       ?max_size@?$basic_string@DU?$char_traits@D@std@@V?$allocator@D@2@@std@@QEBA_KXZ 000000014001ca10 f i button.obj
 0002:00008b00       ?move@?$char_traits@D@std@@SAPEADQEADQEBD_K@Z 000000014001cb00 f i button.obj
 0002:00008b70       ?swap@?$function@$$A6AXPEAVButton@@@Z@std@@QEAAXAEAV12@@Z 000000014001cb70 f i button.obj
 0002:00008bd0       wmemcpy                    000000014001cbd0 f i button.obj
 0002:00008c50       ??$?0$$QEAW4Object_Type@@$$Z$$V@?$pair@$$CBW4Object_Type@@PEBVGameObject@@@std@@QEAA@Upiecewise_construct_t@1@V?$tuple@$$QEAW4Object_Type@@@1@V?$tuple@$$V@1@@Z 000000014001cc50 f i config.obj
 0002:00008cf0       ??$?0AEAV?$_Tree_iterator@V?$_Tree_val@U?$_Tree_simple_types@U?$pair@$$CBW4Object_Type@@PEBVGameObject@@@std@@@std@@@std@@@std@@_N$0A@@?$pair@V?$_Tree_iterator@V?$_Tree_val@U?$_Tree_simple_types@U?$pair@$$CBW4Object_Type@@PEBVGameObject@@@std@@@std@@@std@@@std@@_N@std@@QEAA@AEAV?$_Tree_iterator@V?$_Tree_val@U?$_Tree_simple_types@U?$pair@$$CBW4Object_Type@@PEBVGameObject@@@std@@@std@@@std@@@1@$$QEA_N@Z 000000014001ccf0 f i config.obj
 0002:00008d90       ??$?0AEBV?$allocator@D@std@@$$V@?$_Compressed_pair@V?$allocator@D@std@@V?$_String_val@U?$_Simple_types@D@std@@@2@$00@std@@QEAA@U_One_then_variadic_args_t@1@AEBV?$allocator@D@1@@Z 000000014001cd90 f i config.obj
 0002:00008e10       ??$?0AEBV?$allocator@D@std@@X@?$_String_alloc@U?$_String_base_types@DV?$allocator@D@std@@@std@@@std@@QEAA@AEBV?$allocator@D@1@@Z 000000014001ce10 f i config.obj
 0002:00008eb0       ??$?0U_Exact_args_t@std@@$0A@@?$tuple@$$V@std@@QEAA@U_Exact_args_t@1@@Z 000000014001ceb0 f i config.obj
 0002:00008f00       ??$?0U_Exact_args_t@std@@W4Object_Type@@$$V$0A@@?$tuple@$$QEAW4Object_Type@@@std@@QEAA@U_Exact_args_t@1@$$QEAW4Object_Type@@@Z 000000014001cf00 f i config.obj
 0002:00008fb0       ??$?0V?$_Tree_iterator@V?$_Tree_val@U?$_Tree_simple_types@U?$pair@$$CBW4Object_Type@@PEBVGameObject@@@std@@@std@@@std@@@std@@_N$0A@@?$pair@V?$_Tree_iterator@V?$_Tree_val@U?$_Tree_simple_types@U?$pair@$$CBW4Object_Type@@PEBVGameObject@@@std@@@std@@@std@@@std@@_N@std@@QEAA@$$QEAV?$_Tree_iterator@V?$_Tree_val@U?$_Tree_simple_types@U?$pair@$$CBW4Object_Type@@PEBVGameObject@@@std@@@std@@@std@@@1@$$QEA_N@Z 000000014001cfb0 f i config.obj
 0002:00009050       ??$?0V?$tuple@$$QEAW4Object_Type@@@std@@V?$tuple@$$V@1@$0A@$$Z$S@?$pair@$$CBW4Object_Type@@PEBVGameObject@@@std@@QEAA@AEAV?$tuple@$$QEAW4Object_Type@@@1@AEAV?$tuple@$$V@1@U?$integer_sequence@_K$0A@@1@U?$integer_sequence@_K$S@1@@Z 000000014001d050 f i config.obj
 0002:000090f0       ??$?0W4Object_Type@@$$V$0A@@?$tuple@$$QEAW4Object_Type@@@std@@QEAA@$$QEAW4Object_Type@@@Z 000000014001d0f0 f i config.obj
 0002:00009190       ??$?0W4Object_Type@@@?$_Tuple_val@$$QEAW4Object_Type@@@std@@QEAA@$$QEAW4Object_Type@@@Z 000000014001d190 f i config.obj
 0002:00009200       ??$?9DD@std@@YA_NAEBV?$allocator@D@0@0@Z 000000014001d200 f i config.obj
 0002:00009250       ??$_Buy_if_not_node@AEAU?$pair@$$CBW4Object_Type@@PEBVGameObject@@@std@@@?$_Tree@V?$_Tmap_traits@W4Object_Type@@PEBVGameObject@@U?$less@W4Object_Type@@@std@@V?$allocator@U?$pair@$$CBW4Object_Type@@PEBVGameObject@@@std@@@4@$0A@@std@@@std@@IEAAPEAU?$_Tree_node@U?$pair@$$CBW4Object_Type@@PEBVGameObject@@@std@@PEAX@1@PEAU21@AEAU?$pair@$$CBW4Object_Type@@PEBVGameObject@@@1@@Z 000000014001d250 f i config.obj
 0002:000092b0       ??$_Buynode@AEBUpiecewise_construct_t@std@@V?$tuple@$$QEAW4Object_Type@@@2@V?$tuple@$$V@2@@?$_Tree_comp_alloc@V?$_Tmap_traits@W4Object_Type@@PEBVGameObject@@U?$less@W4Object_Type@@@std@@V?$allocator@U?$pair@$$CBW4Object_Type@@PEBVGameObject@@@std@@@4@$0A@@std@@@std@@QEAAPEAU?$_Tree_node@U?$pair@$$CBW4Object_Type@@PEBVGameObject@@@std@@PEAX@1@AEBUpiecewise_construct_t@1@$$QEAV?$tuple@$$QEAW4Object_Type@@@1@$$QEAV?$tuple@$$V@1@@Z 000000014001d2b0 f i config.obj
 0002:000093f0       ??$_Debug_lt_pred@AEAU?$less@W4Object_Type@@@std@@AEAW4Object_Type@@AEBW43@@std@@YA_NAEAU?$less@W4Object_Type@@@0@AEAW4Object_Type@@AEBW42@PEB_WI@Z 000000014001d3f0 f i config.obj
 0002:00009530       ??$_Debug_lt_pred@AEAU?$less@W4Object_Type@@@std@@AEBW4Object_Type@@AEBW43@@std@@YA_NAEAU?$less@W4Object_Type@@@0@AEBW4Object_Type@@1PEB_WI@Z 000000014001d530 f i config.obj
 0002:00009670       ??$_Debug_lt_pred@AEBU?$less@W4Object_Type@@@std@@AEBW4Object_Type@@AEBW43@@std@@YA_NAEBU?$less@W4Object_Type@@@0@AEBW4Object_Type@@1PEB_WI@Z 000000014001d670 f i config.obj
 0002:000097b0       ??$_Freenode0@V?$allocator@U?$_Tree_node@U?$pair@$$CBW4Object_Type@@PEBVGameObject@@@std@@PEAX@std@@@std@@@?$_Tree_node@U?$pair@$$CBW4Object_Type@@PEBVGameObject@@@std@@PEAX@std@@SAXAEAV?$allocator@U?$_Tree_node@U?$pair@$$CBW4Object_Type@@PEBVGameObject@@@std@@PEAX@std@@@1@PEAU01@@Z 000000014001d7b0 f i config.obj
 0002:000098b0       ??$_Get_size_of_n@$0DA@@std@@YA_K_K@Z 000000014001d8b0 f i config.obj
 0002:00009940       ??$_Insert_at@AEAU?$pair@$$CBW4Object_Type@@PEBVGameObject@@@std@@PEAU?$_Tree_node@U?$pair@$$CBW4Object_Type@@PEBVGameObject@@@std@@PEAX@2@@?$_Tree@V?$_Tmap_traits@W4Object_Type@@PEBVGameObject@@U?$less@W4Object_Type@@@std@@V?$allocator@U?$pair@$$CBW4Object_Type@@PEBVGameObject@@@std@@@4@$0A@@std@@@std@@IEAA?AV?$_Tree_iterator@V?$_Tree_val@U?$_Tree_simple_types@U?$pair@$$CBW4Object_Type@@PEBVGameObject@@@std@@@std@@@std@@@1@_NPEAU?$_Tree_node@U?$pair@$$CBW4Object_Type@@PEBVGameObject@@@std@@PEAX@1@AEAU?$pair@$$CBW4Object_Type@@PEBVGameObject@@@1@1@Z 000000014001d940 f i config.obj
 0002:00009cd0       ?HandleEvents@Engine@@QEAAXXZ 000000014001dcd0 f   engine.obj
 0002:00009db0       ??$_Insert_hint@AEAU?$pair@$$CBW4Object_Type@@PEBVGameObject@@@std@@PEAU?$_Tree_node@U?$pair@$$CBW4Object_Type@@PEBVGameObject@@@std@@PEAX@2@@?$_Tree@V?$_Tmap_traits@W4Object_Type@@PEBVGameObject@@U?$less@W4Object_Type@@@std@@V?$allocator@U?$pair@$$CBW4Object_Type@@PEBVGameObject@@@std@@@4@$0A@@std@@@std@@IEAA?AV?$_Tree_iterator@V?$_Tree_val@U?$_Tree_simple_types@U?$pair@$$CBW4Object_Type@@PEBVGameObject@@@std@@@std@@@std@@@1@V?$_Tree_const_iterator@V?$_Tree_val@U?$_Tree_simple_types@U?$pair@$$CBW4Object_Type@@PEBVGameObject@@@std@@@std@@@std@@@1@AEAU?$pair@$$CBW4Object_Type@@PEBVGameObject@@@1@PEAU?$_Tree_node@U?$pair@$$CBW4Object_Type@@PEBVGameObject@@@std@@PEAX@1@@Z 000000014001ddb0 f i config.obj
 0002:0000aee0       ??0?$Rect@H@sf@@QEAA@XZ    000000014001eee0 f i object.obj
 0002:0000af50       ?SetTexture@Object@@QEAA_NPEBD@Z 000000014001ef50 f   object.obj
 0002:0000b090       ?_Change_array@?$vector@PEAVObject@@V?$allocator@PEAVObject@@@std@@@std@@AEAAXQEAPEAVObject@@_K1@Z 000000014001f090 f i engine.obj
 0002:0000b1f0       ?_Free_proxy@?$_Vector_alloc@U?$_Vec_base_types@PEAVObject@@V?$allocator@PEAVObject@@@std@@@std@@@std@@QEAAXXZ 000000014001f1f0 f i engine.obj
 0002:0000b2a0       ?max_size@?$vector@PEAVObject@@V?$allocator@PEAVObject@@@std@@@std@@QEBA_KXZ 000000014001f2a0 f i engine.obj
 0002:0000b320       ??$_Insert_nohint@AEAU?$pair@$$CBW4Object_Type@@PEBVGameObject@@@std@@PEAU?$_Tree_node@U?$pair@$$CBW4Object_Type@@PEBVGameObject@@@std@@PEAX@2@@?$_Tree@V?$_Tmap_traits@W4Object_Type@@PEBVGameObject@@U?$less@W4Object_Type@@@std@@V?$allocator@U?$pair@$$CBW4Object_Type@@PEBVGameObject@@@std@@@4@$0A@@std@@@std@@IEAA?AU?$pair@V?$_Tree_iterator@V?$_Tree_val@U?$_Tree_simple_types@U?$pair@$$CBW4Object_Type@@PEBVGameObject@@@std@@@std@@@std@@@std@@_N@1@_NAEAU?$pair@$$CBW4Object_Type@@PEBVGameObject@@@1@PEAU?$_Tree_node@U?$pair@$$CBW4Object_Type@@PEBVGameObject@@@std@@PEAX@1@@Z 000000014001f320 f i config.obj
 0002:0000b870       ?_Tidy@?$vector@PEAVObject@@V?$allocator@PEAVObject@@@std@@@std@@AEAAXXZ 000000014001f870 f i engine.obj
 0002:0000b9c0       ??$_Kfn@$$CBW4Object_Type@@PEBVGameObject@@@?$_Tmap_traits@W4Object_Type@@PEBVGameObject@@U?$less@W4Object_Type@@@std@@V?$allocator@U?$pair@$$CBW4Object_Type@@PEBVGameObject@@@std@@@4@$0A@@std@@SAAEBW4Object_Type@@AEBU?$pair@$$CBW4Object_Type@@PEBVGameObject@@@1@@Z 000000014001f9c0 f i config.obj
 0002:0000ba10       ??$_Lbound@W4Object_Type@@@?$_Tree@V?$_Tmap_traits@W4Object_Type@@PEBVGameObject@@U?$less@W4Object_Type@@@std@@V?$allocator@U?$pair@$$CBW4Object_Type@@PEBVGameObject@@@std@@@4@$0A@@std@@@std@@IEBAPEAU?$_Tree_node@U?$pair@$$CBW4Object_Type@@PEBVGameObject@@@std@@PEAX@1@AEBW4Object_Type@@@Z 000000014001fa10 f i config.obj
 0002:0000bb00       ??$_Pocma@V?$allocator@D@std@@@std@@YAXAEAV?$allocator@D@0@0@Z 000000014001fb00 f i config.obj
 0002:0000bb80       ??$_Pocma@V?$allocator@D@std@@@std@@YAXAEAV?$allocator@D@0@0U?$integral_constant@_N$00@0@@Z 000000014001fb80 f i config.obj
 0002:0000bdc0       ??$_Try_emplace@W4Object_Type@@$$V@?$map@W4Object_Type@@PEBVGameObject@@U?$less@W4Object_Type@@@std@@V?$allocator@U?$pair@$$CBW4Object_Type@@PEBVGameObject@@@std@@@4@@std@@QEAA?AU?$pair@V?$_Tree_iterator@V?$_Tree_val@U?$_Tree_simple_types@U?$pair@$$CBW4Object_Type@@PEBVGameObject@@@std@@@std@@@std@@@std@@_N@1@$$QEAW4Object_Type@@@Z 000000014001fdc0 f i config.obj
 0002:0000c070       ?_Umove_if_noexcept@?$vector@PEAVObject@@V?$allocator@PEAVObject@@@std@@@std@@AEAAXPEAPEAVObject@@00@Z 0000000140020070 f i engine.obj
 0002:0000c110       ??$addressof@$$CBU?$pair@$$CBW4Object_Type@@PEBVGameObject@@@std@@@std@@YAPEBU?$pair@$$CBW4Object_Type@@PEBVGameObject@@@0@AEBU10@@Z 0000000140020110 f i config.obj
 0002:0000c160       ??$addressof@$$CBV?$_Tree_val@U?$_Tree_simple_types@U?$pair@$$CBW4Object_Type@@PEBVGameObject@@@std@@@std@@@std@@@std@@YAPEBV?$_Tree_val@U?$_Tree_simple_types@U?$pair@$$CBW4Object_Type@@PEBVGameObject@@@std@@@std@@@0@AEBV10@@Z 0000000140020160 f i config.obj
 0002:0000c1b0       ??$addressof@PEAU?$_Tree_node@U?$pair@$$CBW4Object_Type@@PEBVGameObject@@@std@@PEAX@std@@@std@@YAPEAPEAU?$_Tree_node@U?$pair@$$CBW4Object_Type@@PEBVGameObject@@@std@@PEAX@0@AEAPEAU10@@Z 00000001400201b0 f i config.obj
 0002:0000c200       ??$addressof@U?$pair@$$CBW4Object_Type@@PEBVGameObject@@@std@@@std@@YAPEAU?$pair@$$CBW4Object_Type@@PEBVGameObject@@@0@AEAU10@@Z 0000000140020200 f i config.obj
 0002:0000c250       ??$addressof@V?$_Tree_val@U?$_Tree_simple_types@U?$pair@$$CBW4Object_Type@@PEBVGameObject@@@std@@@std@@@std@@@std@@YAPEAV?$_Tree_val@U?$_Tree_simple_types@U?$pair@$$CBW4Object_Type@@PEBVGameObject@@@std@@@std@@@0@AEAV10@@Z 0000000140020250 f i config.obj
 0002:0000c2a0       ??$addressof@V?$basic_string@DU?$char_traits@D@std@@V?$allocator@D@2@@std@@@std@@YAPEAV?$basic_string@DU?$char_traits@D@std@@V?$allocator@D@2@@0@AEAV10@@Z 00000001400202a0 f i config.obj
 0002:0000c2f0       ??$construct@PEAU?$_Tree_node@U?$pair@$$CBW4Object_Type@@PEBVGameObject@@@std@@PEAX@std@@AEAPEAU12@@?$_Default_allocator_traits@V?$allocator@U?$_Tree_node@U?$pair@$$CBW4Object_Type@@PEBVGameObject@@@std@@PEAX@std@@@std@@@std@@SAXAEAV?$allocator@U?$_Tree_node@U?$pair@$$CBW4Object_Type@@PEBVGameObject@@@std@@PEAX@std@@@1@QEAPEAU?$_Tree_node@U?$pair@$$CBW4Object_Type@@PEBVGameObject@@@std@@PEAX@1@AEAPEAU31@@Z 00000001400202f0 f i config.obj
 0002:0000c380       ??$construct@U?$pair@$$CBW4Object_Type@@PEBVGameObject@@@std@@AEBUpiecewise_construct_t@2@V?$tuple@$$QEAW4Object_Type@@@2@V?$tuple@$$V@2@@?$_Default_allocator_traits@V?$allocator@U?$_Tree_node@U?$pair@$$CBW4Object_Type@@PEBVGameObject@@@std@@PEAX@std@@@std@@@std@@SAXAEAV?$allocator@U?$_Tree_node@U?$pair@$$CBW4Object_Type@@PEBVGameObject@@@std@@PEAX@std@@@1@QEAU?$pair@$$CBW4Object_Type@@PEBVGameObject@@@1@AEBUpiecewise_construct_t@1@$$QEAV?$tuple@$$QEAW4Object_Type@@@1@$$QEAV?$tuple@$$V@1@@Z 0000000140020380 f i config.obj
 0002:0000c4b0       ??$destroy@PEAU?$_Tree_node@U?$pair@$$CBW4Object_Type@@PEBVGameObject@@@std@@PEAX@std@@@?$_Default_allocator_traits@V?$allocator@U?$_Tree_node@U?$pair@$$CBW4Object_Type@@PEBVGameObject@@@std@@PEAX@std@@@std@@@std@@SAXAEAV?$allocator@U?$_Tree_node@U?$pair@$$CBW4Object_Type@@PEBVGameObject@@@std@@PEAX@std@@@1@QEAPEAU?$_Tree_node@U?$pair@$$CBW4Object_Type@@PEBVGameObject@@@std@@PEAX@1@@Z 00000001400204b0 f i config.obj
 0002:0000c500       ??$destroy@U?$pair@$$CBW4Object_Type@@PEBVGameObject@@@std@@@?$_Default_allocator_traits@V?$allocator@U?$_Tree_node@U?$pair@$$CBW4Object_Type@@PEBVGameObject@@@std@@PEAX@std@@@std@@@std@@SAXAEAV?$allocator@U?$_Tree_node@U?$pair@$$CBW4Object_Type@@PEBVGameObject@@@std@@PEAX@std@@@1@QEAU?$pair@$$CBW4Object_Type@@PEBVGameObject@@@1@@Z 0000000140020500 f i config.obj
 0002:0000c550       ??$emplace_hint@AEBUpiecewise_construct_t@std@@V?$tuple@$$QEAW4Object_Type@@@2@V?$tuple@$$V@2@@?$_Tree@V?$_Tmap_traits@W4Object_Type@@PEBVGameObject@@U?$less@W4Object_Type@@@std@@V?$allocator@U?$pair@$$CBW4Object_Type@@PEBVGameObject@@@std@@@4@$0A@@std@@@std@@QEAA?AV?$_Tree_iterator@V?$_Tree_val@U?$_Tree_simple_types@U?$pair@$$CBW4Object_Type@@PEBVGameObject@@@std@@@std@@@std@@@1@V?$_Tree_const_iterator@V?$_Tree_val@U?$_Tree_simple_types@U?$pair@$$CBW4Object_Type@@PEBVGameObject@@@std@@@std@@@std@@@1@AEBUpiecewise_construct_t@1@$$QEAV?$tuple@$$QEAW4Object_Type@@@1@$$QEAV?$tuple@$$V@1@@Z 0000000140020550 f i config.obj
 0002:0000c6e0       ??$forward@$$QEAW4Object_Type@@@std@@YA$$QEAW4Object_Type@@AEAW41@@Z 00000001400206e0 f i config.obj
 0002:0000c730       ??$forward@AEAPEAU?$_Tree_node@U?$pair@$$CBW4Object_Type@@PEBVGameObject@@@std@@PEAX@std@@@std@@YAAEAPEAU?$_Tree_node@U?$pair@$$CBW4Object_Type@@PEBVGameObject@@@std@@PEAX@0@AEAPEAU10@@Z 0000000140020730 f i config.obj
 0002:0000c780       ??$forward@AEAU?$pair@$$CBW4Object_Type@@PEBVGameObject@@@std@@@std@@YAAEAU?$pair@$$CBW4Object_Type@@PEBVGameObject@@@0@AEAU10@@Z 0000000140020780 f i config.obj
 0002:0000c7d0       ??$forward@AEAV?$_Tree_iterator@V?$_Tree_val@U?$_Tree_simple_types@U?$pair@$$CBW4Object_Type@@PEBVGameObject@@@std@@@std@@@std@@@std@@@std@@YAAEAV?$_Tree_iterator@V?$_Tree_val@U?$_Tree_simple_types@U?$pair@$$CBW4Object_Type@@PEBVGameObject@@@std@@@std@@@std@@@0@AEAV10@@Z 00000001400207d0 f i config.obj
 0002:0000c820       ??$forward@AEBUpiecewise_construct_t@std@@@std@@YAAEBUpiecewise_construct_t@0@AEBU10@@Z 0000000140020820 f i config.obj
 0002:0000c870       ??$forward@AEBV?$allocator@D@std@@@std@@YAAEBV?$allocator@D@0@AEBV10@@Z 0000000140020870 f i config.obj
 0002:0000c8c0       ??$forward@V?$_Tree_iterator@V?$_Tree_val@U?$_Tree_simple_types@U?$pair@$$CBW4Object_Type@@PEBVGameObject@@@std@@@std@@@std@@@std@@@std@@YA$$QEAV?$_Tree_iterator@V?$_Tree_val@U?$_Tree_simple_types@U?$pair@$$CBW4Object_Type@@PEBVGameObject@@@std@@@std@@@std@@@0@AEAV10@@Z 00000001400208c0 f i config.obj
 0002:0000c910       ??$forward@V?$tuple@$$QEAW4Object_Type@@@std@@@std@@YA$$QEAV?$tuple@$$QEAW4Object_Type@@@0@AEAV10@@Z 0000000140020910 f i config.obj
 0002:0000c960       ??$forward@V?$tuple@$$V@std@@@std@@YA$$QEAV?$tuple@$$V@0@AEAV10@@Z 0000000140020960 f i config.obj
 0002:0000c9b0       ??$forward@W4Object_Type@@@std@@YA$$QEAW4Object_Type@@AEAW41@@Z 00000001400209b0 f i config.obj
 0002:0000ca00       ??$forward@_N@std@@YA$$QEA_NAEA_N@Z 0000000140020a00 f i config.obj
 0002:0000ca50       ??$forward_as_tuple@$$V@std@@YA?AV?$tuple@$$V@0@XZ 0000000140020a50 f i config.obj
 0002:0000cab0       ??$forward_as_tuple@W4Object_Type@@@std@@YA?AV?$tuple@$$QEAW4Object_Type@@@0@$$QEAW4Object_Type@@@Z 0000000140020ab0 f i config.obj
 0002:0000cb40       ??$get@$0A@$$QEAW4Object_Type@@@std@@YA$$QEAW4Object_Type@@$$QEAV?$tuple@$$QEAW4Object_Type@@@0@@Z 0000000140020b40 f i config.obj
 0002:0000cba0       ??$move@AEAV?$allocator@D@std@@@std@@YA$$QEAV?$allocator@D@0@AEAV10@@Z 0000000140020ba0 f i config.obj
 0002:0000cbf0       ??$move@AEAV?$basic_string@DU?$char_traits@D@std@@V?$allocator@D@2@@std@@@std@@YA$$QEAV?$basic_string@DU?$char_traits@D@std@@V?$allocator@D@2@@0@AEAV10@@Z 0000000140020bf0 f i config.obj
 0002:0000cc40       ??$move@AEAV?$tuple@$$QEAW4Object_Type@@@std@@@std@@YA$$QEAV?$tuple@$$QEAW4Object_Type@@@0@AEAV10@@Z 0000000140020c40 f i config.obj
 0002:0000cc90       ??$move@AEAW4Object_Type@@@std@@YA$$QEAW4Object_Type@@AEAW41@@Z 0000000140020c90 f i config.obj
 0002:0000cce0       ??$try_emplace@$$V@?$map@W4Object_Type@@PEBVGameObject@@U?$less@W4Object_Type@@@std@@V?$allocator@U?$pair@$$CBW4Object_Type@@PEBVGameObject@@@std@@@4@@std@@QEAA?AU?$pair@V?$_Tree_iterator@V?$_Tree_val@U?$_Tree_simple_types@U?$pair@$$CBW4Object_Type@@PEBVGameObject@@@std@@@std@@@std@@@std@@_N@1@$$QEAW4Object_Type@@@Z 0000000140020ce0 f i config.obj
 0002:0000cd80       ??0?$_Tree_const_iterator@V?$_Tree_val@U?$_Tree_simple_types@U?$pair@$$CBW4Object_Type@@PEBVGameObject@@@std@@@std@@@std@@@std@@QEAA@$$QEAV01@@Z 0000000140020d80 f i config.obj
 0002:0000cdf0       ??0?$_Tree_const_iterator@V?$_Tree_val@U?$_Tree_simple_types@U?$pair@$$CBW4Object_Type@@PEBVGameObject@@@std@@@std@@@std@@@std@@QEAA@AEBV01@@Z 0000000140020df0 f i config.obj
 0002:0000ce60       ??0?$_Tree_const_iterator@V?$_Tree_val@U?$_Tree_simple_types@U?$pair@$$CBW4Object_Type@@PEBVGameObject@@@std@@@std@@@std@@@std@@QEAA@PEAU?$_Tree_node@U?$pair@$$CBW4Object_Type@@PEBVGameObject@@@std@@PEAX@1@PEBV?$_Tree_val@U?$_Tree_simple_types@U?$pair@$$CBW4Object_Type@@PEBVGameObject@@@std@@@std@@@1@@Z 0000000140020e60 f i config.obj
 0002:0000cee0       ??0?$_Tree_const_iterator@V?$_Tree_val@U?$_Tree_simple_types@U?$pair@$$CBW4Object_Type@@PEBVGameObject@@@std@@@std@@@std@@@std@@QEAA@XZ 0000000140020ee0 f i config.obj
 0002:0000cf40       ??0?$_Tree_iterator@V?$_Tree_val@U?$_Tree_simple_types@U?$pair@$$CBW4Object_Type@@PEBVGameObject@@@std@@@std@@@std@@@std@@QEAA@$$QEAV01@@Z 0000000140020f40 f i config.obj
 0002:0000cfb0       ??0?$_Tree_iterator@V?$_Tree_val@U?$_Tree_simple_types@U?$pair@$$CBW4Object_Type@@PEBVGameObject@@@std@@@std@@@std@@@std@@QEAA@AEBV01@@Z 0000000140020fb0 f i config.obj
 0002:0000d020       ??0?$_Tree_iterator@V?$_Tree_val@U?$_Tree_simple_types@U?$pair@$$CBW4Object_Type@@PEBVGameObject@@@std@@@std@@@std@@@std@@QEAA@PEAU?$_Tree_node@U?$pair@$$CBW4Object_Type@@PEBVGameObject@@@std@@PEAX@1@PEBV?$_Tree_val@U?$_Tree_simple_types@U?$pair@$$CBW4Object_Type@@PEBVGameObject@@@std@@@std@@@1@@Z 0000000140021020 f i config.obj
 0002:0000d0a0       ??0?$_Tree_unchecked_const_iterator@V?$_Tree_val@U?$_Tree_simple_types@U?$pair@$$CBW4Object_Type@@PEBVGameObject@@@std@@@std@@@std@@U_Iterator_base12@2@@std@@QEAA@$$QEAV01@@Z 00000001400210a0 f i config.obj
 0002:0000d130       ??0?$_Tree_unchecked_const_iterator@V?$_Tree_val@U?$_Tree_simple_types@U?$pair@$$CBW4Object_Type@@PEBVGameObject@@@std@@@std@@@std@@U_Iterator_base12@2@@std@@QEAA@AEBV01@@Z 0000000140021130 f i config.obj
 0002:0000d1c0       ??0?$_Tree_unchecked_const_iterator@V?$_Tree_val@U?$_Tree_simple_types@U?$pair@$$CBW4Object_Type@@PEBVGameObject@@@std@@@std@@@std@@U_Iterator_base12@2@@std@@QEAA@PEAU?$_Tree_node@U?$pair@$$CBW4Object_Type@@PEBVGameObject@@@std@@PEAX@1@PEBV?$_Tree_val@U?$_Tree_simple_types@U?$pair@$$CBW4Object_Type@@PEBVGameObject@@@std@@@std@@@1@@Z 00000001400211c0 f i config.obj
 0002:0000d260       ??0?$_Tree_unchecked_const_iterator@V?$_Tree_val@U?$_Tree_simple_types@U?$pair@$$CBW4Object_Type@@PEBVGameObject@@@std@@@std@@@std@@U_Iterator_base12@2@@std@@QEAA@XZ 0000000140021260 f i config.obj
 0002:0000d2d0       ??0?$basic_string@DU?$char_traits@D@std@@V?$allocator@D@2@@std@@QEAA@AEBV01@_K1AEBV?$allocator@D@1@@Z 00000001400212d0 f i config.obj
 0002:0000d390       ??0?$tuple@$$QEAW4Object_Type@@@std@@QEAA@$$QEAV01@@Z 0000000140021390 f i config.obj
 0002:0000d410       ??0?$tuple@$$V@std@@QEAA@AEBV01@@Z 0000000140021410 f i config.obj
 0002:0000d460       ??0?$tuple@$$V@std@@QEAA@XZ 0000000140021460 f i config.obj
 0002:0000d4b0       ??0_Iterator_base12@std@@QEAA@AEBU01@@Z 00000001400214b0 f i config.obj
 0002:0000d540       ??0_Iterator_base12@std@@QEAA@XZ 0000000140021540 f i config.obj
 0002:0000d5b0       ??1?$_Tree_const_iterator@V?$_Tree_val@U?$_Tree_simple_types@U?$pair@$$CBW4Object_Type@@PEBVGameObject@@@std@@@std@@@std@@@std@@QEAA@XZ 00000001400215b0 f i config.obj
 0002:0000d600       ??1?$_Tree_iterator@V?$_Tree_val@U?$_Tree_simple_types@U?$pair@$$CBW4Object_Type@@PEBVGameObject@@@std@@@std@@@std@@@std@@QEAA@XZ 0000000140021600 f i config.obj
 0002:0000d650       ??1?$_Tree_unchecked_const_iterator@V?$_Tree_val@U?$_Tree_simple_types@U?$pair@$$CBW4Object_Type@@PEBVGameObject@@@std@@@std@@@std@@U_Iterator_base12@2@@std@@QEAA@XZ 0000000140021650 f i config.obj
 0002:0000d6a0       ??1?$pair@V?$_Tree_iterator@V?$_Tree_val@U?$_Tree_simple_types@U?$pair@$$CBW4Object_Type@@PEBVGameObject@@@std@@@std@@@std@@@std@@_N@std@@QEAA@XZ 00000001400216a0 f i config.obj
 0002:0000d700       ??1_Iterator_base12@std@@QEAA@XZ 0000000140021700 f i config.obj
 0002:0000d7a0       ??4?$_Tree_const_iterator@V?$_Tree_val@U?$_Tree_simple_types@U?$pair@$$CBW4Object_Type@@PEBVGameObject@@@std@@@std@@@std@@@std@@QEAAAEAV01@AEBV01@@Z 00000001400217a0 f i config.obj
 0002:0000d810       ??4?$_Tree_unchecked_const_iterator@V?$_Tree_val@U?$_Tree_simple_types@U?$pair@$$CBW4Object_Type@@PEBVGameObject@@@std@@@std@@@std@@U_Iterator_base12@2@@std@@QEAAAEAV01@AEBV01@@Z 0000000140021810 f i config.obj
 0002:0000d8a0       ??4?$basic_string@DU?$char_traits@D@std@@V?$allocator@D@2@@std@@QEAAAEAV01@$$QEAV01@@Z 00000001400218a0 f i config.obj
 0002:0000d9a0       ??4_Iterator_base12@std@@QEAAAEAU01@AEBU01@@Z 00000001400219a0 f i config.obj
 0002:0000daa0       ??8?$_Tree_const_iterator@V?$_Tree_val@U?$_Tree_simple_types@U?$pair@$$CBW4Object_Type@@PEBVGameObject@@@std@@@std@@@std@@@std@@QEBA_NAEBV01@@Z 0000000140021aa0 f i config.obj
 0002:0000dbc0       ??A?$map@W4Object_Type@@PEBVGameObject@@U?$less@W4Object_Type@@@std@@V?$allocator@U?$pair@$$CBW4Object_Type@@PEBVGameObject@@@std@@@4@@std@@QEAAAEAPEBVGameObject@@$$QEAW4Object_Type@@@Z 0000000140021bc0 f i config.obj
 0002:0000dca0       ??C?$_Tree_const_iterator@V?$_Tree_val@U?$_Tree_simple_types@U?$pair@$$CBW4Object_Type@@PEBVGameObject@@@std@@@std@@@std@@@std@@QEBAPEBU?$pair@$$CBW4Object_Type@@PEBVGameObject@@@1@XZ 0000000140021ca0 f i config.obj
 0002:0000dd00       ??C?$_Tree_iterator@V?$_Tree_val@U?$_Tree_simple_types@U?$pair@$$CBW4Object_Type@@PEBVGameObject@@@std@@@std@@@std@@@std@@QEBAPEAU?$pair@$$CBW4Object_Type@@PEBVGameObject@@@1@XZ 0000000140021d00 f i config.obj
 0002:0000dd60       ??D?$_Tree_const_iterator@V?$_Tree_val@U?$_Tree_simple_types@U?$pair@$$CBW4Object_Type@@PEBVGameObject@@@std@@@std@@@std@@@std@@QEBAAEBU?$pair@$$CBW4Object_Type@@PEBVGameObject@@@1@XZ 0000000140021d60 f i config.obj
 0002:0000de50       ??D?$_Tree_iterator@V?$_Tree_val@U?$_Tree_simple_types@U?$pair@$$CBW4Object_Type@@PEBVGameObject@@@std@@@std@@@std@@@std@@QEBAAEAU?$pair@$$CBW4Object_Type@@PEBVGameObject@@@1@XZ 0000000140021e50 f i config.obj
 0002:0000dea0       ??E?$_Tree_const_iterator@V?$_Tree_val@U?$_Tree_simple_types@U?$pair@$$CBW4Object_Type@@PEBVGameObject@@@std@@@std@@@std@@@std@@QEAAAEAV01@XZ 0000000140021ea0 f i config.obj
 0002:0000df90       ??E?$_Tree_unchecked_const_iterator@V?$_Tree_val@U?$_Tree_simple_types@U?$pair@$$CBW4Object_Type@@PEBVGameObject@@@std@@@std@@@std@@U_Iterator_base12@2@@std@@QEAAAEAV01@XZ 0000000140021f90 f i config.obj
 0002:0000e0b0       ??F?$_Tree_const_iterator@V?$_Tree_val@U?$_Tree_simple_types@U?$pair@$$CBW4Object_Type@@PEBVGameObject@@@std@@@std@@@std@@@std@@QEAAAEAV01@XZ 00000001400220b0 f i config.obj
 0002:0000e200       ??F?$_Tree_iterator@V?$_Tree_val@U?$_Tree_simple_types@U?$pair@$$CBW4Object_Type@@PEBVGameObject@@@std@@@std@@@std@@@std@@QEAAAEAV01@XZ 0000000140022200 f i config.obj
 0002:0000e260       ??F?$_Tree_unchecked_const_iterator@V?$_Tree_val@U?$_Tree_simple_types@U?$pair@$$CBW4Object_Type@@PEBVGameObject@@@std@@@std@@@std@@U_Iterator_base12@2@@std@@QEAAAEAV01@XZ 0000000140022260 f i config.obj
 0002:0000e460       ??R?$less@W4Object_Type@@@std@@QEBA_NAEBW4Object_Type@@0@Z 0000000140022460 f i config.obj
 0002:0000e4f0       ?Create_Object@ConfigManager@@QEBAPEAVGameObject@@W4Object_Type@@@Z 00000001400224f0 f   config.obj
 0002:0000e680       ?Get_Word_Pos_End@Config_Parser@@YAPEBDPEBD@Z 0000000140022680 f   config.obj
 0002:0000e760       ?Is_Comment_Line@Config_Parser@@YA_NPEBD@Z 0000000140022760 f   config.obj
 0002:0000e7f0       ?Load@ConfigManager@@QEAA_NPEBD@Z 00000001400227f0 f   config.obj
 0002:0000e980       ?Read@Config_Parser@@YAPEBDPEBDAEAH@Z 0000000140022980 f   config.obj
 0002:0000eb10       ?Read@Config_Parser@@YAPEBDPEBDAEAM@Z 0000000140022b10 f   config.obj
 0002:0000eca0       ?Read@Config_Parser@@YAPEBDPEBDAEAV?$basic_string@DU?$char_traits@D@std@@V?$allocator@D@2@@std@@@Z 0000000140022ca0 f   config.obj
 0002:0000ee10       ?Read_Line@ConfigManager@@AEBA_KPEAU_iobuf@@PEAD_K@Z 0000000140022e10 f   config.obj
 0002:0000ef60       ?_Adopt@_Iterator_base12@std@@QEAAXPEBU_Container_base12@2@@Z 0000000140022f60 f i config.obj
 0002:0000f0a0       ?_Assign_rv_contents@?$basic_string@DU?$char_traits@D@std@@V?$allocator@D@2@@std@@QEAAX$$QEAV12@U?$integral_constant@_N$00@2@@Z 00000001400230a0 f i config.obj
 0002:0000f140       ?_Assign_rv_contents_with_alloc_always_equal@?$basic_string@DU?$char_traits@D@std@@V?$allocator@D@2@@std@@QEAAX$$QEAV12@U?$integral_constant@_N$00@2@@Z 0000000140023140 f i config.obj
 0002:0000f260       ?_Buynode0@?$_Tree_comp_alloc@V?$_Tmap_traits@W4Object_Type@@PEBVGameObject@@U?$less@W4Object_Type@@@std@@V?$allocator@U?$pair@$$CBW4Object_Type@@PEBVGameObject@@@std@@@4@$0A@@std@@@std@@QEAAPEAU?$_Tree_node@U?$pair@$$CBW4Object_Type@@PEBVGameObject@@@std@@PEAX@2@XZ 0000000140023260 f i config.obj
 0002:0000f3b0       ?_Check_offset@?$_String_val@U?$_Simple_types@D@std@@@std@@QEBAX_K@Z 00000001400233b0 f i config.obj
 0002:0000f420       ?_Clamp_suffix_size@?$_String_val@U?$_Simple_types@D@std@@@std@@QEBA_K_K0@Z 0000000140023420 f i config.obj
 0002:0000f4b0       ?_Compare@?$_Tree@V?$_Tmap_traits@W4Object_Type@@PEBVGameObject@@U?$less@W4Object_Type@@@std@@V?$allocator@U?$pair@$$CBW4Object_Type@@PEBVGameObject@@@std@@@4@$0A@@std@@@std@@IEBA_NAEBW4Object_Type@@0@Z 00000001400234b0 f i config.obj
 0002:0000f540       ?_Destroy_if_node@?$_Tree@V?$_Tmap_traits@W4Object_Type@@PEBVGameObject@@U?$less@W4Object_Type@@@std@@V?$allocator@U?$pair@$$CBW4Object_Type@@PEBVGameObject@@@std@@@4@$0A@@std@@@std@@IEAAXPEAU?$_Tree_node@U?$pair@$$CBW4Object_Type@@PEBVGameObject@@@std@@PEAX@2@@Z 0000000140023540 f i config.obj
 0002:0000f5e0       ?_Freenode0@?$_Tree_comp_alloc@V?$_Tmap_traits@W4Object_Type@@PEBVGameObject@@U?$less@W4Object_Type@@@std@@V?$allocator@U?$pair@$$CBW4Object_Type@@PEBVGameObject@@@std@@@4@$0A@@std@@@std@@QEAAXPEAU?$_Tree_node@U?$pair@$$CBW4Object_Type@@PEBVGameObject@@@std@@PEAX@2@@Z 00000001400235e0 f i config.obj
 0002:0000f650       ?_Get_data@?$_Tree_comp_alloc@V?$_Tmap_traits@W4Object_Type@@PEBVGameObject@@U?$less@W4Object_Type@@@std@@V?$allocator@U?$pair@$$CBW4Object_Type@@PEBVGameObject@@@std@@@4@$0A@@std@@@std@@QEAAAEAV?$_Tree_val@U?$_Tree_simple_types@U?$pair@$$CBW4Object_Type@@PEBVGameObject@@@std@@@std@@@2@XZ 0000000140023650 f i config.obj
 0002:0000f6b0       ?_Get_data@?$_Tree_comp_alloc@V?$_Tmap_traits@W4Object_Type@@PEBVGameObject@@U?$less@W4Object_Type@@@std@@V?$allocator@U?$pair@$$CBW4Object_Type@@PEBVGameObject@@@std@@@4@$0A@@std@@@std@@QEBAAEBV?$_Tree_val@U?$_Tree_simple_types@U?$pair@$$CBW4Object_Type@@PEBVGameObject@@@std@@@std@@@2@XZ 00000001400236b0 f i config.obj
 0002:0000f710       ?_Get_first@?$_Compressed_pair@U?$less@W4Object_Type@@@std@@V?$_Compressed_pair@V?$allocator@U?$_Tree_node@U?$pair@$$CBW4Object_Type@@PEBVGameObject@@@std@@PEAX@std@@@std@@V?$_Tree_val@U?$_Tree_simple_types@U?$pair@$$CBW4Object_Type@@PEBVGameObject@@@std@@@std@@@2@$00@2@$00@std@@QEAAAEAU?$less@W4Object_Type@@@2@XZ 0000000140023710 f i config.obj
 0002:0000f760       ?_Get_first@?$_Compressed_pair@U?$less@W4Object_Type@@@std@@V?$_Compressed_pair@V?$allocator@U?$_Tree_node@U?$pair@$$CBW4Object_Type@@PEBVGameObject@@@std@@PEAX@std@@@std@@V?$_Tree_val@U?$_Tree_simple_types@U?$pair@$$CBW4Object_Type@@PEBVGameObject@@@std@@@std@@@2@$00@2@$00@std@@QEBAAEBU?$less@W4Object_Type@@@2@XZ 0000000140023760 f i config.obj
 0002:0000f7b0       ?_Get_first@?$_Compressed_pair@V?$allocator@U?$_Tree_node@U?$pair@$$CBW4Object_Type@@PEBVGameObject@@@std@@PEAX@std@@@std@@V?$_Tree_val@U?$_Tree_simple_types@U?$pair@$$CBW4Object_Type@@PEBVGameObject@@@std@@@std@@@2@$00@std@@QEAAAEAV?$allocator@U?$_Tree_node@U?$pair@$$CBW4Object_Type@@PEBVGameObject@@@std@@PEAX@std@@@2@XZ 00000001400237b0 f i config.obj
 0002:0000f800       ?_Get_first@?$_Compressed_pair@V?$allocator@U?$_Tree_node@U?$pair@$$CBW4Object_Type@@PEBVGameObject@@@std@@PEAX@std@@@std@@V?$_Tree_val@U?$_Tree_simple_types@U?$pair@$$CBW4Object_Type@@PEBVGameObject@@@std@@@std@@@2@$00@std@@QEBAAEBV?$allocator@U?$_Tree_node@U?$pair@$$CBW4Object_Type@@PEBVGameObject@@@std@@PEAX@std@@@2@XZ 0000000140023800 f i config.obj
 0002:0000f850       ?_Get_second@?$_Compressed_pair@U?$less@W4Object_Type@@@std@@V?$_Compressed_pair@V?$allocator@U?$_Tree_node@U?$pair@$$CBW4Object_Type@@PEBVGameObject@@@std@@PEAX@std@@@std@@V?$_Tree_val@U?$_Tree_simple_types@U?$pair@$$CBW4Object_Type@@PEBVGameObject@@@std@@@std@@@2@$00@2@$00@std@@QEAAAEAV?$_Compressed_pair@V?$allocator@U?$_Tree_node@U?$pair@$$CBW4Object_Type@@PEBVGameObject@@@std@@PEAX@std@@@std@@V?$_Tree_val@U?$_Tree_simple_types@U?$pair@$$CBW4Object_Type@@PEBVGameObject@@@std@@@std@@@2@$00@2@XZ 0000000140023850 f i config.obj
 0002:0000f8a0       ?_Get_second@?$_Compressed_pair@U?$less@W4Object_Type@@@std@@V?$_Compressed_pair@V?$allocator@U?$_Tree_node@U?$pair@$$CBW4Object_Type@@PEBVGameObject@@@std@@PEAX@std@@@std@@V?$_Tree_val@U?$_Tree_simple_types@U?$pair@$$CBW4Object_Type@@PEBVGameObject@@@std@@@std@@@2@$00@2@$00@std@@QEBAAEBV?$_Compressed_pair@V?$allocator@U?$_Tree_node@U?$pair@$$CBW4Object_Type@@PEBVGameObject@@@std@@PEAX@std@@@std@@V?$_Tree_val@U?$_Tree_simple_types@U?$pair@$$CBW4Object_Type@@PEBVGameObject@@@std@@@std@@@2@$00@2@XZ 00000001400238a0 f i config.obj
 0002:0000f8f0       ?_Get_second@?$_Compressed_pair@V?$allocator@U?$_Tree_node@U?$pair@$$CBW4Object_Type@@PEBVGameObject@@@std@@PEAX@std@@@std@@V?$_Tree_val@U?$_Tree_simple_types@U?$pair@$$CBW4Object_Type@@PEBVGameObject@@@std@@@std@@@2@$00@std@@QEAAAEAV?$_Tree_val@U?$_Tree_simple_types@U?$pair@$$CBW4Object_Type@@PEBVGameObject@@@std@@@std@@@2@XZ 00000001400238f0 f i config.obj
 0002:0000f940       ?_Get_second@?$_Compressed_pair@V?$allocator@U?$_Tree_node@U?$pair@$$CBW4Object_Type@@PEBVGameObject@@@std@@PEAX@std@@@std@@V?$_Tree_val@U?$_Tree_simple_types@U?$pair@$$CBW4Object_Type@@PEBVGameObject@@@std@@@std@@@2@$00@std@@QEBAAEBV?$_Tree_val@U?$_Tree_simple_types@U?$pair@$$CBW4Object_Type@@PEBVGameObject@@@std@@@std@@@2@XZ 0000000140023940 f i config.obj
 0002:0000f990       ?_Getal@?$_Tree_comp_alloc@V?$_Tmap_traits@W4Object_Type@@PEBVGameObject@@U?$less@W4Object_Type@@@std@@V?$allocator@U?$pair@$$CBW4Object_Type@@PEBVGameObject@@@std@@@4@$0A@@std@@@std@@QEAAAEAV?$allocator@U?$_Tree_node@U?$pair@$$CBW4Object_Type@@PEBVGameObject@@@std@@PEAX@std@@@2@XZ 0000000140023990 f i config.obj
 0002:0000f9f0       ?_Getal@?$_Tree_comp_alloc@V?$_Tmap_traits@W4Object_Type@@PEBVGameObject@@U?$less@W4Object_Type@@@std@@V?$allocator@U?$pair@$$CBW4Object_Type@@PEBVGameObject@@@std@@@4@$0A@@std@@@std@@QEBAAEBV?$allocator@U?$_Tree_node@U?$pair@$$CBW4Object_Type@@PEBVGameObject@@@std@@PEAX@std@@@2@XZ 00000001400239f0 f i config.obj
 0002:0000fa50       ?_Getcomp@?$_Tree_comp_alloc@V?$_Tmap_traits@W4Object_Type@@PEBVGameObject@@U?$less@W4Object_Type@@@std@@V?$allocator@U?$pair@$$CBW4Object_Type@@PEBVGameObject@@@std@@@4@$0A@@std@@@std@@QEAAAEAU?$less@W4Object_Type@@@2@XZ 0000000140023a50 f i config.obj
 0002:0000fab0       ?_Getcomp@?$_Tree_comp_alloc@V?$_Tmap_traits@W4Object_Type@@PEBVGameObject@@U?$less@W4Object_Type@@@std@@V?$allocator@U?$pair@$$CBW4Object_Type@@PEBVGameObject@@@std@@@4@$0A@@std@@@std@@QEBAAEBU?$less@W4Object_Type@@@2@XZ 0000000140023ab0 f i config.obj
 0002:0000fb10       ?_Getcont@_Iterator_base12@std@@QEBAPEBU_Container_base12@2@XZ 0000000140023b10 f i config.obj
 0002:0000fb90       ?_Key@?$_Tree@V?$_Tmap_traits@W4Object_Type@@PEBVGameObject@@U?$less@W4Object_Type@@@std@@V?$allocator@U?$pair@$$CBW4Object_Type@@PEBVGameObject@@@std@@@4@$0A@@std@@@std@@IEBAAEBW4Object_Type@@PEAU?$_Tree_node@U?$pair@$$CBW4Object_Type@@PEBVGameObject@@@std@@PEAX@2@@Z 0000000140023b90 f i config.obj
 0002:0000fc00       ?_Kfn@?$_Tree@V?$_Tmap_traits@W4Object_Type@@PEBVGameObject@@U?$less@W4Object_Type@@@std@@V?$allocator@U?$pair@$$CBW4Object_Type@@PEBVGameObject@@@std@@@4@$0A@@std@@@std@@IEBAAEBW4Object_Type@@AEBU?$pair@$$CBW4Object_Type@@PEBVGameObject@@@2@@Z 0000000140023c00 f i config.obj
 0002:0000fc60       ?_Lmost@?$_Tree_val@U?$_Tree_simple_types@U?$pair@$$CBW4Object_Type@@PEBVGameObject@@@std@@@std@@@std@@QEBAAEAPEAU?$_Tree_node@U?$pair@$$CBW4Object_Type@@PEBVGameObject@@@std@@PEAX@2@XZ 0000000140023c60 f i config.obj
 0002:0000fcb0       ?_Lrotate@?$_Tree_val@U?$_Tree_simple_types@U?$pair@$$CBW4Object_Type@@PEBVGameObject@@@std@@@std@@@std@@QEAAXPEAU?$_Tree_node@U?$pair@$$CBW4Object_Type@@PEBVGameObject@@@std@@PEAX@2@@Z 0000000140023cb0 f i config.obj
 0002:0000fe10       ?_Max@?$_Tree_val@U?$_Tree_simple_types@U?$pair@$$CBW4Object_Type@@PEBVGameObject@@@std@@@std@@@std@@SAPEAU?$_Tree_node@U?$pair@$$CBW4Object_Type@@PEBVGameObject@@@std@@PEAX@2@PEAU32@@Z 0000000140023e10 f i config.obj
 0002:0000fe90       ?_Min@?$_Tree_val@U?$_Tree_simple_types@U?$pair@$$CBW4Object_Type@@PEBVGameObject@@@std@@@std@@@std@@SAPEAU?$_Tree_node@U?$pair@$$CBW4Object_Type@@PEBVGameObject@@@std@@PEAX@2@PEAU32@@Z 0000000140023e90 f i config.obj
 0002:0000ff10       ?_Move_alloc@?$_String_alloc@U?$_String_base_types@DV?$allocator@D@std@@@std@@@std@@QEAAXAEAV?$allocator@D@2@@Z 0000000140023f10 f i config.obj
 0002:00010000       ?_Myptr@?$_String_val@U?$_Simple_types@D@std@@@std@@QEBAPEBDXZ 0000000140024000 f i config.obj
 0002:00010090       ?_Orphan_me@_Iterator_base12@std@@QEAAXXZ 0000000140024090 f i config.obj
 0002:000101d0       ?_Rmost@?$_Tree_val@U?$_Tree_simple_types@U?$pair@$$CBW4Object_Type@@PEBVGameObject@@@std@@@std@@@std@@QEBAAEAPEAU?$_Tree_node@U?$pair@$$CBW4Object_Type@@PEBVGameObject@@@std@@PEAX@2@XZ 00000001400241d0 f i config.obj
 0002:00010230       ?_Root@?$_Tree_val@U?$_Tree_simple_types@U?$pair@$$CBW4Object_Type@@PEBVGameObject@@@std@@@std@@@std@@QEBAAEAPEAU?$_Tree_node@U?$pair@$$CBW4Object_Type@@PEBVGameObject@@@std@@PEAX@2@XZ 0000000140024230 f i config.obj
 0002:00010290       ?_Rrotate@?$_Tree_val@U?$_Tree_simple_types@U?$pair@$$CBW4Object_Type@@PEBVGameObject@@@std@@@std@@@std@@QEAAXPEAU?$_Tree_node@U?$pair@$$CBW4Object_Type@@PEBVGameObject@@@std@@PEAX@2@@Z 0000000140024290 f i config.obj
 0002:000103f0       ?_Swap_all@?$_String_alloc@U?$_String_base_types@DV?$allocator@D@std@@@std@@@std@@QEAAXAEAV12@@Z 00000001400243f0 f i config.obj
 0002:00010480       ?_Swap_all@_Container_base12@std@@QEAAXAEAU12@@Z 0000000140024480 f i config.obj
 0002:000105a0       ?_Xran@?$_String_val@U?$_Simple_types@D@std@@@std@@SAXXZ 00000001400245a0 f i config.obj
 0002:000105f0       ?allocate@?$allocator@U?$_Tree_node@U?$pair@$$CBW4Object_Type@@PEBVGameObject@@@std@@PEAX@std@@@std@@QEAAPEAU?$_Tree_node@U?$pair@$$CBW4Object_Type@@PEBVGameObject@@@std@@PEAX@2@_K@Z 00000001400245f0 f i config.obj
 0002:00010650       ?assign@?$basic_string@DU?$char_traits@D@std@@V?$allocator@D@2@@std@@QEAAAEAV12@AEBV12@_K_K@Z 0000000140024650 f i config.obj
 0002:00010720       ?begin@?$_Tree@V?$_Tmap_traits@W4Object_Type@@PEBVGameObject@@U?$less@W4Object_Type@@@std@@V?$allocator@U?$pair@$$CBW4Object_Type@@PEBVGameObject@@@std@@@4@$0A@@std@@@std@@QEAA?AV?$_Tree_iterator@V?$_Tree_val@U?$_Tree_simple_types@U?$pair@$$CBW4Object_Type@@PEBVGameObject@@@std@@@std@@@std@@@2@XZ 0000000140024720 f i config.obj
 0002:000107e0       ?c_str@?$basic_string@DU?$char_traits@D@std@@V?$allocator@D@2@@std@@QEBAPEBDXZ 00000001400247e0 f i config.obj
 0002:00010850       ?deallocate@?$_Default_allocator_traits@V?$allocator@U?$_Tree_node@U?$pair@$$CBW4Object_Type@@PEBVGameObject@@@std@@PEAX@std@@@std@@@std@@SAXAEAV?$allocator@U?$_Tree_node@U?$pair@$$CBW4Object_Type@@PEBVGameObject@@@std@@PEAX@std@@@2@QEAU?$_Tree_node@U?$pair@$$CBW4Object_Type@@PEBVGameObject@@@std@@PEAX@2@_K@Z 0000000140024850 f i config.obj
 0002:000108c0       ?deallocate@?$allocator@U?$_Tree_node@U?$pair@$$CBW4Object_Type@@PEBVGameObject@@@std@@PEAX@std@@@std@@QEAAXQEAU?$_Tree_node@U?$pair@$$CBW4Object_Type@@PEBVGameObject@@@std@@PEAX@2@_K@Z 00000001400248c0 f i config.obj
 0002:00010930       ?end@?$_Tree@V?$_Tmap_traits@W4Object_Type@@PEBVGameObject@@U?$less@W4Object_Type@@@std@@V?$allocator@U?$pair@$$CBW4Object_Type@@PEBVGameObject@@@std@@@4@$0A@@std@@@std@@QEAA?AV?$_Tree_iterator@V?$_Tree_val@U?$_Tree_simple_types@U?$pair@$$CBW4Object_Type@@PEBVGameObject@@@std@@@std@@@std@@@2@XZ 0000000140024930 f i config.obj
 0002:000109d0       ?end@?$_Tree@V?$_Tmap_traits@W4Object_Type@@PEBVGameObject@@U?$less@W4Object_Type@@@std@@V?$allocator@U?$pair@$$CBW4Object_Type@@PEBVGameObject@@@std@@@4@$0A@@std@@@std@@QEBA?AV?$_Tree_const_iterator@V?$_Tree_val@U?$_Tree_simple_types@U?$pair@$$CBW4Object_Type@@PEBVGameObject@@@std@@@std@@@std@@@2@XZ 00000001400249d0 f i config.obj
 0002:00010a70       ?find@?$_Tree@V?$_Tmap_traits@W4Object_Type@@PEBVGameObject@@U?$less@W4Object_Type@@@std@@V?$allocator@U?$pair@$$CBW4Object_Type@@PEBVGameObject@@@std@@@4@$0A@@std@@@std@@QEBA?AV?$_Tree_const_iterator@V?$_Tree_val@U?$_Tree_simple_types@U?$pair@$$CBW4Object_Type@@PEBVGameObject@@@std@@@std@@@std@@@2@AEBW4Object_Type@@@Z 0000000140024a70 f i config.obj
 0002:00010d40       ?lower_bound@?$_Tree@V?$_Tmap_traits@W4Object_Type@@PEBVGameObject@@U?$less@W4Object_Type@@@std@@V?$allocator@U?$pair@$$CBW4Object_Type@@PEBVGameObject@@@std@@@4@$0A@@std@@@std@@QEAA?AV?$_Tree_iterator@V?$_Tree_val@U?$_Tree_simple_types@U?$pair@$$CBW4Object_Type@@PEBVGameObject@@@std@@@std@@@std@@@2@AEBW4Object_Type@@@Z 0000000140024d40 f i config.obj
 0002:00010e10       ?lower_bound@?$_Tree@V?$_Tmap_traits@W4Object_Type@@PEBVGameObject@@U?$less@W4Object_Type@@@std@@V?$allocator@U?$pair@$$CBW4Object_Type@@PEBVGameObject@@@std@@@4@$0A@@std@@@std@@QEBA?AV?$_Tree_const_iterator@V?$_Tree_val@U?$_Tree_simple_types@U?$pair@$$CBW4Object_Type@@PEBVGameObject@@@std@@@std@@@std@@@2@AEBW4Object_Type@@@Z 0000000140024e10 f i config.obj
 0002:00010ee0       ?max_size@?$_Default_allocator_traits@V?$allocator@U?$_Tree_node@U?$pair@$$CBW4Object_Type@@PEBVGameObject@@@std@@PEAX@std@@@std@@@std@@SA_KAEBV?$allocator@U?$_Tree_node@U?$pair@$$CBW4Object_Type@@PEBVGameObject@@@std@@PEAX@std@@@2@@Z 0000000140024ee0 f i config.obj
 0002:00010f30       ?max_size@?$_Tree@V?$_Tmap_traits@W4Object_Type@@PEBVGameObject@@U?$less@W4Object_Type@@@std@@V?$allocator@U?$pair@$$CBW4Object_Type@@PEBVGameObject@@@std@@@4@$0A@@std@@@std@@QEBA_KXZ 0000000140024f30 f i config.obj
 0002:00010f90       ?pointer_to@?$pointer_traits@PEAU?$pair@$$CBW4Object_Type@@PEBVGameObject@@@std@@@std@@SAPEAU?$pair@$$CBW4Object_Type@@PEBVGameObject@@@2@AEAU32@@Z 0000000140024f90 f i config.obj
 0002:00010fe0       ?pointer_to@?$pointer_traits@PEBU?$pair@$$CBW4Object_Type@@PEBVGameObject@@@std@@@std@@SAPEBU?$pair@$$CBW4Object_Type@@PEBVGameObject@@@2@AEBU32@@Z 0000000140024fe0 f i config.obj
 0002:00011030       ?size@?$_Tree@V?$_Tmap_traits@W4Object_Type@@PEBVGameObject@@U?$less@W4Object_Type@@@std@@V?$allocator@U?$pair@$$CBW4Object_Type@@PEBVGameObject@@@std@@@4@$0A@@std@@@std@@QEBA_KXZ 0000000140025030 f i config.obj
 0002:00011090       ?stof@std@@YAMAEBV?$basic_string@DU?$char_traits@D@std@@V?$allocator@D@2@@1@PEA_K@Z 0000000140025090 f i config.obj
 0002:000111b0       ?stoi@std@@YAHAEBV?$basic_string@DU?$char_traits@D@std@@V?$allocator@D@2@@1@PEA_KH@Z 00000001400251b0 f i config.obj
 0002:000112e0       __local_stdio_printf_options 00000001400252e0 f i config.obj
 0002:00011320       _vfprintf_l                0000000140025320 f i config.obj
 0002:000113b0       printf                     00000001400253b0 f i config.obj
 0002:00011470       ??0?$Container@VGameObject@@@@QEAA@AEBV?$Vector2@M@sf@@0@Z 0000000140025470 f i container.obj
 0002:00011530       ??0?$Container@VWidget@@@@QEAA@AEBV?$Vector2@M@sf@@0@Z 0000000140025530 f i container.obj
 0002:000115f0       ??1?$Container@VGameObject@@@@UEAA@XZ 00000001400255f0 f i container.obj
 0002:000116b0       ??1?$Container@VWidget@@@@UEAA@XZ 00000001400256b0 f i container.obj
 0002:00011770       ??_G?$Container@VGameObject@@@@UEAAPEAXI@Z 0000000140025770 f i container.obj
 0002:00011770       ??_E?$Container@VGameObject@@@@UEAAPEAXI@Z 0000000140025770 f i container.obj
 0002:00011800       ??_E?$Container@VWidget@@@@UEAAPEAXI@Z 0000000140025800 f i container.obj
 0002:00011800       ??_G?$Container@VWidget@@@@UEAAPEAXI@Z 0000000140025800 f i container.obj
 0002:00011890       ?AddWidget@?$Container@VGameObject@@@@QEAAXPEAVGameObject@@@Z 0000000140025890 f i container.obj
 0002:00011a40       ?AddWidget@?$Container@VWidget@@@@QEAAXPEAVWidget@@@Z 0000000140025a40 f i container.obj
 0002:00011bf0       ?Draw@?$Container@VGameObject@@@@UEAAXPEAVRenderWindow@sf@@@Z 0000000140025bf0 f i container.obj
 0002:00011cd0       ?Draw@?$Container@VWidget@@@@UEAAXPEAVRenderWindow@sf@@@Z 0000000140025cd0 f i container.obj
 0002:00011db0       ?GetWidget@?$Container@VGameObject@@@@QEBAPEAVGameObject@@_K@Z 0000000140025db0 f i container.obj
 0002:00011e50       ?GetWidget@?$Container@VWidget@@@@QEBAPEAVWidget@@_K@Z 0000000140025e50 f i container.obj
 0002:00011ef0       ?GetWidgetsCount@?$Container@VGameObject@@@@QEBA_KXZ 0000000140025ef0 f i container.obj
 0002:00011f40       ?GetWidgetsCount@?$Container@VWidget@@@@QEBA_KXZ 0000000140025f40 f i container.obj
 0002:00011f90       ?HandleEvent@?$Container@VGameObject@@@@UEAAXAEBVEvent@sf@@@Z 0000000140025f90 f i container.obj
 0002:00011fe0       ?HandleEvent@?$Container@VWidget@@@@UEAAXAEBVEvent@sf@@@Z 0000000140025fe0 f   container.obj
 0002:000120b0       ?RemoveWidget@?$Container@VGameObject@@@@QEAA_NPEAVGameObject@@@Z 00000001400260b0 f i container.obj
 0002:00012270       ?RemoveWidget@?$Container@VWidget@@@@QEAA_NPEAVWidget@@@Z 0000000140026270 f i container.obj
 0002:00012430       ?SetPos@?$Container@VGameObject@@@@UEAAXAEBV?$Vector2@M@sf@@@Z 0000000140026430 f i container.obj
 0002:000124f0       ?SetPos@?$Container@VWidget@@@@UEAAXAEBV?$Vector2@M@sf@@@Z 00000001400264f0 f i container.obj
 0002:000125b0       ?Update@?$Container@VGameObject@@@@UEAAXAEBVTime@sf@@@Z 00000001400265b0 f i container.obj
 0002:00012680       ?Update@?$Container@VWidget@@@@UEAAXAEBVTime@sf@@@Z 0000000140026680 f i container.obj
 0002:00012750       ??$?0$$V@?$_Compressed_pair@V?$allocator@PEAV?$Container@VWidget@@@@@std@@V?$_Vector_val@U?$_Simple_types@PEAV?$Container@VWidget@@@@@std@@@2@$00@std@@QEAA@U_Zero_then_variadic_args_t@1@@Z 0000000140026750 f i engine.obj
 0002:000127c0       ??$?0$$V@?$_Compressed_pair@V?$allocator@PEAVObject@@@std@@V?$_Vector_val@U?$_Simple_types@PEAVObject@@@std@@@2@$00@std@@QEAA@U_Zero_then_variadic_args_t@1@@Z 00000001400267c0 f i engine.obj
 0002:00012830       ??$?0$$V@?$_Compressed_pair@V?$allocator@U?$_Tree_node@U?$pair@$$CBW4Object_Type@@PEBVGameObject@@@std@@PEAX@std@@@std@@V?$_Tree_val@U?$_Tree_simple_types@U?$pair@$$CBW4Object_Type@@PEBVGameObject@@@std@@@std@@@2@$00@std@@QEAA@U_Zero_then_variadic_args_t@1@@Z 0000000140026830 f i engine.obj
 0002:000128a0       ??$?0AEBU?$less@W4Object_Type@@@std@@U_Zero_then_variadic_args_t@1@@?$_Compressed_pair@U?$less@W4Object_Type@@@std@@V?$_Compressed_pair@V?$allocator@U?$_Tree_node@U?$pair@$$CBW4Object_Type@@PEBVGameObject@@@std@@PEAX@std@@@std@@V?$_Tree_val@U?$_Tree_simple_types@U?$pair@$$CBW4Object_Type@@PEBVGameObject@@@std@@@std@@@2@$00@2@$00@std@@QEAA@U_One_then_variadic_args_t@1@AEBU?$less@W4Object_Type@@@1@$$QEAU_Zero_then_variadic_args_t@1@@Z 00000001400268a0 f i engine.obj
 0002:00012930       ??$?0PEAV?$Container@VWidget@@@@@?$allocator@U_Container_proxy@std@@@std@@QEAA@AEBV?$allocator@PEAV?$Container@VWidget@@@@@1@@Z 0000000140026930 f i engine.obj
 0002:00012980       ??$?0PEAVObject@@@?$allocator@U_Container_proxy@std@@@std@@QEAA@AEBV?$allocator@PEAVObject@@@1@@Z 0000000140026980 f i engine.obj
 0002:000129d0       ??$?0U?$_Tree_node@U?$pair@$$CBW4Object_Type@@PEBVGameObject@@@std@@PEAX@std@@@?$allocator@U_Container_proxy@std@@@std@@QEAA@AEBV?$allocator@U?$_Tree_node@U?$pair@$$CBW4Object_Type@@PEBVGameObject@@@std@@PEAX@std@@@1@@Z 00000001400269d0 f i engine.obj
 0002:00012a20       ??$_Copy_memmove@PEAPEAV?$Container@VWidget@@@@PEAPEAV1@@std@@YAPEAPEAV?$Container@VWidget@@@@PEAPEAV1@00@Z 0000000140026a20 f i engine.obj
 0002:00012ae0       ??$_Copy_memmove@PEAPEAVObject@@PEAPEAV1@@std@@YAPEAPEAVObject@@PEAPEAV1@00@Z 0000000140026ae0 f i engine.obj
 0002:00012ba0       ??$_Destroy_range1@V?$allocator@PEAV?$Container@VWidget@@@@@std@@@std@@YAXPEAPEAV?$Container@VWidget@@@@0AEAV?$allocator@PEAV?$Container@VWidget@@@@@0@U?$integral_constant@_N$00@0@@Z 0000000140026ba0 f i engine.obj
 0002:00012c00       ??$_Destroy_range1@V?$allocator@PEAVObject@@@std@@@std@@YAXPEAPEAVObject@@0AEAV?$allocator@PEAVObject@@@0@U?$integral_constant@_N$00@0@@Z 0000000140026c00 f i engine.obj
 0002:00012c60       ??$_Destroy_range@V?$allocator@PEAV?$Container@VWidget@@@@@std@@@std@@YAXPEAPEAV?$Container@VWidget@@@@0AEAV?$allocator@PEAV?$Container@VWidget@@@@@0@@Z 0000000140026c60 f i engine.obj
 0002:00012ce0       ??$_Destroy_range@V?$allocator@PEAVObject@@@std@@@std@@YAXPEAPEAVObject@@0AEAV?$allocator@PEAVObject@@@0@@Z 0000000140026ce0 f i engine.obj
 0002:00012d60       ??$_Emplace_back_with_unused_capacity@AEBQEAV?$Container@VWidget@@@@@?$vector@PEAV?$Container@VWidget@@@@V?$allocator@PEAV?$Container@VWidget@@@@@std@@@std@@AEAA@AEBQEAV?$Container@VWidget@@@@@Z 0000000140026d60 f i engine.obj
 0002:00012eb0       ??$_Emplace_back_with_unused_capacity@AEBQEAVObject@@@?$vector@PEAVObject@@V?$allocator@PEAVObject@@@std@@@std@@AEAA@AEBQEAVObject@@@Z 0000000140026eb0 f i engine.obj
 0002:00013000       ??$_Emplace_reallocate@AEBQEAV?$Container@VWidget@@@@@?$vector@PEAV?$Container@VWidget@@@@V?$allocator@PEAV?$Container@VWidget@@@@@std@@@std@@QEAAPEAPEAV?$Container@VWidget@@@@QEAPEAV2@AEBQEAV2@@Z 0000000140027000 f i engine.obj
 0002:00013300       ??$_Emplace_reallocate@AEBQEAVObject@@@?$vector@PEAVObject@@V?$allocator@PEAVObject@@@std@@@std@@QEAAPEAPEAVObject@@QEAPEAV2@AEBQEAV2@@Z 0000000140027300 f i engine.obj
 0002:00013600       ??$_Get_size_of_n@$07@std@@YA_K_K@Z 0000000140027600 f i engine.obj
 0002:00013690       ??$_Ptr_move_cat@PEAV?$Container@VWidget@@@@PEAV1@@std@@YA?AU_Really_trivial_ptr_iterator_tag@0@AEBQEAPEAV?$Container@VWidget@@@@0@Z 0000000140027690 f i engine.obj
 0002:000136f0       ??$_Ptr_move_cat@PEAVObject@@PEAV1@@std@@YA?AU_Really_trivial_ptr_iterator_tag@0@AEBQEAPEAVObject@@0@Z 00000001400276f0 f i engine.obj
 0002:00013750       ??$_Rechecked@PEAPEAV?$Container@VWidget@@@@PEAPEAV1@@std@@YAAEAPEAPEAV?$Container@VWidget@@@@AEAPEAPEAV1@QEAPEAV1@@Z 0000000140027750 f i engine.obj
 0002:000137c0       ??$_Rechecked@PEAPEAVObject@@PEAPEAV1@@std@@YAAEAPEAPEAVObject@@AEAPEAPEAV1@QEAPEAV1@@Z 00000001400277c0 f i engine.obj
 0002:00013830       ??$_Unchecked@PEAPEAV?$Container@VWidget@@@@@std@@YAPEAPEAV?$Container@VWidget@@@@PEAPEAV1@@Z 0000000140027830 f i engine.obj
 0002:00013880       ??$_Unchecked@PEAPEAVObject@@@std@@YAPEAPEAVObject@@PEAPEAV1@@Z 0000000140027880 f i engine.obj
 0002:000138d0       ??$_Unfancy@PEAV?$Container@VWidget@@@@@std@@YAPEAPEAV?$Container@VWidget@@@@PEAPEAV1@@Z 00000001400278d0 f i engine.obj
 0002:00013920       ??$_Unfancy@PEAVObject@@@std@@YAPEAPEAVObject@@PEAPEAV1@@Z 0000000140027920 f i engine.obj
 0002:00013970       ??$_Uninitialized_move@PEAPEAV?$Container@VWidget@@@@PEAPEAV1@V?$allocator@PEAV?$Container@VWidget@@@@@std@@@std@@YAPEAPEAV?$Container@VWidget@@@@QEAPEAV1@0PEAPEAV1@AEAV?$allocator@PEAV?$Container@VWidget@@@@@0@@Z 0000000140027970 f i engine.obj
 0002:00013a80       ??$_Uninitialized_move@PEAPEAVObject@@PEAPEAV1@V?$allocator@PEAVObject@@@std@@@std@@YAPEAPEAVObject@@QEAPEAV1@0PEAPEAV1@AEAV?$allocator@PEAVObject@@@0@@Z 0000000140027a80 f i engine.obj
 0002:00013b90       ??$_Uninitialized_move_al_unchecked@PEAV?$Container@VWidget@@@@PEAV1@V?$allocator@PEAV?$Container@VWidget@@@@@std@@@std@@YAPEAPEAV?$Container@VWidget@@@@QEAPEAV1@00AEAV?$allocator@PEAV?$Container@VWidget@@@@@0@U_Really_trivial_ptr_iterator_tag@0@U?$integral_constant@_N$00@0@@Z 0000000140027b90 f i engine.obj
 0002:00013c10       ??$_Uninitialized_move_al_unchecked@PEAVObject@@PEAV1@V?$allocator@PEAVObject@@@std@@@std@@YAPEAPEAVObject@@QEAPEAV1@00AEAV?$allocator@PEAVObject@@@0@U_Really_trivial_ptr_iterator_tag@0@U?$integral_constant@_N$00@0@@Z 0000000140027c10 f i engine.obj
 0002:00013c90       ??$addressof@V?$_Vector_val@U?$_Simple_types@PEAV?$Container@VWidget@@@@@std@@@std@@@std@@YAPEAV?$_Vector_val@U?$_Simple_types@PEAV?$Container@VWidget@@@@@std@@@0@AEAV10@@Z 0000000140027c90 f i engine.obj
 0002:00013ce0       ??$addressof@V?$_Vector_val@U?$_Simple_types@PEAVObject@@@std@@@std@@@std@@YAPEAV?$_Vector_val@U?$_Simple_types@PEAVObject@@@std@@@0@AEAV10@@Z 0000000140027ce0 f i engine.obj
 0002:00013d30       ??$construct@PEAV?$Container@VWidget@@@@AEBQEAV1@@?$_Default_allocator_traits@V?$allocator@PEAV?$Container@VWidget@@@@@std@@@std@@SAXAEAV?$allocator@PEAV?$Container@VWidget@@@@@1@QEAPEAV?$Container@VWidget@@@@AEBQEAV3@@Z 0000000140027d30 f i engine.obj
 0002:00013dc0       ??$construct@PEAVObject@@AEBQEAV1@@?$_Default_allocator_traits@V?$allocator@PEAVObject@@@std@@@std@@SAXAEAV?$allocator@PEAVObject@@@1@QEAPEAVObject@@AEBQEAV3@@Z 0000000140027dc0 f i engine.obj
 0002:00013e50       ??$emplace_back@AEBQEAV?$Container@VWidget@@@@@?$vector@PEAV?$Container@VWidget@@@@V?$allocator@PEAV?$Container@VWidget@@@@@std@@@std@@QEAA@AEBQEAV?$Container@VWidget@@@@@Z 0000000140027e50 f i engine.obj
 0002:00013f20       ??$emplace_back@AEBQEAVObject@@@?$vector@PEAVObject@@V?$allocator@PEAVObject@@@std@@@std@@QEAA@AEBQEAVObject@@@Z 0000000140027f20 f i engine.obj
 0002:00013ff0       ??$forward@AEBQEAV?$Container@VWidget@@@@@std@@YAAEBQEAV?$Container@VWidget@@@@AEBQEAV1@@Z 0000000140027ff0 f i engine.obj
 0002:00014040       ??$forward@AEBQEAVObject@@@std@@YAAEBQEAVObject@@AEBQEAV1@@Z 0000000140028040 f i engine.obj
 0002:00014090       ??$forward@AEBU?$less@W4Object_Type@@@std@@@std@@YAAEBU?$less@W4Object_Type@@@0@AEBU10@@Z 0000000140028090 f i engine.obj
 0002:000140e0       ??$forward@U_Zero_then_variadic_args_t@std@@@std@@YA$$QEAU_Zero_then_variadic_args_t@0@AEAU10@@Z 00000001400280e0 f i engine.obj
 0002:00014130       ??$move@AEAD@std@@YA$$QEADAEAD@Z 0000000140028130 f i engine.obj
 0002:00014180       ??$swap@DX@std@@YAXAEAD0@Z 0000000140028180 f i engine.obj
 0002:00014230       ??0?$_Tree@V?$_Tmap_traits@W4Object_Type@@PEBVGameObject@@U?$less@W4Object_Type@@@std@@V?$allocator@U?$pair@$$CBW4Object_Type@@PEBVGameObject@@@std@@@4@$0A@@std@@@std@@QEAA@AEBU?$less@W4Object_Type@@@1@@Z 0000000140028230 f i engine.obj
 0002:000142a0       ??0?$_Tree_comp_alloc@V?$_Tmap_traits@W4Object_Type@@PEBVGameObject@@U?$less@W4Object_Type@@@std@@V?$allocator@U?$pair@$$CBW4Object_Type@@PEBVGameObject@@@std@@@4@$0A@@std@@@std@@QEAA@AEBU?$less@W4Object_Type@@@1@@Z 00000001400282a0 f i engine.obj
 0002:00014330       ??0?$_Tree_val@U?$_Tree_simple_types@U?$pair@$$CBW4Object_Type@@PEBVGameObject@@@std@@@std@@@std@@QEAA@XZ 0000000140028330 f i engine.obj
 0002:000143b0       ??0?$_Vector_alloc@U?$_Vec_base_types@PEAV?$Container@VWidget@@@@V?$allocator@PEAV?$Container@VWidget@@@@@std@@@std@@@std@@QEAA@XZ 00000001400283b0 f i engine.obj
 0002:00014430       ??0?$_Vector_alloc@U?$_Vec_base_types@PEAVObject@@V?$allocator@PEAVObject@@@std@@@std@@@std@@QEAA@XZ 0000000140028430 f i engine.obj
 0002:000144b0       ??0?$_Vector_val@U?$_Simple_types@PEAV?$Container@VWidget@@@@@std@@@std@@QEAA@XZ 00000001400284b0 f i engine.obj
 0002:00014550       ??0?$_Vector_val@U?$_Simple_types@PEAVObject@@@std@@@std@@QEAA@XZ 0000000140028550 f i engine.obj
 0002:000145f0       ??0?$allocator@PEAV?$Container@VWidget@@@@@std@@QEAA@XZ 00000001400285f0 f i engine.obj
 0002:00014640       ??0?$allocator@PEAVObject@@@std@@QEAA@XZ 0000000140028640 f i engine.obj
 0002:00014690       ??0?$allocator@U?$_Tree_node@U?$pair@$$CBW4Object_Type@@PEBVGameObject@@@std@@PEAX@std@@@std@@QEAA@XZ 0000000140028690 f i engine.obj
 0002:000146e0       ??0?$map@W4Object_Type@@PEBVGameObject@@U?$less@W4Object_Type@@@std@@V?$allocator@U?$pair@$$CBW4Object_Type@@PEBVGameObject@@@std@@@4@@std@@QEAA@XZ 00000001400286e0 f i engine.obj
 0002:00014750       ??0?$vector@PEAV?$Container@VWidget@@@@V?$allocator@PEAV?$Container@VWidget@@@@@std@@@std@@QEAA@XZ 0000000140028750 f i engine.obj
 0002:000147c0       ??0?$vector@PEAVObject@@V?$allocator@PEAVObject@@@std@@@std@@QEAA@XZ 00000001400287c0 f i engine.obj
 0002:00014830       ??0ConfigManager@@QEAA@XZ  0000000140028830 f i engine.obj
 0002:00014890       ??0ContextSettings@sf@@QEAA@IIIIII_N@Z 0000000140028890 f i engine.obj
 0002:00014980       ??0Engine@@QEAA@XZ         0000000140028980 f   engine.obj
 0002:00014c50       ?clear@?$vector@PEAVObject@@V?$allocator@PEAVObject@@@std@@@std@@QEAAXXZ 0000000140028c50 f i engine.obj
 0002:00014d10       ??0locale@std@@QEAA@XZ     0000000140028d10 f i engine.obj
 0002:00014d80       ??1?$_Tree@V?$_Tmap_traits@W4Object_Type@@PEBVGameObject@@U?$less@W4Object_Type@@@std@@V?$allocator@U?$pair@$$CBW4Object_Type@@PEBVGameObject@@@std@@@4@$0A@@std@@@std@@QEAA@XZ 0000000140028d80 f i engine.obj
 0002:00014df0       ??1?$_Tree_comp_alloc@V?$_Tmap_traits@W4Object_Type@@PEBVGameObject@@U?$less@W4Object_Type@@@std@@V?$allocator@U?$pair@$$CBW4Object_Type@@PEBVGameObject@@@std@@@4@$0A@@std@@@std@@QEAA@XZ 0000000140028df0 f i engine.obj
 0002:00014e80       ??1?$_Vector_alloc@U?$_Vec_base_types@PEAV?$Container@VWidget@@@@V?$allocator@PEAV?$Container@VWidget@@@@@std@@@std@@@std@@QEAA@XZ 0000000140028e80 f i engine.obj
 0002:00014ee0       ??1?$_Vector_alloc@U?$_Vec_base_types@PEAVObject@@V?$allocator@PEAVObject@@@std@@@std@@@std@@QEAA@XZ 0000000140028ee0 f i engine.obj
 0002:00014f40       ??1?$map@W4Object_Type@@PEBVGameObject@@U?$less@W4Object_Type@@@std@@V?$allocator@U?$pair@$$CBW4Object_Type@@PEBVGameObject@@@std@@@4@@std@@QEAA@XZ 0000000140028f40 f i engine.obj
 0002:00014f90       ??1?$vector@PEAV?$Container@VWidget@@@@V?$allocator@PEAV?$Container@VWidget@@@@@std@@@std@@QEAA@XZ 0000000140028f90 f i engine.obj
 0002:00015000       ??1?$vector@PEAVObject@@V?$allocator@PEAVObject@@@std@@@std@@QEAA@XZ 0000000140029000 f i engine.obj
 0002:00015070       ??1ConfigManager@@QEAA@XZ  0000000140029070 f i engine.obj
 0002:000150d0       ??1Engine@@QEAA@XZ         00000001400290d0 f   engine.obj
 0002:000151f0       ??1locale@std@@QEAA@XZ     00000001400291f0 f i engine.obj
 0002:000152e0       ??9?$_Tree_const_iterator@V?$_Tree_val@U?$_Tree_simple_types@U?$pair@$$CBW4Object_Type@@PEBVGameObject@@@std@@@std@@@std@@@std@@QEBA_NAEBV01@@Z 00000001400292e0 f i engine.obj
 0002:00015370       ??A?$vector@PEAV?$Container@VWidget@@@@V?$allocator@PEAV?$Container@VWidget@@@@@std@@@std@@QEAAAEAPEAV?$Container@VWidget@@@@_K@Z 0000000140029370 f i engine.obj
 0002:00015450       ??A?$vector@PEAVObject@@V?$allocator@PEAVObject@@@std@@@std@@QEAAAEAPEAVObject@@_K@Z 0000000140029450 f i engine.obj
 0002:00015530       ??E?$_Tree_const_iterator@V?$_Tree_val@U?$_Tree_simple_types@U?$pair@$$CBW4Object_Type@@PEBVGameObject@@@std@@@std@@@std@@@std@@QEAA?AV01@H@Z 0000000140029530 f i engine.obj
 0002:00015614       ??_ERenderWindow@sf@@WDI@EAAPEAXI@Z 0000000140029614 f i engine.obj
 0002:00015620       ??_GRenderWindow@sf@@UEAAPEAXI@Z 0000000140029620 f i engine.obj
 0002:00015620       ??_ERenderWindow@sf@@UEAAPEAXI@Z 0000000140029620 f i engine.obj
 0002:000156b0       ?ChangeWindow@Engine@@QEAAXPEAV?$Window@VWidget@@@@@Z 00000001400296b0 f   engine.obj
 0002:000157d0       ?Close@Engine@@QEAAXXZ     00000001400297d0 f   engine.obj
 0002:00015820       ??0?$Vector2@H@sf@@QEAA@HH@Z 0000000140029820 f i object.obj
 0002:00015930       ?Draw@Engine@@QEAAXXZ      0000000140029930 f   engine.obj
 0002:00015a50       ?SetSize@Object@@QEAAXAEBV?$Vector2@M@sf@@@Z 0000000140029a50 f   object.obj
 0002:00015ba0       ?GetConfigManager@Engine@@QEAAPEAVConfigManager@@XZ 0000000140029ba0 f   engine.obj
 0002:00015c10       ?GetSize@Engine@@QEBA?AV?$Vector2@M@sf@@XZ 0000000140029c10 f   engine.obj
 0002:00015c70       ??_GObject@@UEAAPEAXI@Z    0000000140029c70 f i object.obj
 0002:00015c70       ??_EObject@@UEAAPEAXI@Z    0000000140029c70 f i object.obj
 0002:00015d90       ?SetSize@Engine@@QEAAXAEBV?$Vector2@M@sf@@@Z 0000000140029d90 f   engine.obj
 0002:00015e60       ?Update@Engine@@QEAAXAEBVTime@sf@@@Z 0000000140029e60 f   engine.obj
 0002:00015fa0       ?_Alloc_proxy@?$_Tree_comp_alloc@V?$_Tmap_traits@W4Object_Type@@PEBVGameObject@@U?$less@W4Object_Type@@@std@@V?$allocator@U?$pair@$$CBW4Object_Type@@PEBVGameObject@@@std@@@4@$0A@@std@@@std@@QEAAXXZ 0000000140029fa0 f i engine.obj
 0002:000160e0       ?_Alloc_proxy@?$_Vector_alloc@U?$_Vec_base_types@PEAV?$Container@VWidget@@@@V?$allocator@PEAV?$Container@VWidget@@@@@std@@@std@@@std@@QEAAXXZ 000000014002a0e0 f i engine.obj
 0002:00016220       ?_Alloc_proxy@?$_Vector_alloc@U?$_Vec_base_types@PEAVObject@@V?$allocator@PEAVObject@@@std@@@std@@@std@@QEAAXXZ 000000014002a220 f i engine.obj
 0002:00016350       ?_Buyheadnode@?$_Tree_comp_alloc@V?$_Tmap_traits@W4Object_Type@@PEBVGameObject@@U?$less@W4Object_Type@@@std@@V?$allocator@U?$pair@$$CBW4Object_Type@@PEBVGameObject@@@std@@@4@$0A@@std@@@std@@QEAAPEAU?$_Tree_node@U?$pair@$$CBW4Object_Type@@PEBVGameObject@@@std@@PEAX@2@XZ 000000014002a350 f i engine.obj
 0002:00016440       ?_Calculate_growth@?$vector@PEAV?$Container@VWidget@@@@V?$allocator@PEAV?$Container@VWidget@@@@@std@@@std@@AEBA_K_K@Z 000000014002a440 f i engine.obj
 0002:00016530       ?_Calculate_growth@?$vector@PEAVObject@@V?$allocator@PEAVObject@@@std@@@std@@AEBA_K_K@Z 000000014002a530 f i engine.obj
 0002:000166f0       ?_Change_array@?$vector@PEAV?$Container@VWidget@@@@V?$allocator@PEAV?$Container@VWidget@@@@@std@@@std@@AEAAXQEAPEAV?$Container@VWidget@@@@_K1@Z 000000014002a6f0 f i engine.obj
 0002:00016900       ?_Clrcont@_Iterator_base12@std@@QEAAXXZ 000000014002a900 f i engine.obj
 0002:00016990       ?_Construct@?$_Tree_comp_alloc@V?$_Tmap_traits@W4Object_Type@@PEBVGameObject@@U?$less@W4Object_Type@@@std@@V?$allocator@U?$pair@$$CBW4Object_Type@@PEBVGameObject@@@std@@@4@$0A@@std@@@std@@QEAAXXZ 000000014002a990 f i engine.obj
 0002:00016a10       ?_Destroy@?$vector@PEAV?$Container@VWidget@@@@V?$allocator@PEAV?$Container@VWidget@@@@@std@@@std@@AEAAXPEAPEAV?$Container@VWidget@@@@0@Z 000000014002aa10 f i engine.obj
[...]
 0005:00003e1c       $pdata$?dtor$6@?0???$_Insert_hint@AEAU?$pair@$$CBW4Object_Type@@PEBVGameObject@@@std@@PEAU?$_Tree_node@U?$pair@$$CBW4Object_Type@@PEBVGameObject@@@std@@PEAX@2@@?$_Tree@V?$_Tmap_traits@W4Object_Type@@PEBVGameObject@@U?$less@W4Object_Type@@@std@@V?$allocator@U?$pair@$$CBW4Object_Type@@PEBVGameObject@@@std@@@4@$0A@@std@@@std@@IEAA?AV?$_Tree_iterator@V?$_Tree_val@U?$_Tree_simple_types@U?$pair@$$CBW4Object_Type@@PEBVGameObject@@@std@@@std@@@std@@@1@V?$_Tree_const_iterator@V?$_Tree_val@U?$_Tree_simple_types@U?$pair@$$CBW4Object_Type@@PEBVGameObject@@@std@@@std@@@std@@@1@AEAU?$pair@$$CBW4Object_Type@@PEBVGameObject@@@1@PEAU?$_Tree_node@U?$pair@$$CBW4Object_Type@@PEBVGameObject@@@std@@PEAX@1@@Z@4HA 0000000140056e1c     config.obj
 0005:00003e28       $pdata$?dtor$7@?0???$_Insert_hint@AEAU?$pair@$$CBW4Object_Type@@PEBVGameObject@@@std@@PEAU?$_Tree_node@U?$pair@$$CBW4Object_Type@@PEBVGameObject@@@std@@PEAX@2@@?$_Tree@V?$_Tmap_traits@W4Object_Type@@PEBVGameObject@@U?$less@W4Object_Type@@@std@@V?$allocator@U?$pair@$$CBW4Object_Type@@PEBVGameObject@@@std@@@4@$0A@@std@@@std@@IEAA?AV?$_Tree_iterator@V?$_Tree_val@U?$_Tree_simple_types@U?$pair@$$CBW4Object_Type@@PEBVGameObject@@@std@@@std@@@std@@@1@V?$_Tree_const_iterator@V?$_Tree_val@U?$_Tree_simple_types@U?$pair@$$CBW4Object_Type@@PEBVGameObject@@@std@@@std@@@std@@@1@AEAU?$pair@$$CBW4Object_Type@@PEBVGameObject@@@1@PEAU?$_Tree_node@U?$pair@$$CBW4Object_Type@@PEBVGameObject@@@std@@PEAX@1@@Z@4HA 0000000140056e28     config.obj
 0005:00003e34       $pdata$?dtor$8@?0???$_Insert_hint@AEAU?$pair@$$CBW4Object_Type@@PEBVGameObject@@@std@@PEAU?$_Tree_node@U?$pair@$$CBW4Object_Type@@PEBVGameObject@@@std@@PEAX@2@@?$_Tree@V?$_Tmap_traits@W4Object_Type@@PEBVGameObject@@U?$less@W4Object_Type@@@std@@V?$allocator@U?$pair@$$CBW4Object_Type@@PEBVGameObject@@@std@@@4@$0A@@std@@@std@@IEAA?AV?$_Tree_iterator@V?$_Tree_val@U?$_Tree_simple_types@U?$pair@$$CBW4Object_Type@@PEBVGameObject@@@std@@@std@@@std@@@1@V?$_Tree_const_iterator@V?$_Tree_val@U?$_Tree_simple_types@U?$pair@$$CBW4Object_Type@@PEBVGameObject@@@std@@@std@@@std@@@1@AEAU?$pair@$$CBW4Object_Type@@PEBVGameObject@@@1@PEAU?$_Tree_node@U?$pair@$$CBW4Object_Type@@PEBVGameObject@@@std@@PEAX@1@@Z@4HA 0000000140056e34     config.obj
 0005:00003e40       $pdata$?catch$6@?0???$_Insert_nohint@AEAU?$pair@$$CBW4Object_Type@@PEBVGameObject@@@std@@PEAU?$_Tree_node@U?$pair@$$CBW4Object_Type@@PEBVGameObject@@@std@@PEAX@2@@?$_Tree@V?$_Tmap_traits@W4Object_Type@@PEBVGameObject@@U?$less@W4Object_Type@@@std@@V?$allocator@U?$pair@$$CBW4Object_Type@@PEBVGameObject@@@std@@@4@$0A@@std@@@std@@IEAA?AU?$pair@V?$_Tree_iterator@V?$_Tree_val@U?$_Tree_simple_types@U?$pair@$$CBW4Object_Type@@PEBVGameObject@@@std@@@std@@@std@@@std@@_N@1@_NAEAU?$pair@$$CBW4Object_Type@@PEBVGameObject@@@1@PEAU?$_Tree_node@U?$pair@$$CBW4Object_Type@@PEBVGameObject@@@std@@PEAX@1@@Z@4HA 0000000140056e40     config.obj
 0005:00003e4c       $pdata$?dtor$2@?0???$_Insert_nohint@AEAU?$pair@$$CBW4Object_Type@@PEBVGameObject@@@std@@PEAU?$_Tree_node@U?$pair@$$CBW4Object_Type@@PEBVGameObject@@@std@@PEAX@2@@?$_Tree@V?$_Tmap_traits@W4Object_Type@@PEBVGameObject@@U?$less@W4Object_Type@@@std@@V?$allocator@U?$pair@$$CBW4Object_Type@@PEBVGameObject@@@std@@@4@$0A@@std@@@std@@IEAA?AU?$pair@V?$_Tree_iterator@V?$_Tree_val@U?$_Tree_simple_types@U?$pair@$$CBW4Object_Type@@PEBVGameObject@@@std@@@std@@@std@@@std@@_N@1@_NAEAU?$pair@$$CBW4Object_Type@@PEBVGameObject@@@1@PEAU?$_Tree_node@U?$pair@$$CBW4Object_Type@@PEBVGameObject@@@std@@PEAX@1@@Z@4HA 0000000140056e4c     config.obj
 0005:00003e58       $pdata$?dtor$3@?0???$_Insert_nohint@AEAU?$pair@$$CBW4Object_Type@@PEBVGameObject@@@std@@PEAU?$_Tree_node@U?$pair@$$CBW4Object_Type@@PEBVGameObject@@@std@@PEAX@2@@?$_Tree@V?$_Tmap_traits@W4Object_Type@@PEBVGameObject@@U?$less@W4Object_Type@@@std@@V?$allocator@U?$pair@$$CBW4Object_Type@@PEBVGameObject@@@std@@@4@$0A@@std@@@std@@IEAA?AU?$pair@V?$_Tree_iterator@V?$_Tree_val@U?$_Tree_simple_types@U?$pair@$$CBW4Object_Type@@PEBVGameObject@@@std@@@std@@@std@@@std@@_N@1@_NAEAU?$pair@$$CBW4Object_Type@@PEBVGameObject@@@1@PEAU?$_Tree_node@U?$pair@$$CBW4Object_Type@@PEBVGameObject@@@std@@PEAX@1@@Z@4HA 0000000140056e58     config.obj
 0005:00003e64       $pdata$?dtor$0@?0???$_Try_emplace@W4Object_Type@@$$V@?$map@W4Object_Type@@PEBVGameObject@@U?$less@W4Object_Type@@@std@@V?$allocator@U?$pair@$$CBW4Object_Type@@PEBVGameObject@@@std@@@4@@std@@QEAA?AU?$pair@V?$_Tree_iterator@V?$_Tree_val@U?$_Tree_simple_types@U?$pair@$$CBW4Object_Type@@PEBVGameObject@@@std@@@std@@@std@@@std@@_N@1@$$QEAW4Object_Type@@@Z@4HA 0000000140056e64     config.obj
 0005:00003e70       $pdata$?dtor$1@?0???$_Try_emplace@W4Object_Type@@$$V@?$map@W4Object_Type@@PEBVGameObject@@U?$less@W4Object_Type@@@std@@V?$allocator@U?$pair@$$CBW4Object_Type@@PEBVGameObject@@@std@@@4@@std@@QEAA?AU?$pair@V?$_Tree_iterator@V?$_Tree_val@U?$_Tree_simple_types@U?$pair@$$CBW4Object_Type@@PEBVGameObject@@@std@@@std@@@std@@@std@@_N@1@$$QEAW4Object_Type@@@Z@4HA 0000000140056e70     config.obj
 0005:00003e7c       $pdata$?dtor$0@?0???$emplace_hint@AEBUpiecewise_construct_t@std@@V?$tuple@$$QEAW4Object_Type@@@2@V?$tuple@$$V@2@@?$_Tree@V?$_Tmap_traits@W4Object_Type@@PEBVGameObject@@U?$less@W4Object_Type@@@std@@V?$allocator@U?$pair@$$CBW4Object_Type@@PEBVGameObject@@@std@@@4@$0A@@std@@@std@@QEAA?AV?$_Tree_iterator@V?$_Tree_val@U?$_Tree_simple_types@U?$pair@$$CBW4Object_Type@@PEBVGameObject@@@std@@@std@@@std@@@1@V?$_Tree_const_iterator@V?$_Tree_val@U?$_Tree_simple_types@U?$pair@$$CBW4Object_Type@@PEBVGameObject@@@std@@@std@@@std@@@1@AEBUpiecewise_construct_t@1@$$QEAV?$tuple@$$QEAW4Object_Type@@@1@$$QEAV?$tuple@$$V@1@@Z@4HA 0000000140056e7c     config.obj
 0005:00003e88       $pdata$?dtor$0@?0???0?$basic_string@DU?$char_traits@D@std@@V?$allocator@D@2@@std@@QEAA@AEBV01@_K1AEBV?$allocator@D@1@@Z@4HA 0000000140056e88     config.obj
 0005:00003e94       $pdata$?dtor$0@?0???A?$map@W4Object_Type@@PEBVGameObject@@U?$less@W4Object_Type@@@std@@V?$allocator@U?$pair@$$CBW4Object_Type@@PEBVGameObject@@@std@@@4@@std@@QEAAAEAPEBVGameObject@@$$QEAW4Object_Type@@@Z@4HA 0000000140056e94     config.obj
 0005:00003ea0       $pdata$?dtor$0@?0??Create_Object@ConfigManager@@QEBAPEAVGameObject@@W4Object_Type@@@Z@4HA 0000000140056ea0     config.obj
 0005:00003eac       $pdata$?dtor$1@?0??Create_Object@ConfigManager@@QEBAPEAVGameObject@@W4Object_Type@@@Z@4HA 0000000140056eac     config.obj
 0005:00003eb8       $pdata$?dtor$0@?0??Read@Config_Parser@@YAPEBDPEBDAEAH@Z@4HA 0000000140056eb8     config.obj
 0005:00003ec4       $pdata$?dtor$1@?0??Read@Config_Parser@@YAPEBDPEBDAEAH@Z@4HA 0000000140056ec4     config.obj
 0005:00003ed0       $pdata$?dtor$0@?0??Read@Config_Parser@@YAPEBDPEBDAEAM@Z@4HA 0000000140056ed0     config.obj
 0005:00003edc       $pdata$?dtor$1@?0??Read@Config_Parser@@YAPEBDPEBDAEAM@Z@4HA 0000000140056edc     config.obj
 0005:00003ee8       $pdata$?dtor$0@?0??Read@Config_Parser@@YAPEBDPEBDAEAV?$basic_string@DU?$char_traits@D@std@@V?$allocator@D@2@@std@@@Z@4HA 0000000140056ee8     config.obj
 0005:00003ef4       $pdata$?catch$0@?0??_Buynode0@?$_Tree_comp_alloc@V?$_Tmap_traits@W4Object_Type@@PEBVGameObject@@U?$less@W4Object_Type@@@std@@V?$allocator@U?$pair@$$CBW4Object_Type@@PEBVGameObject@@@std@@@4@$0A@@std@@@std@@QEAAPEAU?$_Tree_node@U?$pair@$$CBW4Object_Type@@PEBVGameObject@@@std@@PEAX@2@XZ@4HA 0000000140056ef4     config.obj
 0005:00003f00       $pdata$?dtor$0@?0??find@?$_Tree@V?$_Tmap_traits@W4Object_Type@@PEBVGameObject@@U?$less@W4Object_Type@@@std@@V?$allocator@U?$pair@$$CBW4Object_Type@@PEBVGameObject@@@std@@@4@$0A@@std@@@std@@QEBA?AV?$_Tree_const_iterator@V?$_Tree_val@U?$_Tree_simple_types@U?$pair@$$CBW4Object_Type@@PEBVGameObject@@@std@@@std@@@std@@@2@AEBW4Object_Type@@@Z@4HA 0000000140056f00     config.obj
 0005:00003f0c       $pdata$?dtor$1@?0??find@?$_Tree@V?$_Tmap_traits@W4Object_Type@@PEBVGameObject@@U?$less@W4Object_Type@@@std@@V?$allocator@U?$pair@$$CBW4Object_Type@@PEBVGameObject@@@std@@@4@$0A@@std@@@std@@QEBA?AV?$_Tree_const_iterator@V?$_Tree_val@U?$_Tree_simple_types@U?$pair@$$CBW4Object_Type@@PEBVGameObject@@@std@@@std@@@std@@@2@AEBW4Object_Type@@@Z@4HA 0000000140056f0c     config.obj
 0005:00003f18       $pdata$?catch$0@?0???$_Emplace_reallocate@AEBQEAV?$Container@VWidget@@@@@?$vector@PEAV?$Container@VWidget@@@@V?$allocator@PEAV?$Container@VWidget@@@@@std@@@std@@QEAAPEAPEAV?$Container@VWidget@@@@QEAPEAV2@AEBQEAV2@@Z@4HA 0000000140056f18     engine.obj
 0005:00003f24       $pdata$?catch$0@?0???$_Emplace_reallocate@AEBQEAVObject@@@?$vector@PEAVObject@@V?$allocator@PEAVObject@@@std@@@std@@QEAAPEAPEAVObject@@QEAPEAV2@AEBQEAV2@@Z@4HA 0000000140056f24     engine.obj
 0005:00003f30       $pdata$?dtor$0@?0???0Engine@@QEAA@XZ@4HA 0000000140056f30     engine.obj
 0005:00003f3c       $pdata$?dtor$1@?0???0Engine@@QEAA@XZ@4HA 0000000140056f3c     engine.obj
 0005:00003f48       $pdata$?dtor$2@?0???0Engine@@QEAA@XZ@4HA 0000000140056f48     engine.obj
 0005:00003f54       $pdata$?dtor$3@?0???0Engine@@QEAA@XZ@4HA 0000000140056f54     engine.obj
 0005:00003f60       $pdata$?dtor$4@?0???0Engine@@QEAA@XZ@4HA 0000000140056f60     engine.obj
 0005:00003f6c       $pdata$?dtor$5@?0???0Engine@@QEAA@XZ@4HA 0000000140056f6c     engine.obj
 0005:00003f78       $pdata$?dtor$0@?0???E?$_Tree_const_iterator@V?$_Tree_val@U?$_Tree_simple_types@U?$pair@$$CBW4Object_Type@@PEBVGameObject@@@std@@@std@@@std@@@std@@QEAA?AV01@H@Z@4HA 0000000140056f78     engine.obj
 0005:00003f84       $pdata$?dtor$0@?0??Execute@Engine@@QEAAXXZ@4HA 0000000140056f84     engine.obj
 0005:00003f90       $pdata$?catch$0@?0??_Buyheadnode@?$_Tree_comp_alloc@V?$_Tmap_traits@W4Object_Type@@PEBVGameObject@@U?$less@W4Object_Type@@@std@@V?$allocator@U?$pair@$$CBW4Object_Type@@PEBVGameObject@@@std@@@4@$0A@@std@@@std@@QEAAPEAU?$_Tree_node@U?$pair@$$CBW4Object_Type@@PEBVGameObject@@@std@@PEAX@2@XZ@4HA 0000000140056f90     engine.obj
 0005:00003f9c       $pdata$?catch$0@?0??_Construct@?$_Tree_comp_alloc@V?$_Tmap_traits@W4Object_Type@@PEBVGameObject@@U?$less@W4Object_Type@@@std@@V?$allocator@U?$pair@$$CBW4Object_Type@@PEBVGameObject@@@std@@@4@$0A@@std@@@std@@QEAAXXZ@4HA 0000000140056f9c     engine.obj
 0005:00003fa8       $pdata$?dtor$0@?0??_Extract@?$_Tree_val@U?$_Tree_simple_types@U?$pair@$$CBW4Object_Type@@PEBVGameObject@@@std@@@std@@@std@@QEAAPEAU?$_Tree_node@U?$pair@$$CBW4Object_Type@@PEBVGameObject@@@std@@PEAX@2@V?$_Tree_const_iterator@V?$_Tree_val@U?$_Tree_simple_types@U?$pair@$$CBW4Object_Type@@PEBVGameObject@@@std@@@std@@@std@@@2@@Z@4HA 0000000140056fa8     engine.obj
 0005:00003fb4       $pdata$?dtor$0@?0??_Orphan_ptr@?$_Tree@V?$_Tmap_traits@W4Object_Type@@PEBVGameObject@@U?$less@W4Object_Type@@@std@@V?$allocator@U?$pair@$$CBW4Object_Type@@PEBVGameObject@@@std@@@4@$0A@@std@@@std@@IEAAXPEAU?$_Tree_node@U?$pair@$$CBW4Object_Type@@PEBVGameObject@@@std@@PEAX@2@@Z@4HA 0000000140056fb4     engine.obj
 0005:00003fc0       $pdata$?dtor$0@?0??_Orphan_range@?$vector@PEAV?$Container@VWidget@@@@V?$allocator@PEAV?$Container@VWidget@@@@@std@@@std@@AEBAXPEAPEAV?$Container@VWidget@@@@0@Z@4HA 0000000140056fc0     engine.obj
 0005:00003fcc       $pdata$?dtor$0@?0??_Orphan_range@?$vector@PEAVObject@@V?$allocator@PEAVObject@@@std@@@std@@AEBAXPEAPEAVObject@@0@Z@4HA 0000000140056fcc     engine.obj
 0005:00003fd8       $pdata$?dtor$0@?0??_Tidy@?$_Tree@V?$_Tmap_traits@W4Object_Type@@PEBVGameObject@@U?$less@W4Object_Type@@@std@@V?$allocator@U?$pair@$$CBW4Object_Type@@PEBVGameObject@@@std@@@4@$0A@@std@@@std@@IEAAXXZ@4HA 0000000140056fd8     engine.obj
 0005:00003fe4       $pdata$?dtor$2@?0??_Tidy@?$_Tree@V?$_Tmap_traits@W4Object_Type@@PEBVGameObject@@U?$less@W4Object_Type@@@std@@V?$allocator@U?$pair@$$CBW4Object_Type@@PEBVGameObject@@@std@@@4@$0A@@std@@@std@@IEAAXXZ@4HA 0000000140056fe4     engine.obj
 0005:00003ff0       $pdata$?dtor$0@?0??erase@?$_Tree@V?$_Tmap_traits@W4Object_Type@@PEBVGameObject@@U?$less@W4Object_Type@@@std@@V?$allocator@U?$pair@$$CBW4Object_Type@@PEBVGameObject@@@std@@@4@$0A@@std@@@std@@QEAA?AV?$_Tree_iterator@V?$_Tree_val@U?$_Tree_simple_types@U?$pair@$$CBW4Object_Type@@PEBVGameObject@@@std@@@std@@@std@@@2@V?$_Tree_const_iterator@V?$_Tree_val@U?$_Tree_simple_types@U?$pair@$$CBW4Object_Type@@PEBVGameObject@@@std@@@std@@@std@@@2@0@Z@4HA 0000000140056ff0     engine.obj
 0005:00003ffc       $pdata$?dtor$1@?0??erase@?$_Tree@V?$_Tmap_traits@W4Object_Type@@PEBVGameObject@@U?$less@W4Object_Type@@@std@@V?$allocator@U?$pair@$$CBW4Object_Type@@PEBVGameObject@@@std@@@4@$0A@@std@@@std@@QEAA?AV?$_Tree_iterator@V?$_Tree_val@U?$_Tree_simple_types@U?$pair@$$CBW4Object_Type@@PEBVGameObject@@@std@@@std@@@std@@@2@V?$_Tree_const_iterator@V?$_Tree_val@U?$_Tree_simple_types@U?$pair@$$CBW4Object_Type@@PEBVGameObject@@@std@@@std@@@std@@@2@0@Z@4HA 0000000140056ffc     engine.obj
 0005:00004008       $pdata$?dtor$2@?0??erase@?$_Tree@V?$_Tmap_traits@W4Object_Type@@PEBVGameObject@@U?$less@W4Object_Type@@@std@@V?$allocator@U?$pair@$$CBW4Object_Type@@PEBVGameObject@@@std@@@4@$0A@@std@@@std@@QEAA?AV?$_Tree_iterator@V?$_Tree_val@U?$_Tree_simple_types@U?$pair@$$CBW4Object_Type@@PEBVGameObject@@@std@@@std@@@std@@@2@V?$_Tree_const_iterator@V?$_Tree_val@U?$_Tree_simple_types@U?$pair@$$CBW4Object_Type@@PEBVGameObject@@@std@@@std@@@std@@@2@0@Z@4HA 0000000140057008     engine.obj
 0005:00004014       $pdata$?dtor$3@?0??erase@?$_Tree@V?$_Tmap_traits@W4Object_Type@@PEBVGameObject@@U?$less@W4Object_Type@@@std@@V?$allocator@U?$pair@$$CBW4Object_Type@@PEBVGameObject@@@std@@@4@$0A@@std@@@std@@QEAA?AV?$_Tree_iterator@V?$_Tree_val@U?$_Tree_simple_types@U?$pair@$$CBW4Object_Type@@PEBVGameObject@@@std@@@std@@@std@@@2@V?$_Tree_const_iterator@V?$_Tree_val@U?$_Tree_simple_types@U?$pair@$$CBW4Object_Type@@PEBVGameObject@@@std@@@std@@@std@@@2@0@Z@4HA 0000000140057014     engine.obj
 0005:00004020       $pdata$?dtor$0@?0??erase@?$_Tree@V?$_Tmap_traits@W4Object_Type@@PEBVGameObject@@U?$less@W4Object_Type@@@std@@V?$allocator@U?$pair@$$CBW4Object_Type@@PEBVGameObject@@@std@@@4@$0A@@std@@@std@@QEAA?AV?$_Tree_iterator@V?$_Tree_val@U?$_Tree_simple_types@U?$pair@$$CBW4Object_Type@@PEBVGameObject@@@std@@@std@@@std@@@2@V?$_Tree_const_iterator@V?$_Tree_val@U?$_Tree_simple_types@U?$pair@$$CBW4Object_Type@@PEBVGameObject@@@std@@@std@@@std@@@2@@Z@4HA 0000000140057020     engine.obj
 0005:0000402c       $pdata$?dtor$1@?0??erase@?$_Tree@V?$_Tmap_traits@W4Object_Type@@PEBVGameObject@@U?$less@W4Object_Type@@@std@@V?$allocator@U?$pair@$$CBW4Object_Type@@PEBVGameObject@@@std@@@4@$0A@@std@@@std@@QEAA?AV?$_Tree_iterator@V?$_Tree_val@U?$_Tree_simple_types@U?$pair@$$CBW4Object_Type@@PEBVGameObject@@@std@@@std@@@std@@@2@V?$_Tree_const_iterator@V?$_Tree_val@U?$_Tree_simple_types@U?$pair@$$CBW4Object_Type@@PEBVGameObject@@@std@@@std@@@std@@@2@@Z@4HA 000000014005702c     engine.obj
 0005:00004038       $pdata$WinMain$dtor$0      0000000140057038     main.obj
 0005:00004044       $pdata$?dtor$0@?0???0?$ContainerMoving@VWidget@@@@QEAA@AEBV?$Vector2@M@sf@@0@Z@4HA 0000000140057044     container-moving.obj
 0005:00004050       $pdata$?dtor$0@?0???0GameObject@@QEAA@PEBD@Z@4HA 0000000140057050     game-object.obj
 0005:0000405c       $pdata$?dtor$1@?0???0GameObject@@QEAA@PEBD@Z@4HA 000000014005705c     game-object.obj
 0005:00004068       $pdata$?dtor$2@?0???0GameObject@@QEAA@PEBD@Z@4HA 0000000140057068     game-object.obj
 0005:00004074       $pdata$?dtor$0@?0???0GameObject@@QEAA@PEBV0@@Z@4HA 0000000140057074     game-object.obj
 0005:00004080       $pdata$?dtor$1@?0???0GameObject@@QEAA@PEBV0@@Z@4HA 0000000140057080     game-object.obj
 0005:0000408c       $pdata$?dtor$0@?0??Create@GameObject@@SAPEBV1@PEBD@Z@4HA 000000014005708c     game-object.obj
 0005:00004098       $pdata$?catch$2@?0??CreateImpl@GameObject@@CAPEAV1@W4Object_Type@@PEBD@Z@4HA 0000000140057098     game-object.obj
 0005:000040a4       $pdata$?dtor$0@?0??CreateImpl@GameObject@@CAPEAV1@W4Object_Type@@PEBD@Z@4HA 00000001400570a4     game-object.obj
 0005:000040b0       $pdata$?dtor$1@?0??CreateImpl@GameObject@@CAPEAV1@W4Object_Type@@PEBD@Z@4HA 00000001400570b0     game-object.obj
 0005:000040bc       $pdata$?dtor$0@?0???$?0V<lambda_312b3f49165ee8dbe2e5837b3ce31c90>@@X@?$function@$$A6AXPEAVButton@@@Z@std@@QEAA@V<lambda_312b3f49165ee8dbe2e5837b3ce31c90>@@@Z@4HA 00000001400570bc     menu-window.obj
 0005:000040c8       $pdata$?dtor$0@?0???$?0V<lambda_5f2a59844b8069354d5a17d44e450129>@@X@?$function@$$A6AXPEAVButton@@@Z@std@@QEAA@V<lambda_5f2a59844b8069354d5a17d44e450129>@@@Z@4HA 00000001400570c8     menu-window.obj
 0005:000040d4       $pdata$?dtor$0@?0???$?0V<lambda_668a1179af56ef880bbabaf92a5d9839>@@X@?$function@$$A6AXPEAVButton@@@Z@std@@QEAA@V<lambda_668a1179af56ef880bbabaf92a5d9839>@@@Z@4HA 00000001400570d4     menu-window.obj
 0005:000040e0       $pdata$?dtor$0@?0???0MenuWindow@@QEAA@PEAVEngine@@AEBV?$Vector2@M@sf@@1@Z@4HA 00000001400570e0     menu-window.obj
 0005:000040ec       $pdata$?dtor$1@?0???0MenuWindow@@QEAA@PEAVEngine@@AEBV?$Vector2@M@sf@@1@Z@4HA 00000001400570ec     menu-window.obj
 0005:000040f8       $pdata$?dtor$3@?0???0MenuWindow@@QEAA@PEAVEngine@@AEBV?$Vector2@M@sf@@1@Z@4HA 00000001400570f8     menu-window.obj
 0005:00004104       $pdata$?dtor$5@?0???0MenuWindow@@QEAA@PEAVEngine@@AEBV?$Vector2@M@sf@@1@Z@4HA 0000000140057104     menu-window.obj
 0005:00004110       $pdata$?dtor$0@?0??onStartClicked@MenuWindow@@AEAAXPEAVButton@@@Z@4HA 0000000140057110     menu-window.obj
 0005:00004170       $pdata$?dtor$0@?0??Clone@Tank@@UEBAPEAVGameObject@@XZ@4HA 0000000140057170     tank.obj
 0005:0000417c       $pdata$?dtor$0@?0??Clone@Wall@@UEBAPEAVGameObject@@XZ@4HA 000000014005717c     wall.obj
 0005:00004188       $pdata$?dtor$0@?0???0WidgetGame@@QEAA@PEAVEngine@@AEBV?$Vector2@M@sf@@1@Z@4HA 0000000140057188     widget-game.obj
 0005:00004194       $pdata$?dtor$1@?0???0WidgetGame@@QEAA@PEAVEngine@@AEBV?$Vector2@M@sf@@1@Z@4HA 0000000140057194     widget-game.obj
 0005:000041a0       $pdata$?dtor$0@?0???0WindowGame@@QEAA@PEAVEngine@@AEBV?$Vector2@M@sf@@1@Z@4HA 00000001400571a0     window-game.obj
 0005:000041ac       $pdata$?dtor$1@?0???0WindowGame@@QEAA@PEAVEngine@@AEBV?$Vector2@M@sf@@1@Z@4HA 00000001400571ac     window-game.obj
 0005:000041b8       $pdata$?dtor$0@?0???0WindowEditor@@QEAA@PEAVEngine@@AEBV?$Vector2@M@sf@@1@Z@4HA 00000001400571b8     window-editor.obj
 0005:000041c4       $pdata$?dtor$1@?0???0WindowEditor@@QEAA@PEAVEngine@@AEBV?$Vector2@M@sf@@1@Z@4HA 00000001400571c4     window-editor.obj
 0005:000041d0       $pdata$__scrt_is_nonwritable_in_current_image$filt$0 00000001400571d0     MSVCRTD:utility.obj
 0005:000041dc       $pdata$?filt$0@?0??notify_debugger@@YAXAEBUtagEXCEPTION_VISUALCPP_DEBUG_INFO@@@Z@4HA 00000001400571dc     MSVCRTD:_error_.obj
 0005:000041e8       $pdata$?filt$0@?0??__scrt_common_main_seh@@YAHXZ@4HA 00000001400571e8     MSVCRTD:exe_winmain.obj
 0005:000041f4       $pdata$??__Ffont@@YAXXZ    00000001400571f4     button.obj
 0006:000017d6       .idata$6                   00000001400597d6     sfml-graphics-d:sfml-graphics-d-2.dll
 0006:00001890       .idata$6                   0000000140059890     sfml-window-d:sfml-window-d-2.dll
 0006:000019f4       .idata$6                   00000001400599f4     sfml-system-d:sfml-system-d-2.dll
 0006:00001c0c       .idata$6                   0000000140059c0c     msvcprtd:MSVCP140D.dll
 0006:00001d3e       .idata$6                   0000000140059d3e     vcruntimed:VCRUNTIME140D.dll
 0006:00002078       .idata$6                   000000014005a078     ucrtd:ucrtbased.dll
 0006:0000229e       .idata$6                   000000014005a29e     kernel32:KERNEL32.dll
 0008:00000170       $R000000                   000000014005c170     * linker generated manifest res *
