 Tanks

 Timestamp is 5b88592f (Thu Aug 30 23:53:03 2018)

 Preferred load address is 0000000140000000

 Start         Length     Name                   Class
 0001:00000000 000110c1H .textbss                DATA
 0002:00000000 00003930H .text$di                CODE
 0002:00003930 00022290H .text$mn                CODE
 0002:00025bc0 00001020H .text$mn$00             CODE
 0002:00026be0 00002640H .text$x                 CODE
 0002:00029220 00001042H .text$yd                CODE
 0003:00000000 00000110H .CRT$XCA                DATA
 0003:00000110 00000110H .CRT$XCAA               DATA
 0003:00000220 00000110H .CRT$XCU                DATA
 0003:00000330 00000110H .CRT$XCZ                DATA
 0003:00000440 00000110H .CRT$XIA                DATA
 0003:00000550 00000110H .CRT$XIAA               DATA
 0003:00000660 00000110H .CRT$XIAC               DATA
 0003:00000770 00000110H .CRT$XIZ                DATA
 0003:00000880 00000110H .CRT$XPA                DATA
 0003:00000990 00000110H .CRT$XPZ                DATA
 0003:00000aa0 00000110H .CRT$XTA                DATA
 0003:00000bb0 00000110H .CRT$XTZ                DATA
 0003:00000cc0 00005f78H .rdata                  DATA
 0003:00006c38 000012a0H .rdata$r                DATA
 0003:00007ed8 00000160H .rdata$zzzdbg           DATA
 0003:00008038 00000110H .rtc$IAA                DATA
 0003:00008148 00000250H .rtc$IMZ                DATA
 0003:00008398 00000110H .rtc$IZZ                DATA
 0003:000084a8 00000110H .rtc$TAA                DATA
 0003:000085b8 00000250H .rtc$TMZ                DATA
 0003:00008808 00000118H .rtc$TZZ                DATA
 0003:00008920 000055d0H .xdata                  DATA
 0003:0000def0 000002a1H .xdata$x                DATA
 0003:0000e191 00000000H .edata                  DATA
 0004:00000000 00000170H .data                   DATA
 0004:00000170 00000870H .data$r                 DATA
 0004:000009e0 00000821H .bss                    DATA
 0005:00000000 0000462cH .pdata                  DATA
 0006:00000000 00000820H .idata$5                DATA
 0006:00000820 0000008cH .idata$2                DATA
 0006:000008ac 00000014H .idata$3                DATA
 0006:000008c0 00000820H .idata$4                DATA
 0006:000010e0 00001446H .idata$6                DATA
 0007:00000000 0000011bH .00cfg                  DATA
 0008:00000000 00000170H .rsrc$01                DATA
 0008:00000170 000002ccH .rsrc$02                DATA

  Address         Publics by Value              Rva+Base               Lib:Object

 0000:00000000       __dynamic_value_reloc_table 0000000000000000     <absolute>
 0000:00000000       __guard_fids_count         0000000000000000     <absolute>
 0000:00000000       __hybrid_auxiliary_iat     0000000000000000     <absolute>
 0000:00000000       __enclave_config           0000000000000000     <absolute>
 0000:00000000       __hybrid_code_map_count    0000000000000000     <absolute>
 0000:00000000       __guard_iat_table          0000000000000000     <absolute>
 0000:00000000       __guard_iat_count          0000000000000000     <absolute>
 0000:00000000       __hybrid_code_map          0000000000000000     <absolute>
 0000:00000000       ___safe_se_handler_table   0000000000000000     <absolute>
 0000:00000000       ___safe_se_handler_count   0000000000000000     <absolute>
 0000:00000000       __guard_fids_table         0000000000000000     <absolute>
 0000:00000000       __guard_longjmp_table      0000000000000000     <absolute>
 0000:00000000       __guard_longjmp_count      0000000000000000     <absolute>
 0000:00000100       __guard_flags              0000000000000100     <absolute>
 0000:00000000       __ImageBase                0000000140000000     <linker-defined>
 0001:00000000       __enc$textbss$begin        0000000140001000     <linker-defined>
 0001:000110c1       __enc$textbss$end          00000001400120c1     <linker-defined>
 0002:00003930       ??$?0$$V@?$_Compressed_pair@V?$allocator@D@std@@V?$_String_val@U?$_Simple_types@D@std@@@2@$00@std@@QEAA@U_Zero_then_variadic_args_t@1@@Z 0000000140016930 f i button.obj
 0002:0000398a       ?setCharacterSize@Text@sf@@QEAAXI@Z 000000014001698a f   sfml-graphics-d:sfml-graphics-d-2.dll
 0002:000039a0       ??$?0D@?$allocator@U_Container_proxy@std@@@std@@QEAA@AEBV?$allocator@D@1@@Z 00000001400169a0 f i button.obj
 0002:000039f0       ??$?0_W@?$allocator@U_Container_proxy@std@@@std@@QEAA@AEBV?$allocator@_W@1@@Z 00000001400169f0 f i button.obj
 0002:00003a40       ??$_Allocate@$0BA@U_Default_allocate_traits@std@@$0A@@std@@YAPEAX_K@Z 0000000140016a40 f i button.obj
 0002:00003ad0       ??$_Allocate_manually_vector_aligned@U_Default_allocate_traits@std@@@std@@YAPEAX_K@Z 0000000140016ad0 f i button.obj
 0002:00003c40       ??$_Convert_size@_K@std@@YA_K_K@Z 0000000140016c40 f i button.obj
 0002:00003c90       ??$_Deallocate@$0BA@$0A@@std@@YAXPEAX_K@Z 0000000140016c90 f i button.obj
 0002:00003d20       ??$_Deallocate_plain@V?$allocator@U_Container_proxy@std@@@std@@$0A@@std@@YAXAEAV?$allocator@U_Container_proxy@std@@@0@QEAU_Container_proxy@0@@Z 0000000140016d20 f i button.obj
 0002:00003d90       ??$_Get_size_of_n@$00@std@@YA_K_K@Z 0000000140016d90 f i button.obj
 0002:00003de0       ??$_Get_size_of_n@$0BA@@std@@YA_K_K@Z 0000000140016de0 f i button.obj
 0002:00003e70       ??$_Getvals@_W@?$time_get@DV?$istreambuf_iterator@DU?$char_traits@D@std@@@std@@@std@@IEAAX_WAEBV_Locinfo@1@@Z 0000000140016e70 f i button.obj
 0002:00004070       ??$_Getvals@_W@?$time_get@_WV?$istreambuf_iterator@_WU?$char_traits@_W@std@@@std@@@std@@IEAAX_WAEBV_Locinfo@1@@Z 0000000140017070 f i button.obj
 0002:00004270       ??$_Maklocstr@D@std@@YAPEADPEBDPEADAEBU_Cvtvec@@@Z 0000000140017270 f i button.obj
 0002:00004380       ??$_Maklocstr@_W@std@@YAPEA_WPEBDPEA_WAEBU_Cvtvec@@@Z 0000000140017380 f i button.obj
 0002:00004630       ??$_Max_value@_K@std@@YAAEB_KAEB_K0@Z 0000000140017630 f i button.obj
 0002:000046d0       ??$_Min_value@_K@std@@YAAEB_KAEB_K0@Z 00000001400176d0 f i button.obj
 0002:00004950       ??$_Unfancy@D@std@@YAPEADPEAD@Z 0000000140017950 f i button.obj
 0002:000049a0       ??$_Unfancy@U_Container_proxy@std@@@std@@YAPEAU_Container_proxy@0@PEAU10@@Z 00000001400179a0 f i button.obj
 0002:000049f0       ??$_Unfancy@_W@std@@YAPEA_WPEA_W@Z 00000001400179f0 f i button.obj
 0002:00004a40       ??$addressof@PEAD@std@@YAPEAPEADAEAPEAD@Z 0000000140017a40 f i button.obj
 0002:00004a90       ??$addressof@PEA_W@std@@YAPEAPEA_WAEAPEA_W@Z 0000000140017a90 f i button.obj
 0002:00004ae0       ??$addressof@V?$_String_val@U?$_Simple_types@D@std@@@std@@@std@@YAPEAV?$_String_val@U?$_Simple_types@D@std@@@0@AEAV10@@Z 0000000140017ae0 f i button.obj
 0002:00004b30       ??$construct@PEADAEBQEAD@?$_Default_allocator_traits@V?$allocator@D@std@@@std@@SAXAEAV?$allocator@D@1@QEAPEADAEBQEAD@Z 0000000140017b30 f i button.obj
 0002:00004bc0       ??$construct@U_Container_proxy@std@@U12@@?$_Default_allocator_traits@V?$allocator@U_Container_proxy@std@@@std@@@std@@SAXAEAV?$allocator@U_Container_proxy@std@@@1@QEAU_Container_proxy@1@$$QEAU31@@Z 0000000140017bc0 f i button.obj
 0002:00004c60       ??$destroy@PEAD@?$_Default_allocator_traits@V?$allocator@D@std@@@std@@SAXAEAV?$allocator@D@1@QEAPEAD@Z 0000000140017c60 f i button.obj
 0002:00004cb0       ??$destroy@PEA_W@?$_Default_allocator_traits@V?$allocator@_W@std@@@std@@SAXAEAV?$allocator@_W@1@QEAPEA_W@Z 0000000140017cb0 f i button.obj
 0002:00004d00       ??$destroy@U_Container_proxy@std@@@?$_Default_allocator_traits@V?$allocator@U_Container_proxy@std@@@std@@@std@@SAXAEAV?$allocator@U_Container_proxy@std@@@1@QEAU_Container_proxy@1@@Z 0000000140017d00 f i button.obj
 0002:00004d50       ??$forward@AEBQEAD@std@@YAAEBQEADAEBQEAD@Z 0000000140017d50 f i button.obj
 0002:00004da0       ??$forward@PEAVButton@@@std@@YA$$QEAPEAVButton@@AEAPEAV1@@Z 0000000140017da0 f i button.obj
 0002:00004df0       ??$forward@U_Container_proxy@std@@@std@@YA$$QEAU_Container_proxy@0@AEAU10@@Z 0000000140017df0 f i button.obj
 0002:00004e40       ??$move@AEAV?$_Func_class@XPEAVButton@@@std@@@std@@YA$$QEAV?$_Func_class@XPEAVButton@@@0@AEAV10@@Z 0000000140017e40 f i button.obj
 0002:00004e90       ??0?$Vector2@M@sf@@QEAA@MM@Z 0000000140017e90 f i button.obj
 0002:00004f20       ??0?$_Func_class@XPEAVButton@@@std@@QEAA@XZ 0000000140017f20 f i button.obj
 0002:00004f80       ??0?$_String_alloc@U?$_String_base_types@DV?$allocator@D@std@@@std@@@std@@QEAA@XZ 0000000140017f80 f i button.obj
 0002:00005010       ??0?$_String_val@U?$_Simple_types@D@std@@@std@@QEAA@XZ 0000000140018010 f i button.obj
 0002:000050b0       ??0?$allocator@D@std@@QEAA@XZ 00000001400180b0 f i button.obj
 0002:00005100       ??0?$basic_string@DU?$char_traits@D@std@@V?$allocator@D@2@@std@@QEAA@QEBD@Z 0000000140018100 f i button.obj
 0002:000051a0       ??0?$function@$$A6AXPEAVButton@@@Z@std@@QEAA@$$T@Z 00000001400181a0 f i button.obj
 0002:00005200       ??0?$function@$$A6AXPEAVButton@@@Z@std@@QEAA@AEBV01@@Z 0000000140018200 f i button.obj
 0002:00005290       ??0Button@@QEAA@AEBV?$Vector2@M@sf@@0@Z 0000000140018290 f   button.obj
 0002:00005440       ??0_Bxty@?$_String_val@U?$_Simple_types@D@std@@@std@@QEAA@XZ 0000000140018440 f i button.obj
 0002:00005490       ??0_Container_base12@std@@QEAA@XZ 0000000140018490 f i button.obj
 0002:000054f0       ??0_Container_proxy@std@@QEAA@XZ 00000001400184f0 f i button.obj
 0002:00005560       ??1?$_Compressed_pair@V?$allocator@D@std@@V?$_String_val@U?$_Simple_types@D@std@@@2@$00@std@@QEAA@XZ 0000000140018560 f i button.obj
 0002:000055c0       ??1?$_Compressed_pair@V?$allocator@_W@std@@V?$_String_val@U?$_Simple_types@_W@std@@@2@$00@std@@QEAA@XZ 00000001400185c0 f i button.obj
 0002:00005620       ??1?$_Func_class@XPEAVButton@@@std@@QEAA@XZ 0000000140018620 f i button.obj
 0002:00005670       ??1?$_String_alloc@U?$_String_base_types@DV?$allocator@D@std@@@std@@@std@@QEAA@XZ 0000000140018670 f i button.obj
 0002:000056f0       ??1?$_String_alloc@U?$_String_base_types@_WV?$allocator@_W@std@@@std@@@std@@QEAA@XZ 00000001400186f0 f i button.obj
 0002:00005770       ??1?$_String_val@U?$_Simple_types@D@std@@@std@@QEAA@XZ 0000000140018770 f i button.obj
 0002:000057d0       ??1?$_String_val@U?$_Simple_types@_W@std@@@std@@QEAA@XZ 00000001400187d0 f i button.obj
 0002:00005830       ??1?$basic_string@DU?$char_traits@D@std@@V?$allocator@D@2@@std@@QEAA@XZ 0000000140018830 f i button.obj
 0002:000058a0       ??1?$basic_string@_WU?$char_traits@_W@std@@V?$allocator@_W@2@@std@@QEAA@XZ 00000001400188a0 f i button.obj
 0002:00005910       ??1?$function@$$A6AXPEAVButton@@@Z@std@@QEAA@XZ 0000000140018910 f i button.obj
 0002:00005960       ??1Button@@UEAA@XZ         0000000140018960 f   button.obj
 0002:00005a00       ??1_Bxty@?$_String_val@U?$_Simple_types@D@std@@@std@@QEAA@XZ 0000000140018a00 f i button.obj
 0002:00005a40       ??1_Bxty@?$_String_val@U?$_Simple_types@_W@std@@@std@@QEAA@XZ 0000000140018a40 f i button.obj
 0002:00005a80       ??2@YAPEAX_KPEAX@Z         0000000140018a80 f i button.obj
 0002:00005ad0       ??4?$function@$$A6AXPEAVButton@@@Z@std@@QEAAAEAV01@AEBV01@@Z 0000000140018ad0 f i button.obj
 0002:00005b90       ??B?$function@$$A6AXPEAVButton@@@Z@std@@QEBA_NXZ 0000000140018b90 f i button.obj
 0002:00005cc0       ??R?$_Func_class@XPEAVButton@@@std@@QEBAXPEAVButton@@@Z 0000000140018cc0 f i button.obj
 0002:00005d70       ??_EButton@@UEAAPEAXI@Z    0000000140018d70 f i button.obj
 0002:00005d70       ??_GButton@@UEAAPEAXI@Z    0000000140018d70 f i button.obj
 0002:00005e00       ?Draw@Button@@UEAAXPEAVRenderWindow@sf@@@Z 0000000140018e00 f   button.obj
 0002:00005ea0       ?GetText@Button@@QEBAPEB_WXZ 0000000140018ea0 f   button.obj
 0002:00005f70       ?HandleEvent@Button@@UEAAXAEBVEvent@sf@@@Z 0000000140018f70 f   button.obj
 0002:000060b0       ?SetOnClickedListener@Button@@QEAAXV?$function@$$A6AXPEAVButton@@@Z@std@@@Z 00000001400190b0 f   button.obj
 0002:00006140       ?SetPos@Button@@UEAAXAEBV?$Vector2@M@sf@@@Z 0000000140019140 f   button.obj
 0002:000061b0       ?SetText@Button@@QEAAXPEB_W@Z 00000001400191b0 f   button.obj
 0002:000063c0       ?Update@Button@@UEAAXAEBVTime@sf@@@Z 00000001400193c0 f   button.obj
 0002:00006410       ?_Adjust_manually_vector_aligned@std@@YAXAEAPEAXAEA_K@Z 0000000140019410 f i button.obj
 0002:00006590       ?_Alloc_proxy@?$_String_alloc@U?$_String_base_types@DV?$allocator@D@std@@@std@@@std@@QEAAXXZ 0000000140019590 f i button.obj
 0002:000066d0       ?_Allocate@_Default_allocate_traits@std@@SAPEAX_K@Z 00000001400196d0 f i button.obj
 0002:00006720       ?_Calculate_growth@?$basic_string@DU?$char_traits@D@std@@V?$allocator@D@2@@std@@QEBA_K_K@Z 0000000140019720 f i button.obj
 0002:00006850       ?_Empty@?$_Func_class@XPEAVButton@@@std@@IEBA_NXZ 0000000140019850 f i button.obj
 0002:000068d0       ?_Free_proxy@?$_String_alloc@U?$_String_base_types@DV?$allocator@D@std@@@std@@@std@@QEAAXXZ 00000001400198d0 f i button.obj
 0002:000069b0       ?_Free_proxy@?$_String_alloc@U?$_String_base_types@_WV?$allocator@_W@std@@@std@@@std@@QEAAXXZ 00000001400199b0 f i button.obj
 0002:00006a90       ?_Get_data@?$_String_alloc@U?$_String_base_types@DV?$allocator@D@std@@@std@@@std@@QEAAAEAV?$_String_val@U?$_Simple_types@D@std@@@2@XZ 0000000140019a90 f i button.obj
 0002:00006af0       ?_Get_data@?$_String_alloc@U?$_String_base_types@DV?$allocator@D@std@@@std@@@std@@QEBAAEBV?$_String_val@U?$_Simple_types@D@std@@@2@XZ 0000000140019af0 f i button.obj
 0002:00006b50       ?_Get_data@?$_String_alloc@U?$_String_base_types@_WV?$allocator@_W@std@@@std@@@std@@QEAAAEAV?$_String_val@U?$_Simple_types@_W@std@@@2@XZ 0000000140019b50 f i button.obj
 0002:00006bb0       ?_Get_data@?$_String_alloc@U?$_String_base_types@_WV?$allocator@_W@std@@@std@@@std@@QEBAAEBV?$_String_val@U?$_Simple_types@_W@std@@@2@XZ 0000000140019bb0 f i button.obj
 0002:00006c10       ?_Get_first@?$_Compressed_pair@V?$allocator@D@std@@V?$_String_val@U?$_Simple_types@D@std@@@2@$00@std@@QEAAAEAV?$allocator@D@2@XZ 0000000140019c10 f i button.obj
 0002:00006c60       ?_Get_first@?$_Compressed_pair@V?$allocator@D@std@@V?$_String_val@U?$_Simple_types@D@std@@@2@$00@std@@QEBAAEBV?$allocator@D@2@XZ 0000000140019c60 f i button.obj
 0002:00006cb0       ?_Get_first@?$_Compressed_pair@V?$allocator@_W@std@@V?$_String_val@U?$_Simple_types@_W@std@@@2@$00@std@@QEAAAEAV?$allocator@_W@2@XZ 0000000140019cb0 f i button.obj
 0002:00006d00       ?_Get_second@?$_Compressed_pair@V?$allocator@D@std@@V?$_String_val@U?$_Simple_types@D@std@@@2@$00@std@@QEAAAEAV?$_String_val@U?$_Simple_types@D@std@@@2@XZ 0000000140019d00 f i button.obj
 0002:00006d50       ?_Get_second@?$_Compressed_pair@V?$allocator@D@std@@V?$_String_val@U?$_Simple_types@D@std@@@2@$00@std@@QEBAAEBV?$_String_val@U?$_Simple_types@D@std@@@2@XZ 0000000140019d50 f i button.obj
 0002:00006da0       ?_Get_second@?$_Compressed_pair@V?$allocator@_W@std@@V?$_String_val@U?$_Simple_types@_W@std@@@2@$00@std@@QEAAAEAV?$_String_val@U?$_Simple_types@_W@std@@@2@XZ 0000000140019da0 f i button.obj
 0002:00006df0       ?_Get_second@?$_Compressed_pair@V?$allocator@_W@std@@V?$_String_val@U?$_Simple_types@_W@std@@@2@$00@std@@QEBAAEBV?$_String_val@U?$_Simple_types@_W@std@@@2@XZ 0000000140019df0 f i button.obj
 0002:00006e40       ?_Getal@?$_String_alloc@U?$_String_base_types@DV?$allocator@D@std@@@std@@@std@@QEAAAEAV?$allocator@D@2@XZ 0000000140019e40 f i button.obj
 0002:00006ea0       ?_Getal@?$_String_alloc@U?$_String_base_types@DV?$allocator@D@std@@@std@@@std@@QEBAAEBV?$allocator@D@2@XZ 0000000140019ea0 f i button.obj
 0002:00006f00       ?_Getal@?$_String_alloc@U?$_String_base_types@_WV?$allocator@_W@std@@@std@@@std@@QEAAAEAV?$allocator@_W@2@XZ 0000000140019f00 f i button.obj
 0002:00006f60       ?_Getimpl@?$_Func_class@XPEAVButton@@@std@@AEBAPEAV?$_Func_base@XPEAVButton@@@2@XZ 0000000140019f60 f i button.obj
 0002:00006fc0       ?_Getspace@?$_Func_class@XPEAVButton@@@std@@AEAAPEAXXZ 0000000140019fc0 f i button.obj
 0002:00007010       ?_Getspace@?$_Func_class@XPEAVButton@@@std@@AEBAPEBXXZ 000000014001a010 f i button.obj
 0002:00007060       ?_Large_string_engaged@?$_String_val@U?$_Simple_types@D@std@@@std@@QEBA_NXZ 000000014001a060 f i button.obj
 0002:000070e0       ?_Large_string_engaged@?$_String_val@U?$_Simple_types@_W@std@@@std@@QEBA_NXZ 000000014001a0e0 f i button.obj
 0002:00007160       ?_Local@?$_Func_class@XPEAVButton@@@std@@AEBA_NXZ 000000014001a160 f i button.obj
 0002:00007200       ?_Maklocwcs@std@@YAPEA_WPEB_W@Z 000000014001a200 f i button.obj
 0002:000072c0       ?_Myproxy@?$_String_alloc@U?$_String_base_types@DV?$allocator@D@std@@@std@@@std@@QEAAAEAPEAU_Container_proxy@2@XZ 000000014001a2c0 f i button.obj
 0002:00007310       ?_Myproxy@?$_String_alloc@U?$_String_base_types@_WV?$allocator@_W@std@@@std@@@std@@QEAAAEAPEAU_Container_proxy@2@XZ 000000014001a310 f i button.obj
 0002:00007360       ?_Myptr@?$_String_val@U?$_Simple_types@D@std@@@std@@QEAAPEADXZ 000000014001a360 f i button.obj
 0002:000073f0       ?_Myptr@?$_String_val@U?$_Simple_types@_W@std@@@std@@QEBAPEB_WXZ 000000014001a3f0 f i button.obj
 0002:00007480       ?_Orphan_all@?$_String_alloc@U?$_String_base_types@DV?$allocator@D@std@@@std@@@std@@QEAAXXZ 000000014001a480 f i button.obj
 0002:000074e0       ?_Orphan_all@?$_String_alloc@U?$_String_base_types@_WV?$allocator@_W@std@@@std@@@std@@QEAAXXZ 000000014001a4e0 f i button.obj
 0002:00007540       ?_Orphan_all@_Container_base12@std@@QEAAXXZ 000000014001a540 f i button.obj
 0002:00007640       ?_Reset_copy@?$_Func_class@XPEAVButton@@@std@@IEAAXAEBV12@@Z 000000014001a640 f i button.obj
 0002:00007710       ?_Reset_move@?$_Func_class@XPEAVButton@@@std@@IEAAX$$QEAV12@@Z 000000014001a710 f i button.obj
 0002:00007840       ?_Set@?$_Func_class@XPEAVButton@@@std@@AEAAXPEAV?$_Func_base@XPEAVButton@@@2@@Z 000000014001a840 f i button.obj
 0002:000078b0       ?_Swap@?$_Func_class@XPEAVButton@@@std@@IEAAXAEAV12@@Z 000000014001a8b0 f i button.obj
 0002:00007a50       ?_Tidy@?$_Func_class@XPEAVButton@@@std@@IEAAXXZ 000000014001aa50 f i button.obj
 0002:00007b20       ?_Tidy_deallocate@?$basic_string@DU?$char_traits@D@std@@V?$allocator@D@2@@std@@QEAAXXZ 000000014001ab20 f i button.obj
 0002:00007c50       ?_Tidy_deallocate@?$basic_string@_WU?$char_traits@_W@std@@V?$allocator@_W@2@@std@@QEAAXXZ 000000014001ac50 f i button.obj
 0002:00007d90       ?_Tidy_init@?$basic_string@DU?$char_traits@D@std@@V?$allocator@D@2@@std@@QEAAXXZ 000000014001ad90 f i button.obj
 0002:00007e40       ?_Xlen@?$basic_string@DU?$char_traits@D@std@@V?$allocator@D@2@@std@@SAXXZ 000000014001ae40 f i button.obj
 0002:00007e90       ?__empty_global_delete@@YAXPEAX@Z 000000014001ae90 f i button.obj
 0002:00007ed0       ?__empty_global_delete@@YAXPEAX_K@Z 000000014001aed0 f i button.obj
 0002:00007f20       ?allocate@?$allocator@D@std@@QEAAPEAD_K@Z 000000014001af20 f i button.obj
 0002:00007f80       ?allocate@?$allocator@U_Container_proxy@std@@@std@@QEAAPEAU_Container_proxy@2@_K@Z 000000014001af80 f i button.obj
 0002:00007fe0       ?assign@?$_WChar_traits@_W@std@@SAXAEA_WAEB_W@Z 000000014001afe0 f i button.obj
 0002:00008040       ?assign@?$basic_string@DU?$char_traits@D@std@@V?$allocator@D@2@@std@@QEAAAEAV12@QEBD@Z 000000014001b040 f i button.obj
 0002:000080c0       ?assign@?$basic_string@DU?$char_traits@D@std@@V?$allocator@D@2@@std@@QEAAAEAV12@QEBD_K@Z 000000014001b0c0 f i button.obj
 0002:00008200       ?assign@?$char_traits@D@std@@SAXAEADAEBD@Z 000000014001b200 f i button.obj
 0002:00008260       ?c_str@?$basic_string@_WU?$char_traits@_W@std@@V?$allocator@_W@2@@std@@QEBAPEB_WXZ 000000014001b260 f i button.obj
 0002:000082d0       ?calculatePosText@Button@@AEAAXXZ 000000014001b2d0 f   button.obj
 0002:00008410       ?copy@?$char_traits@D@std@@SAPEADQEADQEBD_K@Z 000000014001b410 f i button.obj
 0002:00008480       ?deallocate@?$_Default_allocator_traits@V?$allocator@U_Container_proxy@std@@@std@@@std@@SAXAEAV?$allocator@U_Container_proxy@std@@@2@QEAU_Container_proxy@2@_K@Z 000000014001b480 f i button.obj
 0002:000084f0       ?deallocate@?$allocator@D@std@@QEAAXQEAD_K@Z 000000014001b4f0 f i button.obj
 0002:00008560       ?deallocate@?$allocator@_W@std@@QEAAXQEA_W_K@Z 000000014001b560 f i button.obj
 0002:000085d0       ?length@?$char_traits@D@std@@SA_KQEBD@Z 000000014001b5d0 f i button.obj
 0002:00008620       ?max@?$numeric_limits@_J@std@@SA_JXZ 000000014001b620 f i button.obj
 0002:00008660       ?max_size@?$_Default_allocator_traits@V?$allocator@D@std@@@std@@SA_KAEBV?$allocator@D@2@@Z 000000014001b660 f i button.obj
 0002:000086b0       ?max_size@?$basic_string@DU?$char_traits@D@std@@V?$allocator@D@2@@std@@QEBA_KXZ 000000014001b6b0 f i button.obj
 0002:000087a0       ?move@?$char_traits@D@std@@SAPEADQEADQEBD_K@Z 000000014001b7a0 f i button.obj
 0002:00008810       ?swap@?$function@$$A6AXPEAVButton@@@Z@std@@QEAAXAEAV12@@Z 000000014001b810 f i button.obj
 0002:00008870       wmemcpy                    000000014001b870 f i button.obj
 0002:000088f0       ??$?0$$QEAW4Object_Type@@$$Z$$V@?$pair@$$CBW4Object_Type@@PEBVGameObject@@@std@@QEAA@Upiecewise_construct_t@1@V?$tuple@$$QEAW4Object_Type@@@1@V?$tuple@$$V@1@@Z 000000014001b8f0 f i config.obj
 0002:00008990       ??$?0AEAV?$_Tree_iterator@V?$_Tree_val@U?$_Tree_simple_types@U?$pair@$$CBW4Object_Type@@PEBVGameObject@@@std@@@std@@@std@@@std@@_N$0A@@?$pair@V?$_Tree_iterator@V?$_Tree_val@U?$_Tree_simple_types@U?$pair@$$CBW4Object_Type@@PEBVGameObject@@@std@@@std@@@std@@@std@@_N@std@@QEAA@AEAV?$_Tree_iterator@V?$_Tree_val@U?$_Tree_simple_types@U?$pair@$$CBW4Object_Type@@PEBVGameObject@@@std@@@std@@@std@@@1@$$QEA_N@Z 000000014001b990 f i config.obj
 0002:00008a30       ??$?0AEBV?$allocator@D@std@@$$V@?$_Compressed_pair@V?$allocator@D@std@@V?$_String_val@U?$_Simple_types@D@std@@@2@$00@std@@QEAA@U_One_then_variadic_args_t@1@AEBV?$allocator@D@1@@Z 000000014001ba30 f i config.obj
 0002:00008ab0       ??$?0AEBV?$allocator@D@std@@X@?$_String_alloc@U?$_String_base_types@DV?$allocator@D@std@@@std@@@std@@QEAA@AEBV?$allocator@D@1@@Z 000000014001bab0 f i config.obj
 0002:00008b50       ??$?0U_Exact_args_t@std@@$0A@@?$tuple@$$V@std@@QEAA@U_Exact_args_t@1@@Z 000000014001bb50 f i config.obj
 0002:00008ba0       ??$?0U_Exact_args_t@std@@W4Object_Type@@$$V$0A@@?$tuple@$$QEAW4Object_Type@@@std@@QEAA@U_Exact_args_t@1@$$QEAW4Object_Type@@@Z 000000014001bba0 f i config.obj
 0002:00008c50       ??$?0V?$_Tree_iterator@V?$_Tree_val@U?$_Tree_simple_types@U?$pair@$$CBW4Object_Type@@PEBVGameObject@@@std@@@std@@@std@@@std@@_N$0A@@?$pair@V?$_Tree_iterator@V?$_Tree_val@U?$_Tree_simple_types@U?$pair@$$CBW4Object_Type@@PEBVGameObject@@@std@@@std@@@std@@@std@@_N@std@@QEAA@$$QEAV?$_Tree_iterator@V?$_Tree_val@U?$_Tree_simple_types@U?$pair@$$CBW4Object_Type@@PEBVGameObject@@@std@@@std@@@std@@@1@$$QEA_N@Z 000000014001bc50 f i config.obj
 0002:00008cf0       ??$?0V?$tuple@$$QEAW4Object_Type@@@std@@V?$tuple@$$V@1@$0A@$$Z$S@?$pair@$$CBW4Object_Type@@PEBVGameObject@@@std@@QEAA@AEAV?$tuple@$$QEAW4Object_Type@@@1@AEAV?$tuple@$$V@1@U?$integer_sequence@_K$0A@@1@U?$integer_sequence@_K$S@1@@Z 000000014001bcf0 f i config.obj
 0002:00008d90       ??$?0W4Object_Type@@$$V$0A@@?$tuple@$$QEAW4Object_Type@@@std@@QEAA@$$QEAW4Object_Type@@@Z 000000014001bd90 f i config.obj
 0002:00008e30       ??$?0W4Object_Type@@@?$_Tuple_val@$$QEAW4Object_Type@@@std@@QEAA@$$QEAW4Object_Type@@@Z 000000014001be30 f i config.obj
 0002:00008ea0       ??$?9DD@std@@YA_NAEBV?$allocator@D@0@0@Z 000000014001bea0 f i config.obj
 0002:00008ef0       ??$_Buy_if_not_node@AEAU?$pair@$$CBW4Object_Type@@PEBVGameObject@@@std@@@?$_Tree@V?$_Tmap_traits@W4Object_Type@@PEBVGameObject@@U?$less@W4Object_Type@@@std@@V?$allocator@U?$pair@$$CBW4Object_Type@@PEBVGameObject@@@std@@@4@$0A@@std@@@std@@IEAAPEAU?$_Tree_node@U?$pair@$$CBW4Object_Type@@PEBVGameObject@@@std@@PEAX@1@PEAU21@AEAU?$pair@$$CBW4Object_Type@@PEBVGameObject@@@1@@Z 000000014001bef0 f i config.obj
 0002:00008f50       ??$_Buynode@AEBUpiecewise_construct_t@std@@V?$tuple@$$QEAW4Object_Type@@@2@V?$tuple@$$V@2@@?$_Tree_comp_alloc@V?$_Tmap_traits@W4Object_Type@@PEBVGameObject@@U?$less@W4Object_Type@@@std@@V?$allocator@U?$pair@$$CBW4Object_Type@@PEBVGameObject@@@std@@@4@$0A@@std@@@std@@QEAAPEAU?$_Tree_node@U?$pair@$$CBW4Object_Type@@PEBVGameObject@@@std@@PEAX@1@AEBUpiecewise_construct_t@1@$$QEAV?$tuple@$$QEAW4Object_Type@@@1@$$QEAV?$tuple@$$V@1@@Z 000000014001bf50 f i config.obj
 0002:00009090       ??$_Debug_lt_pred@AEAU?$less@W4Object_Type@@@std@@AEAW4Object_Type@@AEBW43@@std@@YA_NAEAU?$less@W4Object_Type@@@0@AEAW4Object_Type@@AEBW42@PEB_WI@Z 000000014001c090 f i config.obj
 0002:000091d0       ??$_Debug_lt_pred@AEAU?$less@W4Object_Type@@@std@@AEBW4Object_Type@@AEBW43@@std@@YA_NAEAU?$less@W4Object_Type@@@0@AEBW4Object_Type@@1PEB_WI@Z 000000014001c1d0 f i config.obj
 0002:00009310       ??$_Debug_lt_pred@AEBU?$less@W4Object_Type@@@std@@AEBW4Object_Type@@AEBW43@@std@@YA_NAEBU?$less@W4Object_Type@@@0@AEBW4Object_Type@@1PEB_WI@Z 000000014001c310 f i config.obj
 0002:00009450       ??$_Freenode0@V?$allocator@U?$_Tree_node@U?$pair@$$CBW4Object_Type@@PEBVGameObject@@@std@@PEAX@std@@@std@@@?$_Tree_node@U?$pair@$$CBW4Object_Type@@PEBVGameObject@@@std@@PEAX@std@@SAXAEAV?$allocator@U?$_Tree_node@U?$pair@$$CBW4Object_Type@@PEBVGameObject@@@std@@PEAX@std@@@1@PEAU01@@Z 000000014001c450 f i config.obj
 0002:00009550       ??$_Get_size_of_n@$0DA@@std@@YA_K_K@Z 000000014001c550 f i config.obj
 0002:000095e0       ??$_Insert_at@AEAU?$pair@$$CBW4Object_Type@@PEBVGameObject@@@std@@PEAU?$_Tree_node@U?$pair@$$CBW4Object_Type@@PEBVGameObject@@@std@@PEAX@2@@?$_Tree@V?$_Tmap_traits@W4Object_Type@@PEBVGameObject@@U?$less@W4Object_Type@@@std@@V?$allocator@U?$pair@$$CBW4Object_Type@@PEBVGameObject@@@std@@@4@$0A@@std@@@std@@IEAA?AV?$_Tree_iterator@V?$_Tree_val@U?$_Tree_simple_types@U?$pair@$$CBW4Object_Type@@PEBVGameObject@@@std@@@std@@@std@@@1@_NPEAU?$_Tree_node@U?$pair@$$CBW4Object_Type@@PEBVGameObject@@@std@@PEAX@1@AEAU?$pair@$$CBW4Object_Type@@PEBVGameObject@@@1@1@Z 000000014001c5e0 f i config.obj
 0002:00009a50       ??$_Insert_hint@AEAU?$pair@$$CBW4Object_Type@@PEBVGameObject@@@std@@PEAU?$_Tree_node@U?$pair@$$CBW4Object_Type@@PEBVGameObject@@@std@@PEAX@2@@?$_Tree@V?$_Tmap_traits@W4Object_Type@@PEBVGameObject@@U?$less@W4Object_Type@@@std@@V?$allocator@U?$pair@$$CBW4Object_Type@@PEBVGameObject@@@std@@@4@$0A@@std@@@std@@IEAA?AV?$_Tree_iterator@V?$_Tree_val@U?$_Tree_simple_types@U?$pair@$$CBW4Object_Type@@PEBVGameObject@@@std@@@std@@@std@@@1@V?$_Tree_const_iterator@V?$_Tree_val@U?$_Tree_simple_types@U?$pair@$$CBW4Object_Type@@PEBVGameObject@@@std@@@std@@@std@@@1@AEAU?$pair@$$CBW4Object_Type@@PEBVGameObject@@@1@PEAU?$_Tree_node@U?$pair@$$CBW4Object_Type@@PEBVGameObject@@@std@@PEAX@1@@Z 000000014001ca50 f i config.obj
 0002:0000afc0       ??$_Insert_nohint@AEAU?$pair@$$CBW4Object_Type@@PEBVGameObject@@@std@@PEAU?$_Tree_node@U?$pair@$$CBW4Object_Type@@PEBVGameObject@@@std@@PEAX@2@@?$_Tree@V?$_Tmap_traits@W4Object_Type@@PEBVGameObject@@U?$less@W4Object_Type@@@std@@V?$allocator@U?$pair@$$CBW4Object_Type@@PEBVGameObject@@@std@@@4@$0A@@std@@@std@@IEAA?AU?$pair@V?$_Tree_iterator@V?$_Tree_val@U?$_Tree_simple_types@U?$pair@$$CBW4Object_Type@@PEBVGameObject@@@std@@@std@@@std@@@std@@_N@1@_NAEAU?$pair@$$CBW4Object_Type@@PEBVGameObject@@@1@PEAU?$_Tree_node@U?$pair@$$CBW4Object_Type@@PEBVGameObject@@@std@@PEAX@1@@Z 000000014001dfc0 f i config.obj
 0002:0000b660       ??$_Kfn@$$CBW4Object_Type@@PEBVGameObject@@@?$_Tmap_traits@W4Object_Type@@PEBVGameObject@@U?$less@W4Object_Type@@@std@@V?$allocator@U?$pair@$$CBW4Object_Type@@PEBVGameObject@@@std@@@4@$0A@@std@@SAAEBW4Object_Type@@AEBU?$pair@$$CBW4Object_Type@@PEBVGameObject@@@1@@Z 000000014001e660 f i config.obj
 0002:0000b6b0       ??$_Lbound@W4Object_Type@@@?$_Tree@V?$_Tmap_traits@W4Object_Type@@PEBVGameObject@@U?$less@W4Object_Type@@@std@@V?$allocator@U?$pair@$$CBW4Object_Type@@PEBVGameObject@@@std@@@4@$0A@@std@@@std@@IEBAPEAU?$_Tree_node@U?$pair@$$CBW4Object_Type@@PEBVGameObject@@@std@@PEAX@1@AEBW4Object_Type@@@Z 000000014001e6b0 f i config.obj
 0002:0000b7a0       ??$_Pocma@V?$allocator@D@std@@@std@@YAXAEAV?$allocator@D@0@0@Z 000000014001e7a0 f i config.obj
 0002:0000b820       ??$_Pocma@V?$allocator@D@std@@@std@@YAXAEAV?$allocator@D@0@0U?$integral_constant@_N$00@0@@Z 000000014001e820 f i config.obj
 0002:0000ba60       ??$_Try_emplace@W4Object_Type@@$$V@?$map@W4Object_Type@@PEBVGameObject@@U?$less@W4Object_Type@@@std@@V?$allocator@U?$pair@$$CBW4Object_Type@@PEBVGameObject@@@std@@@4@@std@@QEAA?AU?$pair@V?$_Tree_iterator@V?$_Tree_val@U?$_Tree_simple_types@U?$pair@$$CBW4Object_Type@@PEBVGameObject@@@std@@@std@@@std@@@std@@_N@1@$$QEAW4Object_Type@@@Z 000000014001ea60 f i config.obj
 0002:0000bdb0       ??$addressof@$$CBU?$pair@$$CBW4Object_Type@@PEBVGameObject@@@std@@@std@@YAPEBU?$pair@$$CBW4Object_Type@@PEBVGameObject@@@0@AEBU10@@Z 000000014001edb0 f i config.obj
 0002:0000be00       ??$addressof@$$CBV?$_Tree_val@U?$_Tree_simple_types@U?$pair@$$CBW4Object_Type@@PEBVGameObject@@@std@@@std@@@std@@@std@@YAPEBV?$_Tree_val@U?$_Tree_simple_types@U?$pair@$$CBW4Object_Type@@PEBVGameObject@@@std@@@std@@@0@AEBV10@@Z 000000014001ee00 f i config.obj
 0002:0000be50       ??$addressof@PEAU?$_Tree_node@U?$pair@$$CBW4Object_Type@@PEBVGameObject@@@std@@PEAX@std@@@std@@YAPEAPEAU?$_Tree_node@U?$pair@$$CBW4Object_Type@@PEBVGameObject@@@std@@PEAX@0@AEAPEAU10@@Z 000000014001ee50 f i config.obj
 0002:0000bea0       ??$addressof@U?$pair@$$CBW4Object_Type@@PEBVGameObject@@@std@@@std@@YAPEAU?$pair@$$CBW4Object_Type@@PEBVGameObject@@@0@AEAU10@@Z 000000014001eea0 f i config.obj
 0002:0000bef0       ??$addressof@V?$_Tree_val@U?$_Tree_simple_types@U?$pair@$$CBW4Object_Type@@PEBVGameObject@@@std@@@std@@@std@@@std@@YAPEAV?$_Tree_val@U?$_Tree_simple_types@U?$pair@$$CBW4Object_Type@@PEBVGameObject@@@std@@@std@@@0@AEAV10@@Z 000000014001eef0 f i config.obj
 0002:0000bf40       ??$addressof@V?$basic_string@DU?$char_traits@D@std@@V?$allocator@D@2@@std@@@std@@YAPEAV?$basic_string@DU?$char_traits@D@std@@V?$allocator@D@2@@0@AEAV10@@Z 000000014001ef40 f i config.obj
 0002:0000bf90       ??$construct@PEAU?$_Tree_node@U?$pair@$$CBW4Object_Type@@PEBVGameObject@@@std@@PEAX@std@@AEAPEAU12@@?$_Default_allocator_traits@V?$allocator@U?$_Tree_node@U?$pair@$$CBW4Object_Type@@PEBVGameObject@@@std@@PEAX@std@@@std@@@std@@SAXAEAV?$allocator@U?$_Tree_node@U?$pair@$$CBW4Object_Type@@PEBVGameObject@@@std@@PEAX@std@@@1@QEAPEAU?$_Tree_node@U?$pair@$$CBW4Object_Type@@PEBVGameObject@@@std@@PEAX@1@AEAPEAU31@@Z 000000014001ef90 f i config.obj
 0002:0000c020       ??$construct@U?$pair@$$CBW4Object_Type@@PEBVGameObject@@@std@@AEBUpiecewise_construct_t@2@V?$tuple@$$QEAW4Object_Type@@@2@V?$tuple@$$V@2@@?$_Default_allocator_traits@V?$allocator@U?$_Tree_node@U?$pair@$$CBW4Object_Type@@PEBVGameObject@@@std@@PEAX@std@@@std@@@std@@SAXAEAV?$allocator@U?$_Tree_node@U?$pair@$$CBW4Object_Type@@PEBVGameObject@@@std@@PEAX@std@@@1@QEAU?$pair@$$CBW4Object_Type@@PEBVGameObject@@@1@AEBUpiecewise_construct_t@1@$$QEAV?$tuple@$$QEAW4Object_Type@@@1@$$QEAV?$tuple@$$V@1@@Z 000000014001f020 f i config.obj
 0002:0000c150       ??$destroy@PEAU?$_Tree_node@U?$pair@$$CBW4Object_Type@@PEBVGameObject@@@std@@PEAX@std@@@?$_Default_allocator_traits@V?$allocator@U?$_Tree_node@U?$pair@$$CBW4Object_Type@@PEBVGameObject@@@std@@PEAX@std@@@std@@@std@@SAXAEAV?$allocator@U?$_Tree_node@U?$pair@$$CBW4Object_Type@@PEBVGameObject@@@std@@PEAX@std@@@1@QEAPEAU?$_Tree_node@U?$pair@$$CBW4Object_Type@@PEBVGameObject@@@std@@PEAX@1@@Z 000000014001f150 f i config.obj
 0002:0000c1a0       ??$destroy@U?$pair@$$CBW4Object_Type@@PEBVGameObject@@@std@@@?$_Default_allocator_traits@V?$allocator@U?$_Tree_node@U?$pair@$$CBW4Object_Type@@PEBVGameObject@@@std@@PEAX@std@@@std@@@std@@SAXAEAV?$allocator@U?$_Tree_node@U?$pair@$$CBW4Object_Type@@PEBVGameObject@@@std@@PEAX@std@@@1@QEAU?$pair@$$CBW4Object_Type@@PEBVGameObject@@@1@@Z 000000014001f1a0 f i config.obj
 0002:0000c1f0       ??$emplace_hint@AEBUpiecewise_construct_t@std@@V?$tuple@$$QEAW4Object_Type@@@2@V?$tuple@$$V@2@@?$_Tree@V?$_Tmap_traits@W4Object_Type@@PEBVGameObject@@U?$less@W4Object_Type@@@std@@V?$allocator@U?$pair@$$CBW4Object_Type@@PEBVGameObject@@@std@@@4@$0A@@std@@@std@@QEAA?AV?$_Tree_iterator@V?$_Tree_val@U?$_Tree_simple_types@U?$pair@$$CBW4Object_Type@@PEBVGameObject@@@std@@@std@@@std@@@1@V?$_Tree_const_iterator@V?$_Tree_val@U?$_Tree_simple_types@U?$pair@$$CBW4Object_Type@@PEBVGameObject@@@std@@@std@@@std@@@1@AEBUpiecewise_construct_t@1@$$QEAV?$tuple@$$QEAW4Object_Type@@@1@$$QEAV?$tuple@$$V@1@@Z 000000014001f1f0 f i config.obj
 0002:0000c380       ??$forward@$$QEAW4Object_Type@@@std@@YA$$QEAW4Object_Type@@AEAW41@@Z 000000014001f380 f i config.obj
 0002:0000c3d0       ??$forward@AEAPEAU?$_Tree_node@U?$pair@$$CBW4Object_Type@@PEBVGameObject@@@std@@PEAX@std@@@std@@YAAEAPEAU?$_Tree_node@U?$pair@$$CBW4Object_Type@@PEBVGameObject@@@std@@PEAX@0@AEAPEAU10@@Z 000000014001f3d0 f i config.obj
 0002:0000c420       ??$forward@AEAU?$pair@$$CBW4Object_Type@@PEBVGameObject@@@std@@@std@@YAAEAU?$pair@$$CBW4Object_Type@@PEBVGameObject@@@0@AEAU10@@Z 000000014001f420 f i config.obj
 0002:0000c470       ??$forward@AEAV?$_Tree_iterator@V?$_Tree_val@U?$_Tree_simple_types@U?$pair@$$CBW4Object_Type@@PEBVGameObject@@@std@@@std@@@std@@@std@@@std@@YAAEAV?$_Tree_iterator@V?$_Tree_val@U?$_Tree_simple_types@U?$pair@$$CBW4Object_Type@@PEBVGameObject@@@std@@@std@@@std@@@0@AEAV10@@Z 000000014001f470 f i config.obj
 0002:0000c4c0       ??$forward@AEBUpiecewise_construct_t@std@@@std@@YAAEBUpiecewise_construct_t@0@AEBU10@@Z 000000014001f4c0 f i config.obj
 0002:0000c510       ??$forward@AEBV?$allocator@D@std@@@std@@YAAEBV?$allocator@D@0@AEBV10@@Z 000000014001f510 f i config.obj
 0002:0000c560       ??$forward@V?$_Tree_iterator@V?$_Tree_val@U?$_Tree_simple_types@U?$pair@$$CBW4Object_Type@@PEBVGameObject@@@std@@@std@@@std@@@std@@@std@@YA$$QEAV?$_Tree_iterator@V?$_Tree_val@U?$_Tree_simple_types@U?$pair@$$CBW4Object_Type@@PEBVGameObject@@@std@@@std@@@std@@@0@AEAV10@@Z 000000014001f560 f i config.obj
 0002:0000c5b0       ??$forward@V?$tuple@$$QEAW4Object_Type@@@std@@@std@@YA$$QEAV?$tuple@$$QEAW4Object_Type@@@0@AEAV10@@Z 000000014001f5b0 f i config.obj
 0002:0000c600       ??$forward@V?$tuple@$$V@std@@@std@@YA$$QEAV?$tuple@$$V@0@AEAV10@@Z 000000014001f600 f i config.obj
 0002:0000c650       ??$forward@W4Object_Type@@@std@@YA$$QEAW4Object_Type@@AEAW41@@Z 000000014001f650 f i config.obj
 0002:0000c6a0       ??$forward@_N@std@@YA$$QEA_NAEA_N@Z 000000014001f6a0 f i config.obj
 0002:0000c6f0       ??$forward_as_tuple@$$V@std@@YA?AV?$tuple@$$V@0@XZ 000000014001f6f0 f i config.obj
 0002:0000c750       ??$forward_as_tuple@W4Object_Type@@@std@@YA?AV?$tuple@$$QEAW4Object_Type@@@0@$$QEAW4Object_Type@@@Z 000000014001f750 f i config.obj
 0002:0000c7e0       ??$get@$0A@$$QEAW4Object_Type@@@std@@YA$$QEAW4Object_Type@@$$QEAV?$tuple@$$QEAW4Object_Type@@@0@@Z 000000014001f7e0 f i config.obj
 0002:0000c840       ??$move@AEAV?$allocator@D@std@@@std@@YA$$QEAV?$allocator@D@0@AEAV10@@Z 000000014001f840 f i config.obj
 0002:0000c890       ??$move@AEAV?$basic_string@DU?$char_traits@D@std@@V?$allocator@D@2@@std@@@std@@YA$$QEAV?$basic_string@DU?$char_traits@D@std@@V?$allocator@D@2@@0@AEAV10@@Z 000000014001f890 f i config.obj
 0002:0000c8e0       ??$move@AEAV?$tuple@$$QEAW4Object_Type@@@std@@@std@@YA$$QEAV?$tuple@$$QEAW4Object_Type@@@0@AEAV10@@Z 000000014001f8e0 f i config.obj
 0002:0000c930       ??$move@AEAW4Object_Type@@@std@@YA$$QEAW4Object_Type@@AEAW41@@Z 000000014001f930 f i config.obj
 0002:0000c980       ??$try_emplace@$$V@?$map@W4Object_Type@@PEBVGameObject@@U?$less@W4Object_Type@@@std@@V?$allocator@U?$pair@$$CBW4Object_Type@@PEBVGameObject@@@std@@@4@@std@@QEAA?AU?$pair@V?$_Tree_iterator@V?$_Tree_val@U?$_Tree_simple_types@U?$pair@$$CBW4Object_Type@@PEBVGameObject@@@std@@@std@@@std@@@std@@_N@1@$$QEAW4Object_Type@@@Z 000000014001f980 f i config.obj
 0002:0000ca20       ??0?$_Tree_const_iterator@V?$_Tree_val@U?$_Tree_simple_types@U?$pair@$$CBW4Object_Type@@PEBVGameObject@@@std@@@std@@@std@@@std@@QEAA@$$QEAV01@@Z 000000014001fa20 f i config.obj
 0002:0000ca90       ??0?$_Tree_const_iterator@V?$_Tree_val@U?$_Tree_simple_types@U?$pair@$$CBW4Object_Type@@PEBVGameObject@@@std@@@std@@@std@@@std@@QEAA@AEBV01@@Z 000000014001fa90 f i config.obj
 0002:0000cb00       ??0?$_Tree_const_iterator@V?$_Tree_val@U?$_Tree_simple_types@U?$pair@$$CBW4Object_Type@@PEBVGameObject@@@std@@@std@@@std@@@std@@QEAA@PEAU?$_Tree_node@U?$pair@$$CBW4Object_Type@@PEBVGameObject@@@std@@PEAX@1@PEBV?$_Tree_val@U?$_Tree_simple_types@U?$pair@$$CBW4Object_Type@@PEBVGameObject@@@std@@@std@@@1@@Z 000000014001fb00 f i config.obj
 0002:0000cb80       ??0?$_Tree_const_iterator@V?$_Tree_val@U?$_Tree_simple_types@U?$pair@$$CBW4Object_Type@@PEBVGameObject@@@std@@@std@@@std@@@std@@QEAA@XZ 000000014001fb80 f i config.obj
 0002:0000cbe0       ??0?$_Tree_iterator@V?$_Tree_val@U?$_Tree_simple_types@U?$pair@$$CBW4Object_Type@@PEBVGameObject@@@std@@@std@@@std@@@std@@QEAA@$$QEAV01@@Z 000000014001fbe0 f i config.obj
 0002:0000cc50       ??0?$_Tree_iterator@V?$_Tree_val@U?$_Tree_simple_types@U?$pair@$$CBW4Object_Type@@PEBVGameObject@@@std@@@std@@@std@@@std@@QEAA@AEBV01@@Z 000000014001fc50 f i config.obj
 0002:0000ccc0       ??0?$_Tree_iterator@V?$_Tree_val@U?$_Tree_simple_types@U?$pair@$$CBW4Object_Type@@PEBVGameObject@@@std@@@std@@@std@@@std@@QEAA@PEAU?$_Tree_node@U?$pair@$$CBW4Object_Type@@PEBVGameObject@@@std@@PEAX@1@PEBV?$_Tree_val@U?$_Tree_simple_types@U?$pair@$$CBW4Object_Type@@PEBVGameObject@@@std@@@std@@@1@@Z 000000014001fcc0 f i config.obj
 0002:0000cd40       ??0?$_Tree_unchecked_const_iterator@V?$_Tree_val@U?$_Tree_simple_types@U?$pair@$$CBW4Object_Type@@PEBVGameObject@@@std@@@std@@@std@@U_Iterator_base12@2@@std@@QEAA@$$QEAV01@@Z 000000014001fd40 f i config.obj
 0002:0000cdd0       ??0?$_Tree_unchecked_const_iterator@V?$_Tree_val@U?$_Tree_simple_types@U?$pair@$$CBW4Object_Type@@PEBVGameObject@@@std@@@std@@@std@@U_Iterator_base12@2@@std@@QEAA@AEBV01@@Z 000000014001fdd0 f i config.obj
 0002:0000ce60       ??0?$_Tree_unchecked_const_iterator@V?$_Tree_val@U?$_Tree_simple_types@U?$pair@$$CBW4Object_Type@@PEBVGameObject@@@std@@@std@@@std@@U_Iterator_base12@2@@std@@QEAA@PEAU?$_Tree_node@U?$pair@$$CBW4Object_Type@@PEBVGameObject@@@std@@PEAX@1@PEBV?$_Tree_val@U?$_Tree_simple_types@U?$pair@$$CBW4Object_Type@@PEBVGameObject@@@std@@@std@@@1@@Z 000000014001fe60 f i config.obj
 0002:0000cf00       ??0?$_Tree_unchecked_const_iterator@V?$_Tree_val@U?$_Tree_simple_types@U?$pair@$$CBW4Object_Type@@PEBVGameObject@@@std@@@std@@@std@@U_Iterator_base12@2@@std@@QEAA@XZ 000000014001ff00 f i config.obj
 0002:0000cf70       ??0?$basic_string@DU?$char_traits@D@std@@V?$allocator@D@2@@std@@QEAA@AEBV01@_K1AEBV?$allocator@D@1@@Z 000000014001ff70 f i config.obj
 0002:0000d030       ??0?$tuple@$$QEAW4Object_Type@@@std@@QEAA@$$QEAV01@@Z 0000000140020030 f i config.obj
 0002:0000d0b0       ??0?$tuple@$$V@std@@QEAA@AEBV01@@Z 00000001400200b0 f i config.obj
 0002:0000d100       ??0?$tuple@$$V@std@@QEAA@XZ 0000000140020100 f i config.obj
 0002:0000d150       ??0_Iterator_base12@std@@QEAA@AEBU01@@Z 0000000140020150 f i config.obj
 0002:0000d1e0       ??0_Iterator_base12@std@@QEAA@XZ 00000001400201e0 f i config.obj
 0002:0000d250       ??1?$_Tree_const_iterator@V?$_Tree_val@U?$_Tree_simple_types@U?$pair@$$CBW4Object_Type@@PEBVGameObject@@@std@@@std@@@std@@@std@@QEAA@XZ 0000000140020250 f i config.obj
 0002:0000d2a0       ??1?$_Tree_iterator@V?$_Tree_val@U?$_Tree_simple_types@U?$pair@$$CBW4Object_Type@@PEBVGameObject@@@std@@@std@@@std@@@std@@QEAA@XZ 00000001400202a0 f i config.obj
 0002:0000d2f0       ??1?$_Tree_unchecked_const_iterator@V?$_Tree_val@U?$_Tree_simple_types@U?$pair@$$CBW4Object_Type@@PEBVGameObject@@@std@@@std@@@std@@U_Iterator_base12@2@@std@@QEAA@XZ 00000001400202f0 f i config.obj
 0002:0000d340       ??1?$pair@V?$_Tree_iterator@V?$_Tree_val@U?$_Tree_simple_types@U?$pair@$$CBW4Object_Type@@PEBVGameObject@@@std@@@std@@@std@@@std@@_N@std@@QEAA@XZ 0000000140020340 f i config.obj
 0002:0000d3a0       ??1_Iterator_base12@std@@QEAA@XZ 00000001400203a0 f i config.obj
 0002:0000d440       ??4?$_Tree_const_iterator@V?$_Tree_val@U?$_Tree_simple_types@U?$pair@$$CBW4Object_Type@@PEBVGameObject@@@std@@@std@@@std@@@std@@QEAAAEAV01@AEBV01@@Z 0000000140020440 f i config.obj
 0002:0000d4b0       ??4?$_Tree_unchecked_const_iterator@V?$_Tree_val@U?$_Tree_simple_types@U?$pair@$$CBW4Object_Type@@PEBVGameObject@@@std@@@std@@@std@@U_Iterator_base12@2@@std@@QEAAAEAV01@AEBV01@@Z 00000001400204b0 f i config.obj
 0002:0000d540       ??4?$basic_string@DU?$char_traits@D@std@@V?$allocator@D@2@@std@@QEAAAEAV01@$$QEAV01@@Z 0000000140020540 f i config.obj
 0002:0000d640       ??4_Iterator_base12@std@@QEAAAEAU01@AEBU01@@Z 0000000140020640 f i config.obj
 0002:0000d740       ??8?$_Tree_const_iterator@V?$_Tree_val@U?$_Tree_simple_types@U?$pair@$$CBW4Object_Type@@PEBVGameObject@@@std@@@std@@@std@@@std@@QEBA_NAEBV01@@Z 0000000140020740 f i config.obj
 0002:0000d860       ??A?$map@W4Object_Type@@PEBVGameObject@@U?$less@W4Object_Type@@@std@@V?$allocator@U?$pair@$$CBW4Object_Type@@PEBVGameObject@@@std@@@4@@std@@QEAAAEAPEBVGameObject@@$$QEAW4Object_Type@@@Z 0000000140020860 f i config.obj
 0002:0000d940       ??C?$_Tree_const_iterator@V?$_Tree_val@U?$_Tree_simple_types@U?$pair@$$CBW4Object_Type@@PEBVGameObject@@@std@@@std@@@std@@@std@@QEBAPEBU?$pair@$$CBW4Object_Type@@PEBVGameObject@@@1@XZ 0000000140020940 f i config.obj
 0002:0000d9a0       ??C?$_Tree_iterator@V?$_Tree_val@U?$_Tree_simple_types@U?$pair@$$CBW4Object_Type@@PEBVGameObject@@@std@@@std@@@std@@@std@@QEBAPEAU?$pair@$$CBW4Object_Type@@PEBVGameObject@@@1@XZ 00000001400209a0 f i config.obj
 0002:0000da00       ??D?$_Tree_const_iterator@V?$_Tree_val@U?$_Tree_simple_types@U?$pair@$$CBW4Object_Type@@PEBVGameObject@@@std@@@std@@@std@@@std@@QEBAAEBU?$pair@$$CBW4Object_Type@@PEBVGameObject@@@1@XZ 0000000140020a00 f i config.obj
 0002:0000daf0       ??D?$_Tree_iterator@V?$_Tree_val@U?$_Tree_simple_types@U?$pair@$$CBW4Object_Type@@PEBVGameObject@@@std@@@std@@@std@@@std@@QEBAAEAU?$pair@$$CBW4Object_Type@@PEBVGameObject@@@1@XZ 0000000140020af0 f i config.obj
 0002:0000db40       ??E?$_Tree_const_iterator@V?$_Tree_val@U?$_Tree_simple_types@U?$pair@$$CBW4Object_Type@@PEBVGameObject@@@std@@@std@@@std@@@std@@QEAAAEAV01@XZ 0000000140020b40 f i config.obj
 0002:0000dc30       ??E?$_Tree_unchecked_const_iterator@V?$_Tree_val@U?$_Tree_simple_types@U?$pair@$$CBW4Object_Type@@PEBVGameObject@@@std@@@std@@@std@@U_Iterator_base12@2@@std@@QEAAAEAV01@XZ 0000000140020c30 f i config.obj
 0002:0000dd50       ??F?$_Tree_const_iterator@V?$_Tree_val@U?$_Tree_simple_types@U?$pair@$$CBW4Object_Type@@PEBVGameObject@@@std@@@std@@@std@@@std@@QEAAAEAV01@XZ 0000000140020d50 f i config.obj
 0002:0000dea0       ??F?$_Tree_iterator@V?$_Tree_val@U?$_Tree_simple_types@U?$pair@$$CBW4Object_Type@@PEBVGameObject@@@std@@@std@@@std@@@std@@QEAAAEAV01@XZ 0000000140020ea0 f i config.obj
 0002:0000df00       ??F?$_Tree_unchecked_const_iterator@V?$_Tree_val@U?$_Tree_simple_types@U?$pair@$$CBW4Object_Type@@PEBVGameObject@@@std@@@std@@@std@@U_Iterator_base12@2@@std@@QEAAAEAV01@XZ 0000000140020f00 f i config.obj
 0002:0000e100       ??R?$less@W4Object_Type@@@std@@QEBA_NAEBW4Object_Type@@0@Z 0000000140021100 f i config.obj
 0002:0000e190       ?Create_Object@ConfigManager@@QEBAPEAVGameObject@@W4Object_Type@@@Z 0000000140021190 f   config.obj
 0002:0000e320       ?Get_Word_Pos_End@Config_Parser@@YAPEBDPEBD@Z 0000000140021320 f   config.obj
 0002:0000e400       ?Is_Comment_Line@Config_Parser@@YA_NPEBD@Z 0000000140021400 f   config.obj
 0002:0000e490       ?Load@ConfigManager@@QEAA_NPEBD@Z 0000000140021490 f   config.obj
 0002:0000e620       ?Read@Config_Parser@@YAPEBDPEBDAEAH@Z 0000000140021620 f   config.obj
 0002:0000e7b0       ?Read@Config_Parser@@YAPEBDPEBDAEAM@Z 00000001400217b0 f   config.obj
 0002:0000e940       ?Read@Config_Parser@@YAPEBDPEBDAEAV?$basic_string@DU?$char_traits@D@std@@V?$allocator@D@2@@std@@@Z 0000000140021940 f   config.obj
 0002:0000eab0       ?Read_Line@ConfigManager@@AEBA_KPEAU_iobuf@@PEAD_K@Z 0000000140021ab0 f   config.obj
 0002:0000ec00       ?_Adopt@_Iterator_base12@std@@QEAAXPEBU_Container_base12@2@@Z 0000000140021c00 f i config.obj
 0002:0000ed40       ?_Assign_rv_contents@?$basic_string@DU?$char_traits@D@std@@V?$allocator@D@2@@std@@QEAAX$$QEAV12@U?$integral_constant@_N$00@2@@Z 0000000140021d40 f i config.obj
 0002:0000ede0       ?_Assign_rv_contents_with_alloc_always_equal@?$basic_string@DU?$char_traits@D@std@@V?$allocator@D@2@@std@@QEAAX$$QEAV12@U?$integral_constant@_N$00@2@@Z 0000000140021de0 f i config.obj
 0002:0000ef00       ?_Buynode0@?$_Tree_comp_alloc@V?$_Tmap_traits@W4Object_Type@@PEBVGameObject@@U?$less@W4Object_Type@@@std@@V?$allocator@U?$pair@$$CBW4Object_Type@@PEBVGameObject@@@std@@@4@$0A@@std@@@std@@QEAAPEAU?$_Tree_node@U?$pair@$$CBW4Object_Type@@PEBVGameObject@@@std@@PEAX@2@XZ 0000000140021f00 f i config.obj
 0002:0000f050       ?_Check_offset@?$_String_val@U?$_Simple_types@D@std@@@std@@QEBAX_K@Z 0000000140022050 f i config.obj
 0002:0000f0c0       ?_Clamp_suffix_size@?$_String_val@U?$_Simple_types@D@std@@@std@@QEBA_K_K0@Z 00000001400220c0 f i config.obj
 0002:0000f150       ?_Compare@?$_Tree@V?$_Tmap_traits@W4Object_Type@@PEBVGameObject@@U?$less@W4Object_Type@@@std@@V?$allocator@U?$pair@$$CBW4Object_Type@@PEBVGameObject@@@std@@@4@$0A@@std@@@std@@IEBA_NAEBW4Object_Type@@0@Z 0000000140022150 f i config.obj
 0002:0000f1e0       ?_Destroy_if_node@?$_Tree@V?$_Tmap_traits@W4Object_Type@@PEBVGameObject@@U?$less@W4Object_Type@@@std@@V?$allocator@U?$pair@$$CBW4Object_Type@@PEBVGameObject@@@std@@@4@$0A@@std@@@std@@IEAAXPEAU?$_Tree_node@U?$pair@$$CBW4Object_Type@@PEBVGameObject@@@std@@PEAX@2@@Z 00000001400221e0 f i config.obj
 0002:0000f280       ?_Freenode0@?$_Tree_comp_alloc@V?$_Tmap_traits@W4Object_Type@@PEBVGameObject@@U?$less@W4Object_Type@@@std@@V?$allocator@U?$pair@$$CBW4Object_Type@@PEBVGameObject@@@std@@@4@$0A@@std@@@std@@QEAAXPEAU?$_Tree_node@U?$pair@$$CBW4Object_Type@@PEBVGameObject@@@std@@PEAX@2@@Z 0000000140022280 f i config.obj
 0002:0000f2f0       ?_Get_data@?$_Tree_comp_alloc@V?$_Tmap_traits@W4Object_Type@@PEBVGameObject@@U?$less@W4Object_Type@@@std@@V?$allocator@U?$pair@$$CBW4Object_Type@@PEBVGameObject@@@std@@@4@$0A@@std@@@std@@QEAAAEAV?$_Tree_val@U?$_Tree_simple_types@U?$pair@$$CBW4Object_Type@@PEBVGameObject@@@std@@@std@@@2@XZ 00000001400222f0 f i config.obj
 0002:0000f350       ?_Get_data@?$_Tree_comp_alloc@V?$_Tmap_traits@W4Object_Type@@PEBVGameObject@@U?$less@W4Object_Type@@@std@@V?$allocator@U?$pair@$$CBW4Object_Type@@PEBVGameObject@@@std@@@4@$0A@@std@@@std@@QEBAAEBV?$_Tree_val@U?$_Tree_simple_types@U?$pair@$$CBW4Object_Type@@PEBVGameObject@@@std@@@std@@@2@XZ 0000000140022350 f i config.obj
 0002:0000f3b0       ?_Get_first@?$_Compressed_pair@U?$less@W4Object_Type@@@std@@V?$_Compressed_pair@V?$allocator@U?$_Tree_node@U?$pair@$$CBW4Object_Type@@PEBVGameObject@@@std@@PEAX@std@@@std@@V?$_Tree_val@U?$_Tree_simple_types@U?$pair@$$CBW4Object_Type@@PEBVGameObject@@@std@@@std@@@2@$00@2@$00@std@@QEAAAEAU?$less@W4Object_Type@@@2@XZ 00000001400223b0 f i config.obj
 0002:0000f400       ?_Get_first@?$_Compressed_pair@U?$less@W4Object_Type@@@std@@V?$_Compressed_pair@V?$allocator@U?$_Tree_node@U?$pair@$$CBW4Object_Type@@PEBVGameObject@@@std@@PEAX@std@@@std@@V?$_Tree_val@U?$_Tree_simple_types@U?$pair@$$CBW4Object_Type@@PEBVGameObject@@@std@@@std@@@2@$00@2@$00@std@@QEBAAEBU?$less@W4Object_Type@@@2@XZ 0000000140022400 f i config.obj
 0002:0000f450       ?_Get_first@?$_Compressed_pair@V?$allocator@U?$_Tree_node@U?$pair@$$CBW4Object_Type@@PEBVGameObject@@@std@@PEAX@std@@@std@@V?$_Tree_val@U?$_Tree_simple_types@U?$pair@$$CBW4Object_Type@@PEBVGameObject@@@std@@@std@@@2@$00@std@@QEAAAEAV?$allocator@U?$_Tree_node@U?$pair@$$CBW4Object_Type@@PEBVGameObject@@@std@@PEAX@std@@@2@XZ 0000000140022450 f i config.obj
 0002:0000f4a0       ?_Get_first@?$_Compressed_pair@V?$allocator@U?$_Tree_node@U?$pair@$$CBW4Object_Type@@PEBVGameObject@@@std@@PEAX@std@@@std@@V?$_Tree_val@U?$_Tree_simple_types@U?$pair@$$CBW4Object_Type@@PEBVGameObject@@@std@@@std@@@2@$00@std@@QEBAAEBV?$allocator@U?$_Tree_node@U?$pair@$$CBW4Object_Type@@PEBVGameObject@@@std@@PEAX@std@@@2@XZ 00000001400224a0 f i config.obj
 0002:0000f4f0       ?_Get_second@?$_Compressed_pair@U?$less@W4Object_Type@@@std@@V?$_Compressed_pair@V?$allocator@U?$_Tree_node@U?$pair@$$CBW4Object_Type@@PEBVGameObject@@@std@@PEAX@std@@@std@@V?$_Tree_val@U?$_Tree_simple_types@U?$pair@$$CBW4Object_Type@@PEBVGameObject@@@std@@@std@@@2@$00@2@$00@std@@QEAAAEAV?$_Compressed_pair@V?$allocator@U?$_Tree_node@U?$pair@$$CBW4Object_Type@@PEBVGameObject@@@std@@PEAX@std@@@std@@V?$_Tree_val@U?$_Tree_simple_types@U?$pair@$$CBW4Object_Type@@PEBVGameObject@@@std@@@std@@@2@$00@2@XZ 00000001400224f0 f i config.obj
 0002:0000f540       ?_Get_second@?$_Compressed_pair@U?$less@W4Object_Type@@@std@@V?$_Compressed_pair@V?$allocator@U?$_Tree_node@U?$pair@$$CBW4Object_Type@@PEBVGameObject@@@std@@PEAX@std@@@std@@V?$_Tree_val@U?$_Tree_simple_types@U?$pair@$$CBW4Object_Type@@PEBVGameObject@@@std@@@std@@@2@$00@2@$00@std@@QEBAAEBV?$_Compressed_pair@V?$allocator@U?$_Tree_node@U?$pair@$$CBW4Object_Type@@PEBVGameObject@@@std@@PEAX@std@@@std@@V?$_Tree_val@U?$_Tree_simple_types@U?$pair@$$CBW4Object_Type@@PEBVGameObject@@@std@@@std@@@2@$00@2@XZ 0000000140022540 f i config.obj
 0002:0000f590       ?_Get_second@?$_Compressed_pair@V?$allocator@U?$_Tree_node@U?$pair@$$CBW4Object_Type@@PEBVGameObject@@@std@@PEAX@std@@@std@@V?$_Tree_val@U?$_Tree_simple_types@U?$pair@$$CBW4Object_Type@@PEBVGameObject@@@std@@@std@@@2@$00@std@@QEAAAEAV?$_Tree_val@U?$_Tree_simple_types@U?$pair@$$CBW4Object_Type@@PEBVGameObject@@@std@@@std@@@2@XZ 0000000140022590 f i config.obj
 0002:0000f5e0       ?_Get_second@?$_Compressed_pair@V?$allocator@U?$_Tree_node@U?$pair@$$CBW4Object_Type@@PEBVGameObject@@@std@@PEAX@std@@@std@@V?$_Tree_val@U?$_Tree_simple_types@U?$pair@$$CBW4Object_Type@@PEBVGameObject@@@std@@@std@@@2@$00@std@@QEBAAEBV?$_Tree_val@U?$_Tree_simple_types@U?$pair@$$CBW4Object_Type@@PEBVGameObject@@@std@@@std@@@2@XZ 00000001400225e0 f i config.obj
 0002:0000f630       ?_Getal@?$_Tree_comp_alloc@V?$_Tmap_traits@W4Object_Type@@PEBVGameObject@@U?$less@W4Object_Type@@@std@@V?$allocator@U?$pair@$$CBW4Object_Type@@PEBVGameObject@@@std@@@4@$0A@@std@@@std@@QEAAAEAV?$allocator@U?$_Tree_node@U?$pair@$$CBW4Object_Type@@PEBVGameObject@@@std@@PEAX@std@@@2@XZ 0000000140022630 f i config.obj
 0002:0000f690       ?_Getal@?$_Tree_comp_alloc@V?$_Tmap_traits@W4Object_Type@@PEBVGameObject@@U?$less@W4Object_Type@@@std@@V?$allocator@U?$pair@$$CBW4Object_Type@@PEBVGameObject@@@std@@@4@$0A@@std@@@std@@QEBAAEBV?$allocator@U?$_Tree_node@U?$pair@$$CBW4Object_Type@@PEBVGameObject@@@std@@PEAX@std@@@2@XZ 0000000140022690 f i config.obj
 0002:0000f6f0       ?_Getcomp@?$_Tree_comp_alloc@V?$_Tmap_traits@W4Object_Type@@PEBVGameObject@@U?$less@W4Object_Type@@@std@@V?$allocator@U?$pair@$$CBW4Object_Type@@PEBVGameObject@@@std@@@4@$0A@@std@@@std@@QEAAAEAU?$less@W4Object_Type@@@2@XZ 00000001400226f0 f i config.obj
 0002:0000f750       ?_Getcomp@?$_Tree_comp_alloc@V?$_Tmap_traits@W4Object_Type@@PEBVGameObject@@U?$less@W4Object_Type@@@std@@V?$allocator@U?$pair@$$CBW4Object_Type@@PEBVGameObject@@@std@@@4@$0A@@std@@@std@@QEBAAEBU?$less@W4Object_Type@@@2@XZ 0000000140022750 f i config.obj
 0002:0000f7b0       ?_Getcont@_Iterator_base12@std@@QEBAPEBU_Container_base12@2@XZ 00000001400227b0 f i config.obj
 0002:0000f830       ?_Key@?$_Tree@V?$_Tmap_traits@W4Object_Type@@PEBVGameObject@@U?$less@W4Object_Type@@@std@@V?$allocator@U?$pair@$$CBW4Object_Type@@PEBVGameObject@@@std@@@4@$0A@@std@@@std@@IEBAAEBW4Object_Type@@PEAU?$_Tree_node@U?$pair@$$CBW4Object_Type@@PEBVGameObject@@@std@@PEAX@2@@Z 0000000140022830 f i config.obj
 0002:0000f8a0       ?_Kfn@?$_Tree@V?$_Tmap_traits@W4Object_Type@@PEBVGameObject@@U?$less@W4Object_Type@@@std@@V?$allocator@U?$pair@$$CBW4Object_Type@@PEBVGameObject@@@std@@@4@$0A@@std@@@std@@IEBAAEBW4Object_Type@@AEBU?$pair@$$CBW4Object_Type@@PEBVGameObject@@@2@@Z 00000001400228a0 f i config.obj
 0002:0000f900       ?_Lmost@?$_Tree_val@U?$_Tree_simple_types@U?$pair@$$CBW4Object_Type@@PEBVGameObject@@@std@@@std@@@std@@QEBAAEAPEAU?$_Tree_node@U?$pair@$$CBW4Object_Type@@PEBVGameObject@@@std@@PEAX@2@XZ 0000000140022900 f i config.obj
 0002:0000f950       ?_Lrotate@?$_Tree_val@U?$_Tree_simple_types@U?$pair@$$CBW4Object_Type@@PEBVGameObject@@@std@@@std@@@std@@QEAAXPEAU?$_Tree_node@U?$pair@$$CBW4Object_Type@@PEBVGameObject@@@std@@PEAX@2@@Z 0000000140022950 f i config.obj
 0002:0000fab0       ?_Max@?$_Tree_val@U?$_Tree_simple_types@U?$pair@$$CBW4Object_Type@@PEBVGameObject@@@std@@@std@@@std@@SAPEAU?$_Tree_node@U?$pair@$$CBW4Object_Type@@PEBVGameObject@@@std@@PEAX@2@PEAU32@@Z 0000000140022ab0 f i config.obj
 0002:0000fb30       ?_Min@?$_Tree_val@U?$_Tree_simple_types@U?$pair@$$CBW4Object_Type@@PEBVGameObject@@@std@@@std@@@std@@SAPEAU?$_Tree_node@U?$pair@$$CBW4Object_Type@@PEBVGameObject@@@std@@PEAX@2@PEAU32@@Z 0000000140022b30 f i config.obj
 0002:0000fbb0       ?_Move_alloc@?$_String_alloc@U?$_String_base_types@DV?$allocator@D@std@@@std@@@std@@QEAAXAEAV?$allocator@D@2@@Z 0000000140022bb0 f i config.obj
 0002:0000fca0       ?_Myptr@?$_String_val@U?$_Simple_types@D@std@@@std@@QEBAPEBDXZ 0000000140022ca0 f i config.obj
 0002:0000fd30       ?_Orphan_me@_Iterator_base12@std@@QEAAXXZ 0000000140022d30 f i config.obj
 0002:0000fe70       ?_Rmost@?$_Tree_val@U?$_Tree_simple_types@U?$pair@$$CBW4Object_Type@@PEBVGameObject@@@std@@@std@@@std@@QEBAAEAPEAU?$_Tree_node@U?$pair@$$CBW4Object_Type@@PEBVGameObject@@@std@@PEAX@2@XZ 0000000140022e70 f i config.obj
 0002:0000fed0       ?_Root@?$_Tree_val@U?$_Tree_simple_types@U?$pair@$$CBW4Object_Type@@PEBVGameObject@@@std@@@std@@@std@@QEBAAEAPEAU?$_Tree_node@U?$pair@$$CBW4Object_Type@@PEBVGameObject@@@std@@PEAX@2@XZ 0000000140022ed0 f i config.obj
 0002:0000ff30       ?_Rrotate@?$_Tree_val@U?$_Tree_simple_types@U?$pair@$$CBW4Object_Type@@PEBVGameObject@@@std@@@std@@@std@@QEAAXPEAU?$_Tree_node@U?$pair@$$CBW4Object_Type@@PEBVGameObject@@@std@@PEAX@2@@Z 0000000140022f30 f i config.obj
 0002:00010090       ?_Swap_all@?$_String_alloc@U?$_String_base_types@DV?$allocator@D@std@@@std@@@std@@QEAAXAEAV12@@Z 0000000140023090 f i config.obj
 0002:00010120       ?_Swap_all@_Container_base12@std@@QEAAXAEAU12@@Z 0000000140023120 f i config.obj
 0002:00010240       ?_Xran@?$_String_val@U?$_Simple_types@D@std@@@std@@SAXXZ 0000000140023240 f i config.obj
 0002:00010290       ?allocate@?$allocator@U?$_Tree_node@U?$pair@$$CBW4Object_Type@@PEBVGameObject@@@std@@PEAX@std@@@std@@QEAAPEAU?$_Tree_node@U?$pair@$$CBW4Object_Type@@PEBVGameObject@@@std@@PEAX@2@_K@Z 0000000140023290 f i config.obj
 0002:000102f0       ?assign@?$basic_string@DU?$char_traits@D@std@@V?$allocator@D@2@@std@@QEAAAEAV12@AEBV12@_K_K@Z 00000001400232f0 f i config.obj
 0002:000103c0       ?begin@?$_Tree@V?$_Tmap_traits@W4Object_Type@@PEBVGameObject@@U?$less@W4Object_Type@@@std@@V?$allocator@U?$pair@$$CBW4Object_Type@@PEBVGameObject@@@std@@@4@$0A@@std@@@std@@QEAA?AV?$_Tree_iterator@V?$_Tree_val@U?$_Tree_simple_types@U?$pair@$$CBW4Object_Type@@PEBVGameObject@@@std@@@std@@@std@@@2@XZ 00000001400233c0 f i config.obj
 0002:00010480       ?c_str@?$basic_string@DU?$char_traits@D@std@@V?$allocator@D@2@@std@@QEBAPEBDXZ 0000000140023480 f i config.obj
 0002:000104f0       ?deallocate@?$_Default_allocator_traits@V?$allocator@U?$_Tree_node@U?$pair@$$CBW4Object_Type@@PEBVGameObject@@@std@@PEAX@std@@@std@@@std@@SAXAEAV?$allocator@U?$_Tree_node@U?$pair@$$CBW4Object_Type@@PEBVGameObject@@@std@@PEAX@std@@@2@QEAU?$_Tree_node@U?$pair@$$CBW4Object_Type@@PEBVGameObject@@@std@@PEAX@2@_K@Z 00000001400234f0 f i config.obj
 0002:00010560       ?deallocate@?$allocator@U?$_Tree_node@U?$pair@$$CBW4Object_Type@@PEBVGameObject@@@std@@PEAX@std@@@std@@QEAAXQEAU?$_Tree_node@U?$pair@$$CBW4Object_Type@@PEBVGameObject@@@std@@PEAX@2@_K@Z 0000000140023560 f i config.obj
 0002:000105d0       ?end@?$_Tree@V?$_Tmap_traits@W4Object_Type@@PEBVGameObject@@U?$less@W4Object_Type@@@std@@V?$allocator@U?$pair@$$CBW4Object_Type@@PEBVGameObject@@@std@@@4@$0A@@std@@@std@@QEAA?AV?$_Tree_iterator@V?$_Tree_val@U?$_Tree_simple_types@U?$pair@$$CBW4Object_Type@@PEBVGameObject@@@std@@@std@@@std@@@2@XZ 00000001400235d0 f i config.obj
 0002:00010670       ?end@?$_Tree@V?$_Tmap_traits@W4Object_Type@@PEBVGameObject@@U?$less@W4Object_Type@@@std@@V?$allocator@U?$pair@$$CBW4Object_Type@@PEBVGameObject@@@std@@@4@$0A@@std@@@std@@QEBA?AV?$_Tree_const_iterator@V?$_Tree_val@U?$_Tree_simple_types@U?$pair@$$CBW4Object_Type@@PEBVGameObject@@@std@@@std@@@std@@@2@XZ 0000000140023670 f i config.obj
 0002:00010710       ?find@?$_Tree@V?$_Tmap_traits@W4Object_Type@@PEBVGameObject@@U?$less@W4Object_Type@@@std@@V?$allocator@U?$pair@$$CBW4Object_Type@@PEBVGameObject@@@std@@@4@$0A@@std@@@std@@QEBA?AV?$_Tree_const_iterator@V?$_Tree_val@U?$_Tree_simple_types@U?$pair@$$CBW4Object_Type@@PEBVGameObject@@@std@@@std@@@std@@@2@AEBW4Object_Type@@@Z 0000000140023710 f i config.obj
 0002:000109e0       ?lower_bound@?$_Tree@V?$_Tmap_traits@W4Object_Type@@PEBVGameObject@@U?$less@W4Object_Type@@@std@@V?$allocator@U?$pair@$$CBW4Object_Type@@PEBVGameObject@@@std@@@4@$0A@@std@@@std@@QEAA?AV?$_Tree_iterator@V?$_Tree_val@U?$_Tree_simple_types@U?$pair@$$CBW4Object_Type@@PEBVGameObject@@@std@@@std@@@std@@@2@AEBW4Object_Type@@@Z 00000001400239e0 f i config.obj
 0002:00010ab0       ?lower_bound@?$_Tree@V?$_Tmap_traits@W4Object_Type@@PEBVGameObject@@U?$less@W4Object_Type@@@std@@V?$allocator@U?$pair@$$CBW4Object_Type@@PEBVGameObject@@@std@@@4@$0A@@std@@@std@@QEBA?AV?$_Tree_const_iterator@V?$_Tree_val@U?$_Tree_simple_types@U?$pair@$$CBW4Object_Type@@PEBVGameObject@@@std@@@std@@@std@@@2@AEBW4Object_Type@@@Z 0000000140023ab0 f i config.obj
 0002:00010b80       ?max_size@?$_Default_allocator_traits@V?$allocator@U?$_Tree_node@U?$pair@$$CBW4Object_Type@@PEBVGameObject@@@std@@PEAX@std@@@std@@@std@@SA_KAEBV?$allocator@U?$_Tree_node@U?$pair@$$CBW4Object_Type@@PEBVGameObject@@@std@@PEAX@std@@@2@@Z 0000000140023b80 f i config.obj
 0002:00010bd0       ?max_size@?$_Tree@V?$_Tmap_traits@W4Object_Type@@PEBVGameObject@@U?$less@W4Object_Type@@@std@@V?$allocator@U?$pair@$$CBW4Object_Type@@PEBVGameObject@@@std@@@4@$0A@@std@@@std@@QEBA_KXZ 0000000140023bd0 f i config.obj
 0002:00010c30       ?pointer_to@?$pointer_traits@PEAU?$pair@$$CBW4Object_Type@@PEBVGameObject@@@std@@@std@@SAPEAU?$pair@$$CBW4Object_Type@@PEBVGameObject@@@2@AEAU32@@Z 0000000140023c30 f i config.obj
 0002:00010c80       ?pointer_to@?$pointer_traits@PEBU?$pair@$$CBW4Object_Type@@PEBVGameObject@@@std@@@std@@SAPEBU?$pair@$$CBW4Object_Type@@PEBVGameObject@@@2@AEBU32@@Z 0000000140023c80 f i config.obj
 0002:00010cd0       ?size@?$_Tree@V?$_Tmap_traits@W4Object_Type@@PEBVGameObject@@U?$less@W4Object_Type@@@std@@V?$allocator@U?$pair@$$CBW4Object_Type@@PEBVGameObject@@@std@@@4@$0A@@std@@@std@@QEBA_KXZ 0000000140023cd0 f i config.obj
 0002:00010d30       ?stof@std@@YAMAEBV?$basic_string@DU?$char_traits@D@std@@V?$allocator@D@2@@1@PEA_K@Z 0000000140023d30 f i config.obj
 0002:00010e50       ?stoi@std@@YAHAEBV?$basic_string@DU?$char_traits@D@std@@V?$allocator@D@2@@1@PEA_KH@Z 0000000140023e50 f i config.obj
 0002:00010f80       __local_stdio_printf_options 0000000140023f80 f i config.obj
 0002:00010fc0       _vfprintf_l                0000000140023fc0 f i config.obj
 0002:00011050       printf                     0000000140024050 f i config.obj
 0002:00011110       ??0?$Container@VGameObject@@@@QEAA@AEBV?$Vector2@M@sf@@0@Z 0000000140024110 f i container.obj
 0002:000111d0       ??0?$Container@VWidget@@@@QEAA@AEBV?$Vector2@M@sf@@0@Z 00000001400241d0 f i container.obj
 0002:00011290       ??1?$Container@VGameObject@@@@UEAA@XZ 0000000140024290 f i container.obj
 0002:00011350       ??1?$Container@VWidget@@@@UEAA@XZ 0000000140024350 f i container.obj
 0002:00011410       ??_G?$Container@VGameObject@@@@UEAAPEAXI@Z 0000000140024410 f i container.obj
 0002:00011410       ??_E?$Container@VGameObject@@@@UEAAPEAXI@Z 0000000140024410 f i container.obj
 0002:000114a0       ??_E?$Container@VWidget@@@@UEAAPEAXI@Z 00000001400244a0 f i container.obj
 0002:000114a0       ??_G?$Container@VWidget@@@@UEAAPEAXI@Z 00000001400244a0 f i container.obj
 0002:00011530       ?AddWidget@?$Container@VGameObject@@@@QEAAXPEAVGameObject@@@Z 0000000140024530 f i container.obj
 0002:000116e0       ?AddWidget@?$Container@VWidget@@@@QEAAXPEAVWidget@@@Z 00000001400246e0 f i container.obj
 0002:00011890       ?Draw@?$Container@VGameObject@@@@UEAAXPEAVRenderWindow@sf@@@Z 0000000140024890 f i container.obj
 0002:00011970       ?Draw@?$Container@VWidget@@@@UEAAXPEAVRenderWindow@sf@@@Z 0000000140024970 f i container.obj
 0002:00011a50       ?GetWidget@?$Container@VGameObject@@@@QEBAPEAVGameObject@@_K@Z 0000000140024a50 f i container.obj
 0002:00011af0       ?GetWidget@?$Container@VWidget@@@@QEBAPEAVWidget@@_K@Z 0000000140024af0 f i container.obj
 0002:00011b90       ?GetWidgetsCount@?$Container@VGameObject@@@@QEBA_KXZ 0000000140024b90 f i container.obj
 0002:00011be0       ?GetWidgetsCount@?$Container@VWidget@@@@QEBA_KXZ 0000000140024be0 f i container.obj
 0002:00011c30       ?HandleEvent@?$Container@VGameObject@@@@UEAAXAEBVEvent@sf@@@Z 0000000140024c30 f i container.obj
 0002:00011c80       ?HandleEvent@?$Container@VWidget@@@@UEAAXAEBVEvent@sf@@@Z 0000000140024c80 f   container.obj
 0002:00011d50       ?RemoveWidget@?$Container@VGameObject@@@@QEAA_NPEAVGameObject@@@Z 0000000140024d50 f i container.obj
 0002:00011f10       ?RemoveWidget@?$Container@VWidget@@@@QEAA_NPEAVWidget@@@Z 0000000140024f10 f i container.obj
 0002:000120d0       ?SetPos@?$Container@VGameObject@@@@UEAAXAEBV?$Vector2@M@sf@@@Z 00000001400250d0 f i container.obj
 0002:00012190       ?SetPos@?$Container@VWidget@@@@UEAAXAEBV?$Vector2@M@sf@@@Z 0000000140025190 f i container.obj
 0002:00012250       ?Update@?$Container@VGameObject@@@@UEAAXAEBVTime@sf@@@Z 0000000140025250 f i container.obj
 0002:00012320       ?Update@?$Container@VWidget@@@@UEAAXAEBVTime@sf@@@Z 0000000140025320 f i container.obj
 0002:000123f0       ??$?0$$V@?$_Compressed_pair@V?$allocator@PEAV?$Container@VWidget@@@@@std@@V?$_Vector_val@U?$_Simple_types@PEAV?$Container@VWidget@@@@@std@@@2@$00@std@@QEAA@U_Zero_then_variadic_args_t@1@@Z 00000001400253f0 f i engine.obj
 0002:00012460       ??$?0$$V@?$_Compressed_pair@V?$allocator@U?$_Tree_node@U?$pair@$$CBW4Object_Type@@PEBVGameObject@@@std@@PEAX@std@@@std@@V?$_Tree_val@U?$_Tree_simple_types@U?$pair@$$CBW4Object_Type@@PEBVGameObject@@@std@@@std@@@2@$00@std@@QEAA@U_Zero_then_variadic_args_t@1@@Z 0000000140025460 f i engine.obj
 0002:000124d0       ??$?0AEBU?$less@W4Object_Type@@@std@@U_Zero_then_variadic_args_t@1@@?$_Compressed_pair@U?$less@W4Object_Type@@@std@@V?$_Compressed_pair@V?$allocator@U?$_Tree_node@U?$pair@$$CBW4Object_Type@@PEBVGameObject@@@std@@PEAX@std@@@std@@V?$_Tree_val@U?$_Tree_simple_types@U?$pair@$$CBW4Object_Type@@PEBVGameObject@@@std@@@std@@@2@$00@2@$00@std@@QEAA@U_One_then_variadic_args_t@1@AEBU?$less@W4Object_Type@@@1@$$QEAU_Zero_then_variadic_args_t@1@@Z 00000001400254d0 f i engine.obj
 0002:00012560       ??$?0PEAV?$Container@VWidget@@@@@?$allocator@U_Container_proxy@std@@@std@@QEAA@AEBV?$allocator@PEAV?$Container@VWidget@@@@@1@@Z 0000000140025560 f i engine.obj
 0002:000125b0       ??$?0U?$_Tree_node@U?$pair@$$CBW4Object_Type@@PEBVGameObject@@@std@@PEAX@std@@@?$allocator@U_Container_proxy@std@@@std@@QEAA@AEBV?$allocator@U?$_Tree_node@U?$pair@$$CBW4Object_Type@@PEBVGameObject@@@std@@PEAX@std@@@1@@Z 00000001400255b0 f i engine.obj
 0002:00012600       ??$_Copy_memmove@PEAPEAV?$Container@VWidget@@@@PEAPEAV1@@std@@YAPEAPEAV?$Container@VWidget@@@@PEAPEAV1@00@Z 0000000140025600 f i engine.obj
 0002:000126c0       ??$_Destroy_range1@V?$allocator@PEAV?$Container@VWidget@@@@@std@@@std@@YAXPEAPEAV?$Container@VWidget@@@@0AEAV?$allocator@PEAV?$Container@VWidget@@@@@0@U?$integral_constant@_N$00@0@@Z 00000001400256c0 f i engine.obj
 0002:00012720       ??$_Destroy_range@V?$allocator@PEAV?$Container@VWidget@@@@@std@@@std@@YAXPEAPEAV?$Container@VWidget@@@@0AEAV?$allocator@PEAV?$Container@VWidget@@@@@0@@Z 0000000140025720 f i engine.obj
 0002:000127a0       ??$_Emplace_back_with_unused_capacity@AEBQEAV?$Container@VWidget@@@@@?$vector@PEAV?$Container@VWidget@@@@V?$allocator@PEAV?$Container@VWidget@@@@@std@@@std@@AEAA@AEBQEAV?$Container@VWidget@@@@@Z 00000001400257a0 f i engine.obj
 0002:000128f0       ??$_Emplace_reallocate@AEBQEAV?$Container@VWidget@@@@@?$vector@PEAV?$Container@VWidget@@@@V?$allocator@PEAV?$Container@VWidget@@@@@std@@@std@@QEAAPEAPEAV?$Container@VWidget@@@@QEAPEAV2@AEBQEAV2@@Z 00000001400258f0 f i engine.obj
 0002:00012bf0       ??$_Get_size_of_n@$07@std@@YA_K_K@Z 0000000140025bf0 f i engine.obj
 0002:00012c80       ??$_Ptr_move_cat@PEAV?$Container@VWidget@@@@PEAV1@@std@@YA?AU_Really_trivial_ptr_iterator_tag@0@AEBQEAPEAV?$Container@VWidget@@@@0@Z 0000000140025c80 f i engine.obj
 0002:00012ce0       ??$_Rechecked@PEAPEAV?$Container@VWidget@@@@PEAPEAV1@@std@@YAAEAPEAPEAV?$Container@VWidget@@@@AEAPEAPEAV1@QEAPEAV1@@Z 0000000140025ce0 f i engine.obj
 0002:00012d50       ??$_Unchecked@PEAPEAV?$Container@VWidget@@@@@std@@YAPEAPEAV?$Container@VWidget@@@@PEAPEAV1@@Z 0000000140025d50 f i engine.obj
 0002:00012da0       ??$_Unfancy@PEAV?$Container@VWidget@@@@@std@@YAPEAPEAV?$Container@VWidget@@@@PEAPEAV1@@Z 0000000140025da0 f i engine.obj
 0002:00012df0       ??$_Uninitialized_move@PEAPEAV?$Container@VWidget@@@@PEAPEAV1@V?$allocator@PEAV?$Container@VWidget@@@@@std@@@std@@YAPEAPEAV?$Container@VWidget@@@@QEAPEAV1@0PEAPEAV1@AEAV?$allocator@PEAV?$Container@VWidget@@@@@0@@Z 0000000140025df0 f i engine.obj
 0002:00012f00       ??$_Uninitialized_move_al_unchecked@PEAV?$Container@VWidget@@@@PEAV1@V?$allocator@PEAV?$Container@VWidget@@@@@std@@@std@@YAPEAPEAV?$Container@VWidget@@@@QEAPEAV1@00AEAV?$allocator@PEAV?$Container@VWidget@@@@@0@U_Really_trivial_ptr_iterator_tag@0@U?$integral_constant@_N$00@0@@Z 0000000140025f00 f i engine.obj
 0002:00012f80       ??$addressof@V?$_Vector_val@U?$_Simple_types@PEAV?$Container@VWidget@@@@@std@@@std@@@std@@YAPEAV?$_Vector_val@U?$_Simple_types@PEAV?$Container@VWidget@@@@@std@@@0@AEAV10@@Z 0000000140025f80 f i engine.obj
 0002:00012fd0       ??$construct@PEAV?$Container@VWidget@@@@AEBQEAV1@@?$_Default_allocator_traits@V?$allocator@PEAV?$Container@VWidget@@@@@std@@@std@@SAXAEAV?$allocator@PEAV?$Container@VWidget@@@@@1@QEAPEAV?$Container@VWidget@@@@AEBQEAV3@@Z 0000000140025fd0 f i engine.obj
 0002:00013060       ??$emplace_back@AEBQEAV?$Container@VWidget@@@@@?$vector@PEAV?$Container@VWidget@@@@V?$allocator@PEAV?$Container@VWidget@@@@@std@@@std@@QEAA@AEBQEAV?$Container@VWidget@@@@@Z 0000000140026060 f i engine.obj
 0002:00013130       ??$forward@AEBQEAV?$Container@VWidget@@@@@std@@YAAEBQEAV?$Container@VWidget@@@@AEBQEAV1@@Z 0000000140026130 f i engine.obj
 0002:00013180       ??$forward@AEBU?$less@W4Object_Type@@@std@@@std@@YAAEBU?$less@W4Object_Type@@@0@AEBU10@@Z 0000000140026180 f i engine.obj
 0002:000131d0       ??$forward@U_Zero_then_variadic_args_t@std@@@std@@YA$$QEAU_Zero_then_variadic_args_t@0@AEAU10@@Z 00000001400261d0 f i engine.obj
 0002:00013220       ??$move@AEAD@std@@YA$$QEADAEAD@Z 0000000140026220 f i engine.obj
 0002:00013270       ??$swap@DX@std@@YAXAEAD0@Z 0000000140026270 f i engine.obj
 0002:00013320       ??0?$_Tree@V?$_Tmap_traits@W4Object_Type@@PEBVGameObject@@U?$less@W4Object_Type@@@std@@V?$allocator@U?$pair@$$CBW4Object_Type@@PEBVGameObject@@@std@@@4@$0A@@std@@@std@@QEAA@AEBU?$less@W4Object_Type@@@1@@Z 0000000140026320 f i engine.obj
 0002:00013390       ??0?$_Tree_comp_alloc@V?$_Tmap_traits@W4Object_Type@@PEBVGameObject@@U?$less@W4Object_Type@@@std@@V?$allocator@U?$pair@$$CBW4Object_Type@@PEBVGameObject@@@std@@@4@$0A@@std@@@std@@QEAA@AEBU?$less@W4Object_Type@@@1@@Z 0000000140026390 f i engine.obj
 0002:00013420       ??0?$_Tree_val@U?$_Tree_simple_types@U?$pair@$$CBW4Object_Type@@PEBVGameObject@@@std@@@std@@@std@@QEAA@XZ 0000000140026420 f i engine.obj
 0002:000134a0       ??0?$_Vector_alloc@U?$_Vec_base_types@PEAV?$Container@VWidget@@@@V?$allocator@PEAV?$Container@VWidget@@@@@std@@@std@@@std@@QEAA@XZ 00000001400264a0 f i engine.obj
 0002:00013520       ??0?$_Vector_val@U?$_Simple_types@PEAV?$Container@VWidget@@@@@std@@@std@@QEAA@XZ 0000000140026520 f i engine.obj
 0002:000135c0       ??0?$allocator@PEAV?$Container@VWidget@@@@@std@@QEAA@XZ 00000001400265c0 f i engine.obj
 0002:00013610       ??0?$allocator@U?$_Tree_node@U?$pair@$$CBW4Object_Type@@PEBVGameObject@@@std@@PEAX@std@@@std@@QEAA@XZ 0000000140026610 f i engine.obj
 0002:00013660       ??0?$map@W4Object_Type@@PEBVGameObject@@U?$less@W4Object_Type@@@std@@V?$allocator@U?$pair@$$CBW4Object_Type@@PEBVGameObject@@@std@@@4@@std@@QEAA@XZ 0000000140026660 f i engine.obj
 0002:000136d0       ??0?$vector@PEAV?$Container@VWidget@@@@V?$allocator@PEAV?$Container@VWidget@@@@@std@@@std@@QEAA@XZ 00000001400266d0 f i engine.obj
 0002:00013740       ??0ConfigManager@@QEAA@XZ  0000000140026740 f i engine.obj
 0002:000137a0       ??0ContextSettings@sf@@QEAA@IIIIII_N@Z 00000001400267a0 f i engine.obj
 0002:00013890       ??0Engine@@QEAA@XZ         0000000140026890 f   engine.obj
 0002:00013c00       ??0locale@std@@QEAA@XZ     0000000140026c00 f i engine.obj
 0002:00013c70       ??1?$_Tree@V?$_Tmap_traits@W4Object_Type@@PEBVGameObject@@U?$less@W4Object_Type@@@std@@V?$allocator@U?$pair@$$CBW4Object_Type@@PEBVGameObject@@@std@@@4@$0A@@std@@@std@@QEAA@XZ 0000000140026c70 f i engine.obj
 0002:00013ce0       ??1?$_Tree_comp_alloc@V?$_Tmap_traits@W4Object_Type@@PEBVGameObject@@U?$less@W4Object_Type@@@std@@V?$allocator@U?$pair@$$CBW4Object_Type@@PEBVGameObject@@@std@@@4@$0A@@std@@@std@@QEAA@XZ 0000000140026ce0 f i engine.obj
 0002:00013d70       ??1?$_Vector_alloc@U?$_Vec_base_types@PEAV?$Container@VWidget@@@@V?$allocator@PEAV?$Container@VWidget@@@@@std@@@std@@@std@@QEAA@XZ 0000000140026d70 f i engine.obj
 0002:00013dd0       ??1?$map@W4Object_Type@@PEBVGameObject@@U?$less@W4Object_Type@@@std@@V?$allocator@U?$pair@$$CBW4Object_Type@@PEBVGameObject@@@std@@@4@@std@@QEAA@XZ 0000000140026dd0 f i engine.obj
 0002:00013e20       ??1?$vector@PEAV?$Container@VWidget@@@@V?$allocator@PEAV?$Container@VWidget@@@@@std@@@std@@QEAA@XZ 0000000140026e20 f i engine.obj
 0002:00013e90       ??1ConfigManager@@QEAA@XZ  0000000140026e90 f i engine.obj
 0002:00013ef0       ??1Engine@@QEAA@XZ         0000000140026ef0 f   engine.obj
 0002:00013ff0       ??1locale@std@@QEAA@XZ     0000000140026ff0 f i engine.obj
 0002:000140e0       ??9?$_Tree_const_iterator@V?$_Tree_val@U?$_Tree_simple_types@U?$pair@$$CBW4Object_Type@@PEBVGameObject@@@std@@@std@@@std@@@std@@QEBA_NAEBV01@@Z 00000001400270e0 f i engine.obj
 0002:00014170       ??A?$vector@PEAV?$Container@VWidget@@@@V?$allocator@PEAV?$Container@VWidget@@@@@std@@@std@@QEAAAEAPEAV?$Container@VWidget@@@@_K@Z 0000000140027170 f i engine.obj
 0002:00014250       ??E?$_Tree_const_iterator@V?$_Tree_val@U?$_Tree_simple_types@U?$pair@$$CBW4Object_Type@@PEBVGameObject@@@std@@@std@@@std@@@std@@QEAA?AV01@H@Z 0000000140027250 f i engine.obj
 0002:00014334       ??_ERenderWindow@sf@@WDI@EAAPEAXI@Z 0000000140027334 f i engine.obj
 0002:00014340       ??_GRenderWindow@sf@@UEAAPEAXI@Z 0000000140027340 f i engine.obj
 0002:00014340       ??_ERenderWindow@sf@@UEAAPEAXI@Z 0000000140027340 f i engine.obj
 0002:000143d0       ?Draw@Engine@@QEAAXXZ      00000001400273d0 f   engine.obj
 0002:00014530       ?Execute@Engine@@QEAAXXZ   0000000140027530 f   engine.obj
 0002:00014740       ?GetConfigManager@Engine@@QEAAPEAVConfigManager@@XZ 0000000140027740 f   engine.obj
 0002:00014790       ?GetSize@Engine@@QEBA?AV?$Vector2@M@sf@@XZ 0000000140027790 f   engine.obj
 0002:00014800       ?HandleEvents@Engine@@QEAAXXZ 0000000140027800 f   engine.obj
 0002:00014920       ?SetSize@Engine@@QEAAXAEBV?$Vector2@M@sf@@@Z 0000000140027920 f   engine.obj
 0002:00014980       ?Update@Engine@@QEAAXAEBVTime@sf@@@Z 0000000140027980 f   engine.obj
 0002:00014a50       ?_Alloc_proxy@?$_Tree_comp_alloc@V?$_Tmap_traits@W4Object_Type@@PEBVGameObject@@U?$less@W4Object_Type@@@std@@V?$allocator@U?$pair@$$CBW4Object_Type@@PEBVGameObject@@@std@@@4@$0A@@std@@@std@@QEAAXXZ 0000000140027a50 f i engine.obj
 0002:00014b90       ?_Alloc_proxy@?$_Vector_alloc@U?$_Vec_base_types@PEAV?$Container@VWidget@@@@V?$allocator@PEAV?$Container@VWidget@@@@@std@@@std@@@std@@QEAAXXZ 0000000140027b90 f i engine.obj
 0002:00014cd0       ?_Buyheadnode@?$_Tree_comp_alloc@V?$_Tmap_traits@W4Object_Type@@PEBVGameObject@@U?$less@W4Object_Type@@@std@@V?$allocator@U?$pair@$$CBW4Object_Type@@PEBVGameObject@@@std@@@4@$0A@@std@@@std@@QEAAPEAU?$_Tree_node@U?$pair@$$CBW4Object_Type@@PEBVGameObject@@@std@@PEAX@2@XZ 0000000140027cd0 f i engine.obj
 0002:00014e00       ?_Calculate_growth@?$vector@PEAV?$Container@VWidget@@@@V?$allocator@PEAV?$Container@VWidget@@@@@std@@@std@@AEBA_K_K@Z 0000000140027e00 f i engine.obj
 0002:00014ef0       ?_Change_array@?$vector@PEAV?$Container@VWidget@@@@V?$allocator@PEAV?$Container@VWidget@@@@@std@@@std@@AEAAXQEAPEAV?$Container@VWidget@@@@_K1@Z 0000000140027ef0 f i engine.obj
 0002:000150b0       ?_Clrcont@_Iterator_base12@std@@QEAAXXZ 00000001400280b0 f i engine.obj
 0002:00015100       ?_Construct@?$_Tree_comp_alloc@V?$_Tmap_traits@W4Object_Type@@PEBVGameObject@@U?$less@W4Object_Type@@@std@@V?$allocator@U?$pair@$$CBW4Object_Type@@PEBVGameObject@@@std@@@4@$0A@@std@@@std@@QEAAXXZ 0000000140028100 f i engine.obj
 0002:00015190       ?_Destroy@?$vector@PEAV?$Container@VWidget@@@@V?$allocator@PEAV?$Container@VWidget@@@@@std@@@std@@AEAAXPEAPEAV?$Container@VWidget@@@@0@Z 0000000140028190 f i engine.obj
 0002:00015210       ?_Erase@?$_Tree@V?$_Tmap_traits@W4Object_Type@@PEBVGameObject@@U?$less@W4Object_Type@@@std@@V?$allocator@U?$pair@$$CBW4Object_Type@@PEBVGameObject@@@std@@@4@$0A@@std@@@std@@IEAAXPEAU?$_Tree_node@U?$pair@$$CBW4Object_Type@@PEBVGameObject@@@std@@PEAX@2@@Z 0000000140028210 f i engine.obj
 0002:00015300       ?_Extract@?$_Tree_val@U?$_Tree_simple_types@U?$pair@$$CBW4Object_Type@@PEBVGameObject@@@std@@@std@@@std@@QEAAPEAU?$_Tree_node@U?$pair@$$CBW4Object_Type@@PEBVGameObject@@@std@@PEAX@2@V?$_Tree_const_iterator@V?$_Tree_val@U?$_Tree_simple_types@U?$pair@$$CBW4Object_Type@@PEBVGameObject@@@std@@@std@@@std@@@2@@Z 0000000140028300 f i engine.obj
 0002:00015aa0       ?_Free_proxy@?$_Tree_comp_alloc@V?$_Tmap_traits@W4Object_Type@@PEBVGameObject@@U?$less@W4Object_Type@@@std@@V?$allocator@U?$pair@$$CBW4Object_Type@@PEBVGameObject@@@std@@@4@$0A@@std@@@std@@QEAAXXZ 0000000140028aa0 f i engine.obj
 0002:00015b80       ?_Free_proxy@?$_Vector_alloc@U?$_Vec_base_types@PEAV?$Container@VWidget@@@@V?$allocator@PEAV?$Container@VWidget@@@@@std@@@std@@@std@@QEAAXXZ 0000000140028b80 f i engine.obj
 0002:00015c60       ?_Freeheadnode@?$_Tree_comp_alloc@V?$_Tmap_traits@W4Object_Type@@PEBVGameObject@@U?$less@W4Object_Type@@@std@@V?$allocator@U?$pair@$$CBW4Object_Type@@PEBVGameObject@@@std@@@4@$0A@@std@@@std@@QEAAXPEAU?$_Tree_node@U?$pair@$$CBW4Object_Type@@PEBVGameObject@@@std@@PEAX@2@@Z 0000000140028c60 f i engine.obj
 0002:00015cd0       ?_Get_data@?$_Vector_alloc@U?$_Vec_base_types@PEAV?$Container@VWidget@@@@V?$allocator@PEAV?$Container@VWidget@@@@@std@@@std@@@std@@QEAAAEAV?$_Vector_val@U?$_Simple_types@PEAV?$Container@VWidget@@@@@std@@@2@XZ 0000000140028cd0 f i engine.obj
 0002:00015d30       ?_Get_data@?$_Vector_alloc@U?$_Vec_base_types@PEAV?$Container@VWidget@@@@V?$allocator@PEAV?$Container@VWidget@@@@@std@@@std@@@std@@QEBAAEBV?$_Vector_val@U?$_Simple_types@PEAV?$Container@VWidget@@@@@std@@@2@XZ 0000000140028d30 f i engine.obj
 0002:00015d90       ?_Get_first@?$_Compressed_pair@V?$allocator@PEAV?$Container@VWidget@@@@@std@@V?$_Vector_val@U?$_Simple_types@PEAV?$Container@VWidget@@@@@std@@@2@$00@std@@QEAAAEAV?$allocator@PEAV?$Container@VWidget@@@@@2@XZ 0000000140028d90 f i engine.obj
 0002:00015de0       ?_Get_first@?$_Compressed_pair@V?$allocator@PEAV?$Container@VWidget@@@@@std@@V?$_Vector_val@U?$_Simple_types@PEAV?$Container@VWidget@@@@@std@@@2@$00@std@@QEBAAEBV?$allocator@PEAV?$Container@VWidget@@@@@2@XZ 0000000140028de0 f i engine.obj
 0002:00015e30       ?_Get_second@?$_Compressed_pair@V?$allocator@PEAV?$Container@VWidget@@@@@std@@V?$_Vector_val@U?$_Simple_types@PEAV?$Container@VWidget@@@@@std@@@2@$00@std@@QEAAAEAV?$_Vector_val@U?$_Simple_types@PEAV?$Container@VWidget@@@@@std@@@2@XZ 0000000140028e30 f i engine.obj
 0002:00015e80       ?_Get_second@?$_Compressed_pair@V?$allocator@PEAV?$Container@VWidget@@@@@std@@V?$_Vector_val@U?$_Simple_types@PEAV?$Container@VWidget@@@@@std@@@2@$00@std@@QEBAAEBV?$_Vector_val@U?$_Simple_types@PEAV?$Container@VWidget@@@@@std@@@2@XZ 0000000140028e80 f i engine.obj
 0002:00015ed0       ?_Getal@?$_Vector_alloc@U?$_Vec_base_types@PEAV?$Container@VWidget@@@@V?$allocator@PEAV?$Container@VWidget@@@@@std@@@std@@@std@@QEAAAEAV?$allocator@PEAV?$Container@VWidget@@@@@2@XZ 0000000140028ed0 f i engine.obj
 0002:00015f30       ?_Getal@?$_Vector_alloc@U?$_Vec_base_types@PEAV?$Container@VWidget@@@@V?$allocator@PEAV?$Container@VWidget@@@@@std@@@std@@@std@@QEBAAEBV?$allocator@PEAV?$Container@VWidget@@@@@2@XZ 0000000140028f30 f i engine.obj
 0002:00015f90       ?_Getpfirst@?$_Tree_comp_alloc@V?$_Tmap_traits@W4Object_Type@@PEBVGameObject@@U?$less@W4Object_Type@@@std@@V?$allocator@U?$pair@$$CBW4Object_Type@@PEBVGameObject@@@std@@@4@$0A@@std@@@std@@QEBAPEAPEAU_Iterator_base12@2@XZ 0000000140028f90 f i engine.obj
 0002:00015ff0       ?_Getpfirst@?$_Vector_alloc@U?$_Vec_base_types@PEAV?$Container@VWidget@@@@V?$allocator@PEAV?$Container@VWidget@@@@@std@@@std@@@std@@QEBAPEAPEAU_Iterator_base12@2@XZ 0000000140028ff0 f i engine.obj
 0002:00016050       ?_Getpfirst@_Container_base12@std@@QEBAPEAPEAU_Iterator_base12@2@XZ 0000000140029050 f i engine.obj
 0002:000160e0       ?_Getpnext@_Iterator_base12@std@@QEAAPEAPEAU12@XZ 00000001400290e0 f i engine.obj
 0002:00016130       ?_Has_unused_capacity@?$vector@PEAV?$Container@VWidget@@@@V?$allocator@PEAV?$Container@VWidget@@@@@std@@@std@@AEBA_NXZ 0000000140029130 f i engine.obj
 0002:000161d0       ?_Myend@?$_Vector_alloc@U?$_Vec_base_types@PEAV?$Container@VWidget@@@@V?$allocator@PEAV?$Container@VWidget@@@@@std@@@std@@@std@@QEAAAEAPEAPEAV?$Container@VWidget@@@@XZ 00000001400291d0 f i engine.obj
 0002:00016230       ?_Myend@?$_Vector_alloc@U?$_Vec_base_types@PEAV?$Container@VWidget@@@@V?$allocator@PEAV?$Container@VWidget@@@@@std@@@std@@@std@@QEBAAEBQEAPEAV?$Container@VWidget@@@@XZ 0000000140029230 f i engine.obj
 0002:00016290       ?_Myfirst@?$_Vector_alloc@U?$_Vec_base_types@PEAV?$Container@VWidget@@@@V?$allocator@PEAV?$Container@VWidget@@@@@std@@@std@@@std@@QEAAAEAPEAPEAV?$Container@VWidget@@@@XZ 0000000140029290 f i engine.obj
 0002:000162f0       ?_Myfirst@?$_Vector_alloc@U?$_Vec_base_types@PEAV?$Container@VWidget@@@@V?$allocator@PEAV?$Container@VWidget@@@@@std@@@std@@@std@@QEBAAEBQEAPEAV?$Container@VWidget@@@@XZ 00000001400292f0 f i engine.obj
 0002:00016350       ?_Mylast@?$_Vector_alloc@U?$_Vec_base_types@PEAV?$Container@VWidget@@@@V?$allocator@PEAV?$Container@VWidget@@@@@std@@@std@@@std@@QEAAAEAPEAPEAV?$Container@VWidget@@@@XZ 0000000140029350 f i engine.obj
 0002:000163b0       ?_Mylast@?$_Vector_alloc@U?$_Vec_base_types@PEAV?$Container@VWidget@@@@V?$allocator@PEAV?$Container@VWidget@@@@@std@@@std@@@std@@QEBAAEBQEAPEAV?$Container@VWidget@@@@XZ 00000001400293b0 f i engine.obj
 0002:00016410       ?_Myproxy@?$_Tree_comp_alloc@V?$_Tmap_traits@W4Object_Type@@PEBVGameObject@@U?$less@W4Object_Type@@@std@@V?$allocator@U?$pair@$$CBW4Object_Type@@PEBVGameObject@@@std@@@4@$0A@@std@@@std@@QEAAAEAPEAU_Container_proxy@2@XZ 0000000140029410 f i engine.obj
 0002:00016460       ?_Myproxy@?$_Vector_alloc@U?$_Vec_base_types@PEAV?$Container@VWidget@@@@V?$allocator@PEAV?$Container@VWidget@@@@@std@@@std@@@std@@QEAAAEAPEAU_Container_proxy@2@XZ 0000000140029460 f i engine.obj
[...]
 0005:00003b04       $pdata$?dtor$5@?0???$_Insert_hint@AEAU?$pair@$$CBW4Object_Type@@PEBVGameObject@@@std@@PEAU?$_Tree_node@U?$pair@$$CBW4Object_Type@@PEBVGameObject@@@std@@PEAX@2@@?$_Tree@V?$_Tmap_traits@W4Object_Type@@PEBVGameObject@@U?$less@W4Object_Type@@@std@@V?$allocator@U?$pair@$$CBW4Object_Type@@PEBVGameObject@@@std@@@4@$0A@@std@@@std@@IEAA?AV?$_Tree_iterator@V?$_Tree_val@U?$_Tree_simple_types@U?$pair@$$CBW4Object_Type@@PEBVGameObject@@@std@@@std@@@std@@@1@V?$_Tree_const_iterator@V?$_Tree_val@U?$_Tree_simple_types@U?$pair@$$CBW4Object_Type@@PEBVGameObject@@@std@@@std@@@std@@@1@AEAU?$pair@$$CBW4Object_Type@@PEBVGameObject@@@1@PEAU?$_Tree_node@U?$pair@$$CBW4Object_Type@@PEBVGameObject@@@std@@PEAX@1@@Z@4HA 0000000140052b04     config.obj
 0005:00003b10       $pdata$?dtor$6@?0???$_Insert_hint@AEAU?$pair@$$CBW4Object_Type@@PEBVGameObject@@@std@@PEAU?$_Tree_node@U?$pair@$$CBW4Object_Type@@PEBVGameObject@@@std@@PEAX@2@@?$_Tree@V?$_Tmap_traits@W4Object_Type@@PEBVGameObject@@U?$less@W4Object_Type@@@std@@V?$allocator@U?$pair@$$CBW4Object_Type@@PEBVGameObject@@@std@@@4@$0A@@std@@@std@@IEAA?AV?$_Tree_iterator@V?$_Tree_val@U?$_Tree_simple_types@U?$pair@$$CBW4Object_Type@@PEBVGameObject@@@std@@@std@@@std@@@1@V?$_Tree_const_iterator@V?$_Tree_val@U?$_Tree_simple_types@U?$pair@$$CBW4Object_Type@@PEBVGameObject@@@std@@@std@@@std@@@1@AEAU?$pair@$$CBW4Object_Type@@PEBVGameObject@@@1@PEAU?$_Tree_node@U?$pair@$$CBW4Object_Type@@PEBVGameObject@@@std@@PEAX@1@@Z@4HA 0000000140052b10     config.obj
 0005:00003b1c       $pdata$?dtor$7@?0???$_Insert_hint@AEAU?$pair@$$CBW4Object_Type@@PEBVGameObject@@@std@@PEAU?$_Tree_node@U?$pair@$$CBW4Object_Type@@PEBVGameObject@@@std@@PEAX@2@@?$_Tree@V?$_Tmap_traits@W4Object_Type@@PEBVGameObject@@U?$less@W4Object_Type@@@std@@V?$allocator@U?$pair@$$CBW4Object_Type@@PEBVGameObject@@@std@@@4@$0A@@std@@@std@@IEAA?AV?$_Tree_iterator@V?$_Tree_val@U?$_Tree_simple_types@U?$pair@$$CBW4Object_Type@@PEBVGameObject@@@std@@@std@@@std@@@1@V?$_Tree_const_iterator@V?$_Tree_val@U?$_Tree_simple_types@U?$pair@$$CBW4Object_Type@@PEBVGameObject@@@std@@@std@@@std@@@1@AEAU?$pair@$$CBW4Object_Type@@PEBVGameObject@@@1@PEAU?$_Tree_node@U?$pair@$$CBW4Object_Type@@PEBVGameObject@@@std@@PEAX@1@@Z@4HA 0000000140052b1c     config.obj
 0005:00003b28       $pdata$?dtor$8@?0???$_Insert_hint@AEAU?$pair@$$CBW4Object_Type@@PEBVGameObject@@@std@@PEAU?$_Tree_node@U?$pair@$$CBW4Object_Type@@PEBVGameObject@@@std@@PEAX@2@@?$_Tree@V?$_Tmap_traits@W4Object_Type@@PEBVGameObject@@U?$less@W4Object_Type@@@std@@V?$allocator@U?$pair@$$CBW4Object_Type@@PEBVGameObject@@@std@@@4@$0A@@std@@@std@@IEAA?AV?$_Tree_iterator@V?$_Tree_val@U?$_Tree_simple_types@U?$pair@$$CBW4Object_Type@@PEBVGameObject@@@std@@@std@@@std@@@1@V?$_Tree_const_iterator@V?$_Tree_val@U?$_Tree_simple_types@U?$pair@$$CBW4Object_Type@@PEBVGameObject@@@std@@@std@@@std@@@1@AEAU?$pair@$$CBW4Object_Type@@PEBVGameObject@@@1@PEAU?$_Tree_node@U?$pair@$$CBW4Object_Type@@PEBVGameObject@@@std@@PEAX@1@@Z@4HA 0000000140052b28     config.obj
 0005:00003b34       $pdata$?catch$6@?0???$_Insert_nohint@AEAU?$pair@$$CBW4Object_Type@@PEBVGameObject@@@std@@PEAU?$_Tree_node@U?$pair@$$CBW4Object_Type@@PEBVGameObject@@@std@@PEAX@2@@?$_Tree@V?$_Tmap_traits@W4Object_Type@@PEBVGameObject@@U?$less@W4Object_Type@@@std@@V?$allocator@U?$pair@$$CBW4Object_Type@@PEBVGameObject@@@std@@@4@$0A@@std@@@std@@IEAA?AU?$pair@V?$_Tree_iterator@V?$_Tree_val@U?$_Tree_simple_types@U?$pair@$$CBW4Object_Type@@PEBVGameObject@@@std@@@std@@@std@@@std@@_N@1@_NAEAU?$pair@$$CBW4Object_Type@@PEBVGameObject@@@1@PEAU?$_Tree_node@U?$pair@$$CBW4Object_Type@@PEBVGameObject@@@std@@PEAX@1@@Z@4HA 0000000140052b34     config.obj
 0005:00003b40       $pdata$?dtor$2@?0???$_Insert_nohint@AEAU?$pair@$$CBW4Object_Type@@PEBVGameObject@@@std@@PEAU?$_Tree_node@U?$pair@$$CBW4Object_Type@@PEBVGameObject@@@std@@PEAX@2@@?$_Tree@V?$_Tmap_traits@W4Object_Type@@PEBVGameObject@@U?$less@W4Object_Type@@@std@@V?$allocator@U?$pair@$$CBW4Object_Type@@PEBVGameObject@@@std@@@4@$0A@@std@@@std@@IEAA?AU?$pair@V?$_Tree_iterator@V?$_Tree_val@U?$_Tree_simple_types@U?$pair@$$CBW4Object_Type@@PEBVGameObject@@@std@@@std@@@std@@@std@@_N@1@_NAEAU?$pair@$$CBW4Object_Type@@PEBVGameObject@@@1@PEAU?$_Tree_node@U?$pair@$$CBW4Object_Type@@PEBVGameObject@@@std@@PEAX@1@@Z@4HA 0000000140052b40     config.obj
 0005:00003b4c       $pdata$?dtor$3@?0???$_Insert_nohint@AEAU?$pair@$$CBW4Object_Type@@PEBVGameObject@@@std@@PEAU?$_Tree_node@U?$pair@$$CBW4Object_Type@@PEBVGameObject@@@std@@PEAX@2@@?$_Tree@V?$_Tmap_traits@W4Object_Type@@PEBVGameObject@@U?$less@W4Object_Type@@@std@@V?$allocator@U?$pair@$$CBW4Object_Type@@PEBVGameObject@@@std@@@4@$0A@@std@@@std@@IEAA?AU?$pair@V?$_Tree_iterator@V?$_Tree_val@U?$_Tree_simple_types@U?$pair@$$CBW4Object_Type@@PEBVGameObject@@@std@@@std@@@std@@@std@@_N@1@_NAEAU?$pair@$$CBW4Object_Type@@PEBVGameObject@@@1@PEAU?$_Tree_node@U?$pair@$$CBW4Object_Type@@PEBVGameObject@@@std@@PEAX@1@@Z@4HA 0000000140052b4c     config.obj
 0005:00003b58       $pdata$?dtor$0@?0???$_Try_emplace@W4Object_Type@@$$V@?$map@W4Object_Type@@PEBVGameObject@@U?$less@W4Object_Type@@@std@@V?$allocator@U?$pair@$$CBW4Object_Type@@PEBVGameObject@@@std@@@4@@std@@QEAA?AU?$pair@V?$_Tree_iterator@V?$_Tree_val@U?$_Tree_simple_types@U?$pair@$$CBW4Object_Type@@PEBVGameObject@@@std@@@std@@@std@@@std@@_N@1@$$QEAW4Object_Type@@@Z@4HA 0000000140052b58     config.obj
 0005:00003b64       $pdata$?dtor$1@?0???$_Try_emplace@W4Object_Type@@$$V@?$map@W4Object_Type@@PEBVGameObject@@U?$less@W4Object_Type@@@std@@V?$allocator@U?$pair@$$CBW4Object_Type@@PEBVGameObject@@@std@@@4@@std@@QEAA?AU?$pair@V?$_Tree_iterator@V?$_Tree_val@U?$_Tree_simple_types@U?$pair@$$CBW4Object_Type@@PEBVGameObject@@@std@@@std@@@std@@@std@@_N@1@$$QEAW4Object_Type@@@Z@4HA 0000000140052b64     config.obj
 0005:00003b70       $pdata$?dtor$0@?0???$emplace_hint@AEBUpiecewise_construct_t@std@@V?$tuple@$$QEAW4Object_Type@@@2@V?$tuple@$$V@2@@?$_Tree@V?$_Tmap_traits@W4Object_Type@@PEBVGameObject@@U?$less@W4Object_Type@@@std@@V?$allocator@U?$pair@$$CBW4Object_Type@@PEBVGameObject@@@std@@@4@$0A@@std@@@std@@QEAA?AV?$_Tree_iterator@V?$_Tree_val@U?$_Tree_simple_types@U?$pair@$$CBW4Object_Type@@PEBVGameObject@@@std@@@std@@@std@@@1@V?$_Tree_const_iterator@V?$_Tree_val@U?$_Tree_simple_types@U?$pair@$$CBW4Object_Type@@PEBVGameObject@@@std@@@std@@@std@@@1@AEBUpiecewise_construct_t@1@$$QEAV?$tuple@$$QEAW4Object_Type@@@1@$$QEAV?$tuple@$$V@1@@Z@4HA 0000000140052b70     config.obj
 0005:00003b7c       $pdata$?dtor$0@?0???0?$basic_string@DU?$char_traits@D@std@@V?$allocator@D@2@@std@@QEAA@AEBV01@_K1AEBV?$allocator@D@1@@Z@4HA 0000000140052b7c     config.obj
 0005:00003b88       $pdata$?dtor$0@?0???A?$map@W4Object_Type@@PEBVGameObject@@U?$less@W4Object_Type@@@std@@V?$allocator@U?$pair@$$CBW4Object_Type@@PEBVGameObject@@@std@@@4@@std@@QEAAAEAPEBVGameObject@@$$QEAW4Object_Type@@@Z@4HA 0000000140052b88     config.obj
 0005:00003b94       $pdata$?dtor$0@?0??Create_Object@ConfigManager@@QEBAPEAVGameObject@@W4Object_Type@@@Z@4HA 0000000140052b94     config.obj
 0005:00003ba0       $pdata$?dtor$1@?0??Create_Object@ConfigManager@@QEBAPEAVGameObject@@W4Object_Type@@@Z@4HA 0000000140052ba0     config.obj
 0005:00003bac       $pdata$?dtor$0@?0??Read@Config_Parser@@YAPEBDPEBDAEAH@Z@4HA 0000000140052bac     config.obj
 0005:00003bb8       $pdata$?dtor$1@?0??Read@Config_Parser@@YAPEBDPEBDAEAH@Z@4HA 0000000140052bb8     config.obj
 0005:00003bc4       $pdata$?dtor$0@?0??Read@Config_Parser@@YAPEBDPEBDAEAM@Z@4HA 0000000140052bc4     config.obj
 0005:00003bd0       $pdata$?dtor$1@?0??Read@Config_Parser@@YAPEBDPEBDAEAM@Z@4HA 0000000140052bd0     config.obj
 0005:00003bdc       $pdata$?dtor$0@?0??Read@Config_Parser@@YAPEBDPEBDAEAV?$basic_string@DU?$char_traits@D@std@@V?$allocator@D@2@@std@@@Z@4HA 0000000140052bdc     config.obj
 0005:00003be8       $pdata$?catch$0@?0??_Buynode0@?$_Tree_comp_alloc@V?$_Tmap_traits@W4Object_Type@@PEBVGameObject@@U?$less@W4Object_Type@@@std@@V?$allocator@U?$pair@$$CBW4Object_Type@@PEBVGameObject@@@std@@@4@$0A@@std@@@std@@QEAAPEAU?$_Tree_node@U?$pair@$$CBW4Object_Type@@PEBVGameObject@@@std@@PEAX@2@XZ@4HA 0000000140052be8     config.obj
 0005:00003bf4       $pdata$?dtor$0@?0??find@?$_Tree@V?$_Tmap_traits@W4Object_Type@@PEBVGameObject@@U?$less@W4Object_Type@@@std@@V?$allocator@U?$pair@$$CBW4Object_Type@@PEBVGameObject@@@std@@@4@$0A@@std@@@std@@QEBA?AV?$_Tree_const_iterator@V?$_Tree_val@U?$_Tree_simple_types@U?$pair@$$CBW4Object_Type@@PEBVGameObject@@@std@@@std@@@std@@@2@AEBW4Object_Type@@@Z@4HA 0000000140052bf4     config.obj
 0005:00003c00       $pdata$?dtor$1@?0??find@?$_Tree@V?$_Tmap_traits@W4Object_Type@@PEBVGameObject@@U?$less@W4Object_Type@@@std@@V?$allocator@U?$pair@$$CBW4Object_Type@@PEBVGameObject@@@std@@@4@$0A@@std@@@std@@QEBA?AV?$_Tree_const_iterator@V?$_Tree_val@U?$_Tree_simple_types@U?$pair@$$CBW4Object_Type@@PEBVGameObject@@@std@@@std@@@std@@@2@AEBW4Object_Type@@@Z@4HA 0000000140052c00     config.obj
 0005:00003c0c       $pdata$?catch$0@?0???$_Emplace_reallocate@AEBQEAV?$Container@VWidget@@@@@?$vector@PEAV?$Container@VWidget@@@@V?$allocator@PEAV?$Container@VWidget@@@@@std@@@std@@QEAAPEAPEAV?$Container@VWidget@@@@QEAPEAV2@AEBQEAV2@@Z@4HA 0000000140052c0c     engine.obj
 0005:00003c18       $pdata$?dtor$0@?0???0Engine@@QEAA@XZ@4HA 0000000140052c18     engine.obj
 0005:00003c24       $pdata$?dtor$1@?0???0Engine@@QEAA@XZ@4HA 0000000140052c24     engine.obj
 0005:00003c30       $pdata$?dtor$2@?0???0Engine@@QEAA@XZ@4HA 0000000140052c30     engine.obj
 0005:00003c3c       $pdata$?dtor$3@?0???0Engine@@QEAA@XZ@4HA 0000000140052c3c     engine.obj
 0005:00003c48       $pdata$?dtor$4@?0???0Engine@@QEAA@XZ@4HA 0000000140052c48     engine.obj
 0005:00003c54       $pdata$?dtor$0@?0???E?$_Tree_const_iterator@V?$_Tree_val@U?$_Tree_simple_types@U?$pair@$$CBW4Object_Type@@PEBVGameObject@@@std@@@std@@@std@@@std@@QEAA?AV01@H@Z@4HA 0000000140052c54     engine.obj
 0005:00003c60       $pdata$?dtor$0@?0??Execute@Engine@@QEAAXXZ@4HA 0000000140052c60     engine.obj
 0005:00003c6c       $pdata$?catch$0@?0??_Buyheadnode@?$_Tree_comp_alloc@V?$_Tmap_traits@W4Object_Type@@PEBVGameObject@@U?$less@W4Object_Type@@@std@@V?$allocator@U?$pair@$$CBW4Object_Type@@PEBVGameObject@@@std@@@4@$0A@@std@@@std@@QEAAPEAU?$_Tree_node@U?$pair@$$CBW4Object_Type@@PEBVGameObject@@@std@@PEAX@2@XZ@4HA 0000000140052c6c     engine.obj
 0005:00003c78       $pdata$?catch$0@?0??_Construct@?$_Tree_comp_alloc@V?$_Tmap_traits@W4Object_Type@@PEBVGameObject@@U?$less@W4Object_Type@@@std@@V?$allocator@U?$pair@$$CBW4Object_Type@@PEBVGameObject@@@std@@@4@$0A@@std@@@std@@QEAAXXZ@4HA 0000000140052c78     engine.obj
 0005:00003c84       $pdata$?dtor$0@?0??_Extract@?$_Tree_val@U?$_Tree_simple_types@U?$pair@$$CBW4Object_Type@@PEBVGameObject@@@std@@@std@@@std@@QEAAPEAU?$_Tree_node@U?$pair@$$CBW4Object_Type@@PEBVGameObject@@@std@@PEAX@2@V?$_Tree_const_iterator@V?$_Tree_val@U?$_Tree_simple_types@U?$pair@$$CBW4Object_Type@@PEBVGameObject@@@std@@@std@@@std@@@2@@Z@4HA 0000000140052c84     engine.obj
 0005:00003c90       $pdata$?dtor$0@?0??_Orphan_ptr@?$_Tree@V?$_Tmap_traits@W4Object_Type@@PEBVGameObject@@U?$less@W4Object_Type@@@std@@V?$allocator@U?$pair@$$CBW4Object_Type@@PEBVGameObject@@@std@@@4@$0A@@std@@@std@@IEAAXPEAU?$_Tree_node@U?$pair@$$CBW4Object_Type@@PEBVGameObject@@@std@@PEAX@2@@Z@4HA 0000000140052c90     engine.obj
 0005:00003c9c       $pdata$?dtor$0@?0??_Orphan_range@?$vector@PEAV?$Container@VWidget@@@@V?$allocator@PEAV?$Container@VWidget@@@@@std@@@std@@AEBAXPEAPEAV?$Container@VWidget@@@@0@Z@4HA 0000000140052c9c     engine.obj
 0005:00003ca8       $pdata$?dtor$0@?0??_Tidy@?$_Tree@V?$_Tmap_traits@W4Object_Type@@PEBVGameObject@@U?$less@W4Object_Type@@@std@@V?$allocator@U?$pair@$$CBW4Object_Type@@PEBVGameObject@@@std@@@4@$0A@@std@@@std@@IEAAXXZ@4HA 0000000140052ca8     engine.obj
 0005:00003cb4       $pdata$?dtor$2@?0??_Tidy@?$_Tree@V?$_Tmap_traits@W4Object_Type@@PEBVGameObject@@U?$less@W4Object_Type@@@std@@V?$allocator@U?$pair@$$CBW4Object_Type@@PEBVGameObject@@@std@@@4@$0A@@std@@@std@@IEAAXXZ@4HA 0000000140052cb4     engine.obj
 0005:00003cc0       $pdata$?dtor$0@?0??erase@?$_Tree@V?$_Tmap_traits@W4Object_Type@@PEBVGameObject@@U?$less@W4Object_Type@@@std@@V?$allocator@U?$pair@$$CBW4Object_Type@@PEBVGameObject@@@std@@@4@$0A@@std@@@std@@QEAA?AV?$_Tree_iterator@V?$_Tree_val@U?$_Tree_simple_types@U?$pair@$$CBW4Object_Type@@PEBVGameObject@@@std@@@std@@@std@@@2@V?$_Tree_const_iterator@V?$_Tree_val@U?$_Tree_simple_types@U?$pair@$$CBW4Object_Type@@PEBVGameObject@@@std@@@std@@@std@@@2@0@Z@4HA 0000000140052cc0     engine.obj
 0005:00003ccc       $pdata$?dtor$1@?0??erase@?$_Tree@V?$_Tmap_traits@W4Object_Type@@PEBVGameObject@@U?$less@W4Object_Type@@@std@@V?$allocator@U?$pair@$$CBW4Object_Type@@PEBVGameObject@@@std@@@4@$0A@@std@@@std@@QEAA?AV?$_Tree_iterator@V?$_Tree_val@U?$_Tree_simple_types@U?$pair@$$CBW4Object_Type@@PEBVGameObject@@@std@@@std@@@std@@@2@V?$_Tree_const_iterator@V?$_Tree_val@U?$_Tree_simple_types@U?$pair@$$CBW4Object_Type@@PEBVGameObject@@@std@@@std@@@std@@@2@0@Z@4HA 0000000140052ccc     engine.obj
 0005:00003cd8       $pdata$?dtor$2@?0??erase@?$_Tree@V?$_Tmap_traits@W4Object_Type@@PEBVGameObject@@U?$less@W4Object_Type@@@std@@V?$allocator@U?$pair@$$CBW4Object_Type@@PEBVGameObject@@@std@@@4@$0A@@std@@@std@@QEAA?AV?$_Tree_iterator@V?$_Tree_val@U?$_Tree_simple_types@U?$pair@$$CBW4Object_Type@@PEBVGameObject@@@std@@@std@@@std@@@2@V?$_Tree_const_iterator@V?$_Tree_val@U?$_Tree_simple_types@U?$pair@$$CBW4Object_Type@@PEBVGameObject@@@std@@@std@@@std@@@2@0@Z@4HA 0000000140052cd8     engine.obj
 0005:00003ce4       $pdata$?dtor$3@?0??erase@?$_Tree@V?$_Tmap_traits@W4Object_Type@@PEBVGameObject@@U?$less@W4Object_Type@@@std@@V?$allocator@U?$pair@$$CBW4Object_Type@@PEBVGameObject@@@std@@@4@$0A@@std@@@std@@QEAA?AV?$_Tree_iterator@V?$_Tree_val@U?$_Tree_simple_types@U?$pair@$$CBW4Object_Type@@PEBVGameObject@@@std@@@std@@@std@@@2@V?$_Tree_const_iterator@V?$_Tree_val@U?$_Tree_simple_types@U?$pair@$$CBW4Object_Type@@PEBVGameObject@@@std@@@std@@@std@@@2@0@Z@4HA 0000000140052ce4     engine.obj
 0005:00003cf0       $pdata$?dtor$0@?0??erase@?$_Tree@V?$_Tmap_traits@W4Object_Type@@PEBVGameObject@@U?$less@W4Object_Type@@@std@@V?$allocator@U?$pair@$$CBW4Object_Type@@PEBVGameObject@@@std@@@4@$0A@@std@@@std@@QEAA?AV?$_Tree_iterator@V?$_Tree_val@U?$_Tree_simple_types@U?$pair@$$CBW4Object_Type@@PEBVGameObject@@@std@@@std@@@std@@@2@V?$_Tree_const_iterator@V?$_Tree_val@U?$_Tree_simple_types@U?$pair@$$CBW4Object_Type@@PEBVGameObject@@@std@@@std@@@std@@@2@@Z@4HA 0000000140052cf0     engine.obj
 0005:00003cfc       $pdata$?dtor$1@?0??erase@?$_Tree@V?$_Tmap_traits@W4Object_Type@@PEBVGameObject@@U?$less@W4Object_Type@@@std@@V?$allocator@U?$pair@$$CBW4Object_Type@@PEBVGameObject@@@std@@@4@$0A@@std@@@std@@QEAA?AV?$_Tree_iterator@V?$_Tree_val@U?$_Tree_simple_types@U?$pair@$$CBW4Object_Type@@PEBVGameObject@@@std@@@std@@@std@@@2@V?$_Tree_const_iterator@V?$_Tree_val@U?$_Tree_simple_types@U?$pair@$$CBW4Object_Type@@PEBVGameObject@@@std@@@std@@@std@@@2@@Z@4HA 0000000140052cfc     engine.obj
 0005:00003d08       $pdata$WinMain$dtor$0      0000000140052d08     main.obj
 0005:00003d14       $pdata$?dtor$0@?0???0?$ContainerMoving@VWidget@@@@QEAA@AEBV?$Vector2@M@sf@@0@Z@4HA 0000000140052d14     container-moving.obj
 0005:00003d20       $pdata$?dtor$0@?0???0GameObject@@QEAA@PEBD@Z@4HA 0000000140052d20     game-object.obj
 0005:00003d2c       $pdata$?dtor$1@?0???0GameObject@@QEAA@PEBD@Z@4HA 0000000140052d2c     game-object.obj
 0005:00003d38       $pdata$?dtor$2@?0???0GameObject@@QEAA@PEBD@Z@4HA 0000000140052d38     game-object.obj
 0005:00003d44       $pdata$?dtor$0@?0???0GameObject@@QEAA@PEBV0@@Z@4HA 0000000140052d44     game-object.obj
 0005:00003d50       $pdata$?dtor$1@?0???0GameObject@@QEAA@PEBV0@@Z@4HA 0000000140052d50     game-object.obj
 0005:00003d5c       $pdata$?dtor$0@?0??Create@GameObject@@SAPEBV1@PEBD@Z@4HA 0000000140052d5c     game-object.obj
 0005:00003d68       $pdata$?catch$2@?0??CreateImpl@GameObject@@CAPEAV1@W4Object_Type@@PEBD@Z@4HA 0000000140052d68     game-object.obj
 0005:00003d74       $pdata$?dtor$0@?0??CreateImpl@GameObject@@CAPEAV1@W4Object_Type@@PEBD@Z@4HA 0000000140052d74     game-object.obj
 0005:00003d80       $pdata$?dtor$1@?0??CreateImpl@GameObject@@CAPEAV1@W4Object_Type@@PEBD@Z@4HA 0000000140052d80     game-object.obj
 0005:00003de0       $pdata$?dtor$0@?0???0Object@@QEAA@AEBV?$Vector2@M@sf@@0@Z@4HA 0000000140052de0     object.obj
 0005:00003dec       $pdata$?dtor$1@?0???0Object@@QEAA@AEBV?$Vector2@M@sf@@0@Z@4HA 0000000140052dec     object.obj
 0005:00003df8       $pdata$?dtor$0@?0???0Object@@QEAA@PEBD@Z@4HA 0000000140052df8     object.obj
 0005:00003e04       $pdata$?dtor$1@?0???0Object@@QEAA@PEBD@Z@4HA 0000000140052e04     object.obj
 0005:00003e10       $pdata$?dtor$0@?0???0Object@@QEAA@PEBV0@@Z@4HA 0000000140052e10     object.obj
 0005:00003e1c       $pdata$?dtor$1@?0???0Object@@QEAA@PEBV0@@Z@4HA 0000000140052e1c     object.obj
 0005:00003e28       $pdata$?dtor$0@?0??SetTexture@Object@@QEAA_NPEBD@Z@4HA 0000000140052e28     object.obj
 0005:00003e34       $pdata$?dtor$0@?0??Clone@Tank@@UEBAPEAVGameObject@@XZ@4HA 0000000140052e34     tank.obj
 0005:00003e40       $pdata$?dtor$0@?0??Clone@Wall@@UEBAPEAVGameObject@@XZ@4HA 0000000140052e40     wall.obj
 0005:00003e4c       $pdata$?dtor$0@?0???0WidgetGame@@QEAA@PEAVEngine@@AEBV?$Vector2@M@sf@@1@Z@4HA 0000000140052e4c     widget-game.obj
 0005:00003e58       $pdata$?dtor$1@?0???0WidgetGame@@QEAA@PEAVEngine@@AEBV?$Vector2@M@sf@@1@Z@4HA 0000000140052e58     widget-game.obj
 0005:00003e64       $pdata$?dtor$0@?0???0WindowGame@@QEAA@PEAVEngine@@AEBV?$Vector2@M@sf@@1@Z@4HA 0000000140052e64     window-game.obj
 0005:00003e70       $pdata$?dtor$1@?0???0WindowGame@@QEAA@PEAVEngine@@AEBV?$Vector2@M@sf@@1@Z@4HA 0000000140052e70     window-game.obj
 0005:00003e7c       $pdata$?dtor$0@?0???0WindowEditor@@QEAA@PEAVEngine@@AEBV?$Vector2@M@sf@@1@Z@4HA 0000000140052e7c     window-editor.obj
 0005:00003e88       $pdata$?dtor$1@?0???0WindowEditor@@QEAA@PEAVEngine@@AEBV?$Vector2@M@sf@@1@Z@4HA 0000000140052e88     window-editor.obj
 0005:00003e94       $pdata$__scrt_is_nonwritable_in_current_image$filt$0 0000000140052e94     MSVCRTD:utility.obj
 0005:00003ea0       $pdata$?filt$0@?0??notify_debugger@@YAXAEBUtagEXCEPTION_VISUALCPP_DEBUG_INFO@@@Z@4HA 0000000140052ea0     MSVCRTD:_error_.obj
 0005:00003eac       $pdata$?filt$0@?0??__scrt_common_main_seh@@YAHXZ@4HA 0000000140052eac     MSVCRTD:exe_winmain.obj
 0005:00003eb8       $pdata$??__Ffont@@YAXXZ    0000000140052eb8     button.obj
 0006:00001790       .idata$6                   0000000140055790     sfml-graphics-d:sfml-graphics-d-2.dll
 0006:0000184a       .idata$6                   000000014005584a     sfml-window-d:sfml-window-d-2.dll
 0006:000019ae       .idata$6                   00000001400559ae     sfml-system-d:sfml-system-d-2.dll
 0006:00001bc6       .idata$6                   0000000140055bc6     msvcprtd:MSVCP140D.dll
 0006:00001cf8       .idata$6                   0000000140055cf8     vcruntimed:VCRUNTIME140D.dll
 0006:00002032       .idata$6                   0000000140056032     ucrtd:ucrtbased.dll
 0006:00002258       .idata$6                   0000000140056258     kernel32:KERNEL32.dll
 0008:00000170       $R000000                   0000000140058170     * linker generated manifest res *
