 Tanks

 Timestamp is 5b871395 (Thu Aug 30 00:43:49 2018)

 Preferred load address is 0000000140000000

 Start         Length     Name                   Class
 0001:00000000 00010000H .textbss                DATA
 0002:00000000 0001e0f0H .text$mn                CODE
 0002:0001e0f0 00001020H .text$mn$00             CODE
 0002:0001f110 00002243H .text$x                 CODE
 0003:00000000 00000110H .CRT$XCA                DATA
 0003:00000110 00000110H .CRT$XCAA               DATA
 0003:00000220 00000110H .CRT$XCZ                DATA
 0003:00000330 00000110H .CRT$XIA                DATA
 0003:00000440 00000110H .CRT$XIAA               DATA
 0003:00000550 00000110H .CRT$XIAC               DATA
 0003:00000660 00000110H .CRT$XIZ                DATA
 0003:00000770 00000110H .CRT$XPA                DATA
 0003:00000880 00000110H .CRT$XPZ                DATA
 0003:00000990 00000110H .CRT$XTA                DATA
 0003:00000aa0 00000110H .CRT$XTZ                DATA
 0003:00000bb0 000053a0H .rdata                  DATA
 0003:00005f50 00000d30H .rdata$r                DATA
 0003:00006c80 00000160H .rdata$zzzdbg           DATA
 0003:00006de0 00000110H .rtc$IAA                DATA
 0003:00006ef0 00000208H .rtc$IMZ                DATA
 0003:000070f8 00000110H .rtc$IZZ                DATA
 0003:00007208 00000110H .rtc$TAA                DATA
 0003:00007318 00000208H .rtc$TMZ                DATA
 0003:00007520 00000110H .rtc$TZZ                DATA
 0003:00007630 00004430H .xdata                  DATA
 0003:0000ba60 000002a1H .xdata$x                DATA
 0003:0000bd01 00000000H .edata                  DATA
 0004:00000000 00000170H .data                   DATA
 0004:00000170 000004c0H .data$r                 DATA
 0004:00000630 00000779H .bss                    DATA
 0005:00000000 00003d08H .pdata                  DATA
 0006:00000000 00000778H .idata$5                DATA
 0006:00000778 0000008cH .idata$2                DATA
 0006:00000804 00000014H .idata$3                DATA
 0006:00000818 00000778H .idata$4                DATA
 0006:00000f90 000010eaH .idata$6                DATA
 0007:00000000 0000011bH .00cfg                  DATA
 0008:00000000 00000170H .rsrc$01                DATA
 0008:00000170 000002ccH .rsrc$02                DATA

  Address         Publics by Value              Rva+Base               Lib:Object

 0000:00000000       __guard_longjmp_count      0000000000000000     <absolute>
 0000:00000000       ___safe_se_handler_count   0000000000000000     <absolute>
 0000:00000000       ___safe_se_handler_table   0000000000000000     <absolute>
 0000:00000000       __guard_fids_table         0000000000000000     <absolute>
 0000:00000000       __hybrid_code_map_count    0000000000000000     <absolute>
 0000:00000000       __hybrid_code_map          0000000000000000     <absolute>
 0000:00000000       __enclave_config           0000000000000000     <absolute>
 0000:00000000       __guard_fids_count         0000000000000000     <absolute>
 0000:00000000       __guard_iat_count          0000000000000000     <absolute>
 0000:00000000       __guard_longjmp_table      0000000000000000     <absolute>
 0000:00000000       __guard_iat_table          0000000000000000     <absolute>
 0000:00000000       __dynamic_value_reloc_table 0000000000000000     <absolute>
 0000:00000000       __hybrid_auxiliary_iat     0000000000000000     <absolute>
 0000:00000100       __guard_flags              0000000000000100     <absolute>
 0000:00000000       __ImageBase                0000000140000000     <linker-defined>
 0001:00000000       __enc$textbss$begin        0000000140001000     <linker-defined>
 0001:00010000       __enc$textbss$end          0000000140011000     <linker-defined>
 0002:00001cb0       ??$?0$$QEAW4Object_Type@@$$Z$$V@?$pair@$$CBW4Object_Type@@PEBVGameObject@@@std@@QEAA@Upiecewise_construct_t@1@V?$tuple@$$QEAW4Object_Type@@@1@V?$tuple@$$V@1@@Z 0000000140012cb0 f i config.obj
 0002:00001d26       ??Gsf@@YA?AVTime@0@V10@0@Z 0000000140012d26 f   sfml-system-d:sfml-system-d-2.dll
 0002:00001d50       ??$?0$$V@?$_Compressed_pair@V?$allocator@D@std@@V?$_String_val@U?$_Simple_types@D@std@@@2@$00@std@@QEAA@U_Zero_then_variadic_args_t@1@@Z 0000000140012d50 f i config.obj
 0002:00001dc0       ??$?0AEAV?$_Tree_iterator@V?$_Tree_val@U?$_Tree_simple_types@U?$pair@$$CBW4Object_Type@@PEBVGameObject@@@std@@@std@@@std@@@std@@_N$0A@@?$pair@V?$_Tree_iterator@V?$_Tree_val@U?$_Tree_simple_types@U?$pair@$$CBW4Object_Type@@PEBVGameObject@@@std@@@std@@@std@@@std@@_N@std@@QEAA@AEAV?$_Tree_iterator@V?$_Tree_val@U?$_Tree_simple_types@U?$pair@$$CBW4Object_Type@@PEBVGameObject@@@std@@@std@@@std@@@1@$$QEA_N@Z 0000000140012dc0 f i config.obj
 0002:00001e60       ??$?0AEBV?$allocator@D@std@@$$V@?$_Compressed_pair@V?$allocator@D@std@@V?$_String_val@U?$_Simple_types@D@std@@@2@$00@std@@QEAA@U_One_then_variadic_args_t@1@AEBV?$allocator@D@1@@Z 0000000140012e60 f i config.obj
 0002:00001ee0       ??$?0AEBV?$allocator@D@std@@X@?$_String_alloc@U?$_String_base_types@DV?$allocator@D@std@@@std@@@std@@QEAA@AEBV?$allocator@D@1@@Z 0000000140012ee0 f i config.obj
 0002:00001f80       ??$?0D@?$allocator@U_Container_proxy@std@@@std@@QEAA@AEBV?$allocator@D@1@@Z 0000000140012f80 f i config.obj
 0002:00001fd0       ??$?0U_Exact_args_t@std@@$0A@@?$tuple@$$V@std@@QEAA@U_Exact_args_t@1@@Z 0000000140012fd0 f i config.obj
 0002:00002020       ??$?0U_Exact_args_t@std@@W4Object_Type@@$$V$0A@@?$tuple@$$QEAW4Object_Type@@@std@@QEAA@U_Exact_args_t@1@$$QEAW4Object_Type@@@Z 0000000140013020 f i config.obj
 0002:000020d0       ??$?0V?$_Tree_iterator@V?$_Tree_val@U?$_Tree_simple_types@U?$pair@$$CBW4Object_Type@@PEBVGameObject@@@std@@@std@@@std@@@std@@_N$0A@@?$pair@V?$_Tree_iterator@V?$_Tree_val@U?$_Tree_simple_types@U?$pair@$$CBW4Object_Type@@PEBVGameObject@@@std@@@std@@@std@@@std@@_N@std@@QEAA@$$QEAV?$_Tree_iterator@V?$_Tree_val@U?$_Tree_simple_types@U?$pair@$$CBW4Object_Type@@PEBVGameObject@@@std@@@std@@@std@@@1@$$QEA_N@Z 00000001400130d0 f i config.obj
 0002:00002170       ??$?0V?$tuple@$$QEAW4Object_Type@@@std@@V?$tuple@$$V@1@$0A@$$Z$S@?$pair@$$CBW4Object_Type@@PEBVGameObject@@@std@@QEAA@AEAV?$tuple@$$QEAW4Object_Type@@@1@AEAV?$tuple@$$V@1@U?$integer_sequence@_K$0A@@1@U?$integer_sequence@_K$S@1@@Z 0000000140013170 f i config.obj
 0002:00002210       ??$?0W4Object_Type@@$$V$0A@@?$tuple@$$QEAW4Object_Type@@@std@@QEAA@$$QEAW4Object_Type@@@Z 0000000140013210 f i config.obj
 0002:000022b0       ??$?0W4Object_Type@@@?$_Tuple_val@$$QEAW4Object_Type@@@std@@QEAA@$$QEAW4Object_Type@@@Z 00000001400132b0 f i config.obj
 0002:00002320       ??$?9DD@std@@YA_NAEBV?$allocator@D@0@0@Z 0000000140013320 f i config.obj
 0002:00002370       ??$_Allocate@$0BA@U_Default_allocate_traits@std@@$0A@@std@@YAPEAX_K@Z 0000000140013370 f i config.obj
 0002:00002400       ??$_Allocate_manually_vector_aligned@U_Default_allocate_traits@std@@@std@@YAPEAX_K@Z 0000000140013400 f i config.obj
 0002:00002570       ??$_Buy_if_not_node@AEAU?$pair@$$CBW4Object_Type@@PEBVGameObject@@@std@@@?$_Tree@V?$_Tmap_traits@W4Object_Type@@PEBVGameObject@@U?$less@W4Object_Type@@@std@@V?$allocator@U?$pair@$$CBW4Object_Type@@PEBVGameObject@@@std@@@4@$0A@@std@@@std@@IEAAPEAU?$_Tree_node@U?$pair@$$CBW4Object_Type@@PEBVGameObject@@@std@@PEAX@1@PEAU21@AEAU?$pair@$$CBW4Object_Type@@PEBVGameObject@@@1@@Z 0000000140013570 f i config.obj
 0002:000025d0       ??$_Buynode@AEBUpiecewise_construct_t@std@@V?$tuple@$$QEAW4Object_Type@@@2@V?$tuple@$$V@2@@?$_Tree_comp_alloc@V?$_Tmap_traits@W4Object_Type@@PEBVGameObject@@U?$less@W4Object_Type@@@std@@V?$allocator@U?$pair@$$CBW4Object_Type@@PEBVGameObject@@@std@@@4@$0A@@std@@@std@@QEAAPEAU?$_Tree_node@U?$pair@$$CBW4Object_Type@@PEBVGameObject@@@std@@PEAX@1@AEBUpiecewise_construct_t@1@$$QEAV?$tuple@$$QEAW4Object_Type@@@1@$$QEAV?$tuple@$$V@1@@Z 00000001400135d0 f i config.obj
 0002:00002710       ??$_Convert_size@_K@std@@YA_K_K@Z 0000000140013710 f i config.obj
 0002:00002760       ??$_Deallocate@$0BA@$0A@@std@@YAXPEAX_K@Z 0000000140013760 f i config.obj
 0002:000027f0       ??$_Deallocate_plain@V?$allocator@U_Container_proxy@std@@@std@@$0A@@std@@YAXAEAV?$allocator@U_Container_proxy@std@@@0@QEAU_Container_proxy@0@@Z 00000001400137f0 f i config.obj
 0002:00002860       ??$_Debug_lt_pred@AEAU?$less@W4Object_Type@@@std@@AEAW4Object_Type@@AEBW43@@std@@YA_NAEAU?$less@W4Object_Type@@@0@AEAW4Object_Type@@AEBW42@PEB_WI@Z 0000000140013860 f i config.obj
 0002:000029a0       ??$_Debug_lt_pred@AEAU?$less@W4Object_Type@@@std@@AEBW4Object_Type@@AEBW43@@std@@YA_NAEAU?$less@W4Object_Type@@@0@AEBW4Object_Type@@1PEB_WI@Z 00000001400139a0 f i config.obj
 0002:00002ae0       ??$_Debug_lt_pred@AEBU?$less@W4Object_Type@@@std@@AEBW4Object_Type@@AEBW43@@std@@YA_NAEBU?$less@W4Object_Type@@@0@AEBW4Object_Type@@1PEB_WI@Z 0000000140013ae0 f i config.obj
 0002:00002c20       ??$_Freenode0@V?$allocator@U?$_Tree_node@U?$pair@$$CBW4Object_Type@@PEBVGameObject@@@std@@PEAX@std@@@std@@@?$_Tree_node@U?$pair@$$CBW4Object_Type@@PEBVGameObject@@@std@@PEAX@std@@SAXAEAV?$allocator@U?$_Tree_node@U?$pair@$$CBW4Object_Type@@PEBVGameObject@@@std@@PEAX@std@@@1@PEAU01@@Z 0000000140013c20 f i config.obj
 0002:00002d20       ??$_Get_size_of_n@$00@std@@YA_K_K@Z 0000000140013d20 f i config.obj
 0002:00002d70       ??$_Get_size_of_n@$0BA@@std@@YA_K_K@Z 0000000140013d70 f i config.obj
 0002:00002e00       ??$_Get_size_of_n@$0DA@@std@@YA_K_K@Z 0000000140013e00 f i config.obj
 0002:00002e90       ??$_Getvals@_W@?$time_get@DV?$istreambuf_iterator@DU?$char_traits@D@std@@@std@@@std@@IEAAX_WAEBV_Locinfo@1@@Z 0000000140013e90 f i config.obj
 0002:00003090       ??$_Getvals@_W@?$time_get@_WV?$istreambuf_iterator@_WU?$char_traits@_W@std@@@std@@@std@@IEAAX_WAEBV_Locinfo@1@@Z 0000000140014090 f i config.obj
 0002:00003290       ??$_Insert_at@AEAU?$pair@$$CBW4Object_Type@@PEBVGameObject@@@std@@PEAU?$_Tree_node@U?$pair@$$CBW4Object_Type@@PEBVGameObject@@@std@@PEAX@2@@?$_Tree@V?$_Tmap_traits@W4Object_Type@@PEBVGameObject@@U?$less@W4Object_Type@@@std@@V?$allocator@U?$pair@$$CBW4Object_Type@@PEBVGameObject@@@std@@@4@$0A@@std@@@std@@IEAA?AV?$_Tree_iterator@V?$_Tree_val@U?$_Tree_simple_types@U?$pair@$$CBW4Object_Type@@PEBVGameObject@@@std@@@std@@@std@@@1@_NPEAU?$_Tree_node@U?$pair@$$CBW4Object_Type@@PEBVGameObject@@@std@@PEAX@1@AEAU?$pair@$$CBW4Object_Type@@PEBVGameObject@@@1@1@Z 0000000140014290 f i config.obj
 0002:00003700       ??$_Insert_hint@AEAU?$pair@$$CBW4Object_Type@@PEBVGameObject@@@std@@PEAU?$_Tree_node@U?$pair@$$CBW4Object_Type@@PEBVGameObject@@@std@@PEAX@2@@?$_Tree@V?$_Tmap_traits@W4Object_Type@@PEBVGameObject@@U?$less@W4Object_Type@@@std@@V?$allocator@U?$pair@$$CBW4Object_Type@@PEBVGameObject@@@std@@@4@$0A@@std@@@std@@IEAA?AV?$_Tree_iterator@V?$_Tree_val@U?$_Tree_simple_types@U?$pair@$$CBW4Object_Type@@PEBVGameObject@@@std@@@std@@@std@@@1@V?$_Tree_const_iterator@V?$_Tree_val@U?$_Tree_simple_types@U?$pair@$$CBW4Object_Type@@PEBVGameObject@@@std@@@std@@@std@@@1@AEAU?$pair@$$CBW4Object_Type@@PEBVGameObject@@@1@PEAU?$_Tree_node@U?$pair@$$CBW4Object_Type@@PEBVGameObject@@@std@@PEAX@1@@Z 0000000140014700 f i config.obj
 0002:00004830       ?GetNearestIntersectX@WidgetGame@@AEBAPEAVGameObject@@PEBV2@VTime@sf@@@Z 0000000140015830 f   widget-game.obj
 0002:000049e0       ?Update@WidgetGame@@UEAAXAEBVTime@sf@@@Z 00000001400159e0 f   widget-game.obj
 0002:00004c70       ??$_Insert_nohint@AEAU?$pair@$$CBW4Object_Type@@PEBVGameObject@@@std@@PEAU?$_Tree_node@U?$pair@$$CBW4Object_Type@@PEBVGameObject@@@std@@PEAX@2@@?$_Tree@V?$_Tmap_traits@W4Object_Type@@PEBVGameObject@@U?$less@W4Object_Type@@@std@@V?$allocator@U?$pair@$$CBW4Object_Type@@PEBVGameObject@@@std@@@4@$0A@@std@@@std@@IEAA?AU?$pair@V?$_Tree_iterator@V?$_Tree_val@U?$_Tree_simple_types@U?$pair@$$CBW4Object_Type@@PEBVGameObject@@@std@@@std@@@std@@@std@@_N@1@_NAEAU?$pair@$$CBW4Object_Type@@PEBVGameObject@@@1@PEAU?$_Tree_node@U?$pair@$$CBW4Object_Type@@PEBVGameObject@@@std@@PEAX@1@@Z 0000000140015c70 f i config.obj
 0002:00005310       ??$_Kfn@$$CBW4Object_Type@@PEBVGameObject@@@?$_Tmap_traits@W4Object_Type@@PEBVGameObject@@U?$less@W4Object_Type@@@std@@V?$allocator@U?$pair@$$CBW4Object_Type@@PEBVGameObject@@@std@@@4@$0A@@std@@SAAEBW4Object_Type@@AEBU?$pair@$$CBW4Object_Type@@PEBVGameObject@@@1@@Z 0000000140016310 f i config.obj
 0002:00005360       ??$_Lbound@W4Object_Type@@@?$_Tree@V?$_Tmap_traits@W4Object_Type@@PEBVGameObject@@U?$less@W4Object_Type@@@std@@V?$allocator@U?$pair@$$CBW4Object_Type@@PEBVGameObject@@@std@@@4@$0A@@std@@@std@@IEBAPEAU?$_Tree_node@U?$pair@$$CBW4Object_Type@@PEBVGameObject@@@std@@PEAX@1@AEBW4Object_Type@@@Z 0000000140016360 f i config.obj
 0002:00005450       ??$_Maklocstr@D@std@@YAPEADPEBDPEADAEBU_Cvtvec@@@Z 0000000140016450 f i config.obj
 0002:00005560       ??$_Maklocstr@_W@std@@YAPEA_WPEBDPEA_WAEBU_Cvtvec@@@Z 0000000140016560 f i config.obj
 0002:00005810       ??$_Max_value@_K@std@@YAAEB_KAEB_K0@Z 0000000140016810 f i config.obj
 0002:000058b0       ??$_Min_value@_K@std@@YAAEB_KAEB_K0@Z 00000001400168b0 f i config.obj
 0002:00005950       ??$_Pocma@V?$allocator@D@std@@@std@@YAXAEAV?$allocator@D@0@0@Z 0000000140016950 f i config.obj
 0002:000059d0       ??$_Pocma@V?$allocator@D@std@@@std@@YAXAEAV?$allocator@D@0@0U?$integral_constant@_N$00@0@@Z 00000001400169d0 f i config.obj
 0002:00005c10       ??$_Try_emplace@W4Object_Type@@$$V@?$map@W4Object_Type@@PEBVGameObject@@U?$less@W4Object_Type@@@std@@V?$allocator@U?$pair@$$CBW4Object_Type@@PEBVGameObject@@@std@@@4@@std@@QEAA?AU?$pair@V?$_Tree_iterator@V?$_Tree_val@U?$_Tree_simple_types@U?$pair@$$CBW4Object_Type@@PEBVGameObject@@@std@@@std@@@std@@@std@@_N@1@$$QEAW4Object_Type@@@Z 0000000140016c10 f i config.obj
 0002:00005f60       ??$_Unfancy@D@std@@YAPEADPEAD@Z 0000000140016f60 f i config.obj
 0002:00005fb0       ??$_Unfancy@U_Container_proxy@std@@@std@@YAPEAU_Container_proxy@0@PEAU10@@Z 0000000140016fb0 f i config.obj
 0002:00006000       ??$addressof@$$CBU?$pair@$$CBW4Object_Type@@PEBVGameObject@@@std@@@std@@YAPEBU?$pair@$$CBW4Object_Type@@PEBVGameObject@@@0@AEBU10@@Z 0000000140017000 f i config.obj
 0002:00006050       ??$addressof@$$CBV?$_Tree_val@U?$_Tree_simple_types@U?$pair@$$CBW4Object_Type@@PEBVGameObject@@@std@@@std@@@std@@@std@@YAPEBV?$_Tree_val@U?$_Tree_simple_types@U?$pair@$$CBW4Object_Type@@PEBVGameObject@@@std@@@std@@@0@AEBV10@@Z 0000000140017050 f i config.obj
 0002:000060a0       ??$addressof@PEAD@std@@YAPEAPEADAEAPEAD@Z 00000001400170a0 f i config.obj
 0002:000060f0       ??$addressof@PEAU?$_Tree_node@U?$pair@$$CBW4Object_Type@@PEBVGameObject@@@std@@PEAX@std@@@std@@YAPEAPEAU?$_Tree_node@U?$pair@$$CBW4Object_Type@@PEBVGameObject@@@std@@PEAX@0@AEAPEAU10@@Z 00000001400170f0 f i config.obj
 0002:00006140       ??$addressof@U?$pair@$$CBW4Object_Type@@PEBVGameObject@@@std@@@std@@YAPEAU?$pair@$$CBW4Object_Type@@PEBVGameObject@@@0@AEAU10@@Z 0000000140017140 f i config.obj
 0002:00006190       ??$addressof@V?$_String_val@U?$_Simple_types@D@std@@@std@@@std@@YAPEAV?$_String_val@U?$_Simple_types@D@std@@@0@AEAV10@@Z 0000000140017190 f i config.obj
 0002:000061e0       ??$addressof@V?$_Tree_val@U?$_Tree_simple_types@U?$pair@$$CBW4Object_Type@@PEBVGameObject@@@std@@@std@@@std@@@std@@YAPEAV?$_Tree_val@U?$_Tree_simple_types@U?$pair@$$CBW4Object_Type@@PEBVGameObject@@@std@@@std@@@0@AEAV10@@Z 00000001400171e0 f i config.obj
 0002:00006230       ??$addressof@V?$basic_string@DU?$char_traits@D@std@@V?$allocator@D@2@@std@@@std@@YAPEAV?$basic_string@DU?$char_traits@D@std@@V?$allocator@D@2@@0@AEAV10@@Z 0000000140017230 f i config.obj
 0002:00006280       ??$construct@PEADAEBQEAD@?$_Default_allocator_traits@V?$allocator@D@std@@@std@@SAXAEAV?$allocator@D@1@QEAPEADAEBQEAD@Z 0000000140017280 f i config.obj
 0002:00006310       ??$construct@PEAU?$_Tree_node@U?$pair@$$CBW4Object_Type@@PEBVGameObject@@@std@@PEAX@std@@AEAPEAU12@@?$_Default_allocator_traits@V?$allocator@U?$_Tree_node@U?$pair@$$CBW4Object_Type@@PEBVGameObject@@@std@@PEAX@std@@@std@@@std@@SAXAEAV?$allocator@U?$_Tree_node@U?$pair@$$CBW4Object_Type@@PEBVGameObject@@@std@@PEAX@std@@@1@QEAPEAU?$_Tree_node@U?$pair@$$CBW4Object_Type@@PEBVGameObject@@@std@@PEAX@1@AEAPEAU31@@Z 0000000140017310 f i config.obj
 0002:000063a0       ??$construct@U?$pair@$$CBW4Object_Type@@PEBVGameObject@@@std@@AEBUpiecewise_construct_t@2@V?$tuple@$$QEAW4Object_Type@@@2@V?$tuple@$$V@2@@?$_Default_allocator_traits@V?$allocator@U?$_Tree_node@U?$pair@$$CBW4Object_Type@@PEBVGameObject@@@std@@PEAX@std@@@std@@@std@@SAXAEAV?$allocator@U?$_Tree_node@U?$pair@$$CBW4Object_Type@@PEBVGameObject@@@std@@PEAX@std@@@1@QEAU?$pair@$$CBW4Object_Type@@PEBVGameObject@@@1@AEBUpiecewise_construct_t@1@$$QEAV?$tuple@$$QEAW4Object_Type@@@1@$$QEAV?$tuple@$$V@1@@Z 00000001400173a0 f i config.obj
 0002:000064d0       ??$construct@U_Container_proxy@std@@U12@@?$_Default_allocator_traits@V?$allocator@U_Container_proxy@std@@@std@@@std@@SAXAEAV?$allocator@U_Container_proxy@std@@@1@QEAU_Container_proxy@1@$$QEAU31@@Z 00000001400174d0 f i config.obj
 0002:00006570       ??$destroy@PEAD@?$_Default_allocator_traits@V?$allocator@D@std@@@std@@SAXAEAV?$allocator@D@1@QEAPEAD@Z 0000000140017570 f i config.obj
 0002:000065c0       ??$destroy@PEAU?$_Tree_node@U?$pair@$$CBW4Object_Type@@PEBVGameObject@@@std@@PEAX@std@@@?$_Default_allocator_traits@V?$allocator@U?$_Tree_node@U?$pair@$$CBW4Object_Type@@PEBVGameObject@@@std@@PEAX@std@@@std@@@std@@SAXAEAV?$allocator@U?$_Tree_node@U?$pair@$$CBW4Object_Type@@PEBVGameObject@@@std@@PEAX@std@@@1@QEAPEAU?$_Tree_node@U?$pair@$$CBW4Object_Type@@PEBVGameObject@@@std@@PEAX@1@@Z 00000001400175c0 f i config.obj
 0002:00006610       ??$destroy@U?$pair@$$CBW4Object_Type@@PEBVGameObject@@@std@@@?$_Default_allocator_traits@V?$allocator@U?$_Tree_node@U?$pair@$$CBW4Object_Type@@PEBVGameObject@@@std@@PEAX@std@@@std@@@std@@SAXAEAV?$allocator@U?$_Tree_node@U?$pair@$$CBW4Object_Type@@PEBVGameObject@@@std@@PEAX@std@@@1@QEAU?$pair@$$CBW4Object_Type@@PEBVGameObject@@@1@@Z 0000000140017610 f i config.obj
 0002:00006660       ??$destroy@U_Container_proxy@std@@@?$_Default_allocator_traits@V?$allocator@U_Container_proxy@std@@@std@@@std@@SAXAEAV?$allocator@U_Container_proxy@std@@@1@QEAU_Container_proxy@1@@Z 0000000140017660 f i config.obj
 0002:000066b0       ??$emplace_hint@AEBUpiecewise_construct_t@std@@V?$tuple@$$QEAW4Object_Type@@@2@V?$tuple@$$V@2@@?$_Tree@V?$_Tmap_traits@W4Object_Type@@PEBVGameObject@@U?$less@W4Object_Type@@@std@@V?$allocator@U?$pair@$$CBW4Object_Type@@PEBVGameObject@@@std@@@4@$0A@@std@@@std@@QEAA?AV?$_Tree_iterator@V?$_Tree_val@U?$_Tree_simple_types@U?$pair@$$CBW4Object_Type@@PEBVGameObject@@@std@@@std@@@std@@@1@V?$_Tree_const_iterator@V?$_Tree_val@U?$_Tree_simple_types@U?$pair@$$CBW4Object_Type@@PEBVGameObject@@@std@@@std@@@std@@@1@AEBUpiecewise_construct_t@1@$$QEAV?$tuple@$$QEAW4Object_Type@@@1@$$QEAV?$tuple@$$V@1@@Z 00000001400176b0 f i config.obj
 0002:00006840       ??$forward@$$QEAW4Object_Type@@@std@@YA$$QEAW4Object_Type@@AEAW41@@Z 0000000140017840 f i config.obj
 0002:00006890       ??$forward@AEAPEAU?$_Tree_node@U?$pair@$$CBW4Object_Type@@PEBVGameObject@@@std@@PEAX@std@@@std@@YAAEAPEAU?$_Tree_node@U?$pair@$$CBW4Object_Type@@PEBVGameObject@@@std@@PEAX@0@AEAPEAU10@@Z 0000000140017890 f i config.obj
 0002:000068e0       ??$forward@AEAU?$pair@$$CBW4Object_Type@@PEBVGameObject@@@std@@@std@@YAAEAU?$pair@$$CBW4Object_Type@@PEBVGameObject@@@0@AEAU10@@Z 00000001400178e0 f i config.obj
 0002:00006930       ??$forward@AEAV?$_Tree_iterator@V?$_Tree_val@U?$_Tree_simple_types@U?$pair@$$CBW4Object_Type@@PEBVGameObject@@@std@@@std@@@std@@@std@@@std@@YAAEAV?$_Tree_iterator@V?$_Tree_val@U?$_Tree_simple_types@U?$pair@$$CBW4Object_Type@@PEBVGameObject@@@std@@@std@@@std@@@0@AEAV10@@Z 0000000140017930 f i config.obj
 0002:00006980       ??$forward@AEBQEAD@std@@YAAEBQEADAEBQEAD@Z 0000000140017980 f i config.obj
 0002:000069d0       ??$forward@AEBUpiecewise_construct_t@std@@@std@@YAAEBUpiecewise_construct_t@0@AEBU10@@Z 00000001400179d0 f i config.obj
 0002:00006a20       ??$forward@AEBV?$allocator@D@std@@@std@@YAAEBV?$allocator@D@0@AEBV10@@Z 0000000140017a20 f i config.obj
 0002:00006a70       ??$forward@U_Container_proxy@std@@@std@@YA$$QEAU_Container_proxy@0@AEAU10@@Z 0000000140017a70 f i config.obj
 0002:00006ac0       ??$forward@V?$_Tree_iterator@V?$_Tree_val@U?$_Tree_simple_types@U?$pair@$$CBW4Object_Type@@PEBVGameObject@@@std@@@std@@@std@@@std@@@std@@YA$$QEAV?$_Tree_iterator@V?$_Tree_val@U?$_Tree_simple_types@U?$pair@$$CBW4Object_Type@@PEBVGameObject@@@std@@@std@@@std@@@0@AEAV10@@Z 0000000140017ac0 f i config.obj
 0002:00006b10       ??$forward@V?$tuple@$$QEAW4Object_Type@@@std@@@std@@YA$$QEAV?$tuple@$$QEAW4Object_Type@@@0@AEAV10@@Z 0000000140017b10 f i config.obj
 0002:00006b60       ??$forward@V?$tuple@$$V@std@@@std@@YA$$QEAV?$tuple@$$V@0@AEAV10@@Z 0000000140017b60 f i config.obj
 0002:00006bb0       ??$forward@W4Object_Type@@@std@@YA$$QEAW4Object_Type@@AEAW41@@Z 0000000140017bb0 f i config.obj
 0002:00006c00       ??$forward@_N@std@@YA$$QEA_NAEA_N@Z 0000000140017c00 f i config.obj
 0002:00006c50       ??$forward_as_tuple@$$V@std@@YA?AV?$tuple@$$V@0@XZ 0000000140017c50 f i config.obj
 0002:00006cb0       ??$forward_as_tuple@W4Object_Type@@@std@@YA?AV?$tuple@$$QEAW4Object_Type@@@0@$$QEAW4Object_Type@@@Z 0000000140017cb0 f i config.obj
 0002:00006d40       ??$get@$0A@$$QEAW4Object_Type@@@std@@YA$$QEAW4Object_Type@@$$QEAV?$tuple@$$QEAW4Object_Type@@@0@@Z 0000000140017d40 f i config.obj
 0002:00006da0       ??$move@AEAV?$allocator@D@std@@@std@@YA$$QEAV?$allocator@D@0@AEAV10@@Z 0000000140017da0 f i config.obj
 0002:00006df0       ??$move@AEAV?$basic_string@DU?$char_traits@D@std@@V?$allocator@D@2@@std@@@std@@YA$$QEAV?$basic_string@DU?$char_traits@D@std@@V?$allocator@D@2@@0@AEAV10@@Z 0000000140017df0 f i config.obj
 0002:00006e40       ??$move@AEAV?$tuple@$$QEAW4Object_Type@@@std@@@std@@YA$$QEAV?$tuple@$$QEAW4Object_Type@@@0@AEAV10@@Z 0000000140017e40 f i config.obj
 0002:00006e90       ??$move@AEAW4Object_Type@@@std@@YA$$QEAW4Object_Type@@AEAW41@@Z 0000000140017e90 f i config.obj
 0002:00006ee0       ??$try_emplace@$$V@?$map@W4Object_Type@@PEBVGameObject@@U?$less@W4Object_Type@@@std@@V?$allocator@U?$pair@$$CBW4Object_Type@@PEBVGameObject@@@std@@@4@@std@@QEAA?AU?$pair@V?$_Tree_iterator@V?$_Tree_val@U?$_Tree_simple_types@U?$pair@$$CBW4Object_Type@@PEBVGameObject@@@std@@@std@@@std@@@std@@_N@1@$$QEAW4Object_Type@@@Z 0000000140017ee0 f i config.obj
 0002:00006f80       ??0?$_String_alloc@U?$_String_base_types@DV?$allocator@D@std@@@std@@@std@@QEAA@XZ 0000000140017f80 f i config.obj
 0002:00007010       ??0?$_String_val@U?$_Simple_types@D@std@@@std@@QEAA@XZ 0000000140018010 f i config.obj
 0002:000070b0       ??0?$_Tree_const_iterator@V?$_Tree_val@U?$_Tree_simple_types@U?$pair@$$CBW4Object_Type@@PEBVGameObject@@@std@@@std@@@std@@@std@@QEAA@$$QEAV01@@Z 00000001400180b0 f i config.obj
 0002:00007120       ??0?$_Tree_const_iterator@V?$_Tree_val@U?$_Tree_simple_types@U?$pair@$$CBW4Object_Type@@PEBVGameObject@@@std@@@std@@@std@@@std@@QEAA@AEBV01@@Z 0000000140018120 f i config.obj
 0002:00007190       ??0?$_Tree_const_iterator@V?$_Tree_val@U?$_Tree_simple_types@U?$pair@$$CBW4Object_Type@@PEBVGameObject@@@std@@@std@@@std@@@std@@QEAA@PEAU?$_Tree_node@U?$pair@$$CBW4Object_Type@@PEBVGameObject@@@std@@PEAX@1@PEBV?$_Tree_val@U?$_Tree_simple_types@U?$pair@$$CBW4Object_Type@@PEBVGameObject@@@std@@@std@@@1@@Z 0000000140018190 f i config.obj
 0002:00007210       ??0?$_Tree_const_iterator@V?$_Tree_val@U?$_Tree_simple_types@U?$pair@$$CBW4Object_Type@@PEBVGameObject@@@std@@@std@@@std@@@std@@QEAA@XZ 0000000140018210 f i config.obj
 0002:00007270       ??0?$_Tree_iterator@V?$_Tree_val@U?$_Tree_simple_types@U?$pair@$$CBW4Object_Type@@PEBVGameObject@@@std@@@std@@@std@@@std@@QEAA@$$QEAV01@@Z 0000000140018270 f i config.obj
 0002:000072e0       ??0?$_Tree_iterator@V?$_Tree_val@U?$_Tree_simple_types@U?$pair@$$CBW4Object_Type@@PEBVGameObject@@@std@@@std@@@std@@@std@@QEAA@AEBV01@@Z 00000001400182e0 f i config.obj
 0002:00007350       ??0?$_Tree_iterator@V?$_Tree_val@U?$_Tree_simple_types@U?$pair@$$CBW4Object_Type@@PEBVGameObject@@@std@@@std@@@std@@@std@@QEAA@PEAU?$_Tree_node@U?$pair@$$CBW4Object_Type@@PEBVGameObject@@@std@@PEAX@1@PEBV?$_Tree_val@U?$_Tree_simple_types@U?$pair@$$CBW4Object_Type@@PEBVGameObject@@@std@@@std@@@1@@Z 0000000140018350 f i config.obj
 0002:000073d0       ??0?$_Tree_unchecked_const_iterator@V?$_Tree_val@U?$_Tree_simple_types@U?$pair@$$CBW4Object_Type@@PEBVGameObject@@@std@@@std@@@std@@U_Iterator_base12@2@@std@@QEAA@$$QEAV01@@Z 00000001400183d0 f i config.obj
 0002:00007460       ??0?$_Tree_unchecked_const_iterator@V?$_Tree_val@U?$_Tree_simple_types@U?$pair@$$CBW4Object_Type@@PEBVGameObject@@@std@@@std@@@std@@U_Iterator_base12@2@@std@@QEAA@AEBV01@@Z 0000000140018460 f i config.obj
 0002:000074f0       ??0?$_Tree_unchecked_const_iterator@V?$_Tree_val@U?$_Tree_simple_types@U?$pair@$$CBW4Object_Type@@PEBVGameObject@@@std@@@std@@@std@@U_Iterator_base12@2@@std@@QEAA@PEAU?$_Tree_node@U?$pair@$$CBW4Object_Type@@PEBVGameObject@@@std@@PEAX@1@PEBV?$_Tree_val@U?$_Tree_simple_types@U?$pair@$$CBW4Object_Type@@PEBVGameObject@@@std@@@std@@@1@@Z 00000001400184f0 f i config.obj
 0002:00007590       ??0?$_Tree_unchecked_const_iterator@V?$_Tree_val@U?$_Tree_simple_types@U?$pair@$$CBW4Object_Type@@PEBVGameObject@@@std@@@std@@@std@@U_Iterator_base12@2@@std@@QEAA@XZ 0000000140018590 f i config.obj
 0002:00007600       ??0?$allocator@D@std@@QEAA@XZ 0000000140018600 f i config.obj
 0002:00007650       ??0?$basic_string@DU?$char_traits@D@std@@V?$allocator@D@2@@std@@QEAA@AEBV01@_K1AEBV?$allocator@D@1@@Z 0000000140018650 f i config.obj
 0002:00007710       ??0?$basic_string@DU?$char_traits@D@std@@V?$allocator@D@2@@std@@QEAA@QEBD@Z 0000000140018710 f i config.obj
 0002:000077b0       ??0?$tuple@$$QEAW4Object_Type@@@std@@QEAA@$$QEAV01@@Z 00000001400187b0 f i config.obj
 0002:00007830       ??0?$tuple@$$V@std@@QEAA@AEBV01@@Z 0000000140018830 f i config.obj
 0002:00007880       ??0?$tuple@$$V@std@@QEAA@XZ 0000000140018880 f i config.obj
 0002:000078d0       ??0_Bxty@?$_String_val@U?$_Simple_types@D@std@@@std@@QEAA@XZ 00000001400188d0 f i config.obj
 0002:00007920       ??0_Container_base12@std@@QEAA@XZ 0000000140018920 f i config.obj
 0002:00007980       ??0_Container_proxy@std@@QEAA@XZ 0000000140018980 f i config.obj
 0002:000079f0       ??0_Iterator_base12@std@@QEAA@AEBU01@@Z 00000001400189f0 f i config.obj
 0002:00007a80       ??0_Iterator_base12@std@@QEAA@XZ 0000000140018a80 f i config.obj
 0002:00007af0       ??1?$_Compressed_pair@V?$allocator@D@std@@V?$_String_val@U?$_Simple_types@D@std@@@2@$00@std@@QEAA@XZ 0000000140018af0 f i config.obj
 0002:00007b50       ??1?$_String_alloc@U?$_String_base_types@DV?$allocator@D@std@@@std@@@std@@QEAA@XZ 0000000140018b50 f i config.obj
 0002:00007bd0       ??1?$_String_val@U?$_Simple_types@D@std@@@std@@QEAA@XZ 0000000140018bd0 f i config.obj
 0002:00007c30       ??1?$_Tree_const_iterator@V?$_Tree_val@U?$_Tree_simple_types@U?$pair@$$CBW4Object_Type@@PEBVGameObject@@@std@@@std@@@std@@@std@@QEAA@XZ 0000000140018c30 f i config.obj
 0002:00007c80       ??1?$_Tree_iterator@V?$_Tree_val@U?$_Tree_simple_types@U?$pair@$$CBW4Object_Type@@PEBVGameObject@@@std@@@std@@@std@@@std@@QEAA@XZ 0000000140018c80 f i config.obj
 0002:00007cd0       ??1?$_Tree_unchecked_const_iterator@V?$_Tree_val@U?$_Tree_simple_types@U?$pair@$$CBW4Object_Type@@PEBVGameObject@@@std@@@std@@@std@@U_Iterator_base12@2@@std@@QEAA@XZ 0000000140018cd0 f i config.obj
 0002:00007d20       ??1?$basic_string@DU?$char_traits@D@std@@V?$allocator@D@2@@std@@QEAA@XZ 0000000140018d20 f i config.obj
 0002:00007d90       ??1?$pair@V?$_Tree_iterator@V?$_Tree_val@U?$_Tree_simple_types@U?$pair@$$CBW4Object_Type@@PEBVGameObject@@@std@@@std@@@std@@@std@@_N@std@@QEAA@XZ 0000000140018d90 f i config.obj
 0002:00007df0       ??1_Bxty@?$_String_val@U?$_Simple_types@D@std@@@std@@QEAA@XZ 0000000140018df0 f i config.obj
 0002:00007e30       ??1_Iterator_base12@std@@QEAA@XZ 0000000140018e30 f i config.obj
 0002:00007ed0       ??2@YAPEAX_KPEAX@Z         0000000140018ed0 f i config.obj
 0002:00007f20       ??4?$_Tree_const_iterator@V?$_Tree_val@U?$_Tree_simple_types@U?$pair@$$CBW4Object_Type@@PEBVGameObject@@@std@@@std@@@std@@@std@@QEAAAEAV01@AEBV01@@Z 0000000140018f20 f i config.obj
 0002:00007f90       ??4?$_Tree_unchecked_const_iterator@V?$_Tree_val@U?$_Tree_simple_types@U?$pair@$$CBW4Object_Type@@PEBVGameObject@@@std@@@std@@@std@@U_Iterator_base12@2@@std@@QEAAAEAV01@AEBV01@@Z 0000000140018f90 f i config.obj
 0002:00008020       ??4?$basic_string@DU?$char_traits@D@std@@V?$allocator@D@2@@std@@QEAAAEAV01@$$QEAV01@@Z 0000000140019020 f i config.obj
 0002:00008120       ??4_Iterator_base12@std@@QEAAAEAU01@AEBU01@@Z 0000000140019120 f i config.obj
 0002:00008220       ??8?$_Tree_const_iterator@V?$_Tree_val@U?$_Tree_simple_types@U?$pair@$$CBW4Object_Type@@PEBVGameObject@@@std@@@std@@@std@@@std@@QEBA_NAEBV01@@Z 0000000140019220 f i config.obj
 0002:00008340       ??A?$map@W4Object_Type@@PEBVGameObject@@U?$less@W4Object_Type@@@std@@V?$allocator@U?$pair@$$CBW4Object_Type@@PEBVGameObject@@@std@@@4@@std@@QEAAAEAPEBVGameObject@@$$QEAW4Object_Type@@@Z 0000000140019340 f i config.obj
 0002:00008420       ??C?$_Tree_const_iterator@V?$_Tree_val@U?$_Tree_simple_types@U?$pair@$$CBW4Object_Type@@PEBVGameObject@@@std@@@std@@@std@@@std@@QEBAPEBU?$pair@$$CBW4Object_Type@@PEBVGameObject@@@1@XZ 0000000140019420 f i config.obj
 0002:00008480       ??C?$_Tree_iterator@V?$_Tree_val@U?$_Tree_simple_types@U?$pair@$$CBW4Object_Type@@PEBVGameObject@@@std@@@std@@@std@@@std@@QEBAPEAU?$pair@$$CBW4Object_Type@@PEBVGameObject@@@1@XZ 0000000140019480 f i config.obj
 0002:000084e0       ??D?$_Tree_const_iterator@V?$_Tree_val@U?$_Tree_simple_types@U?$pair@$$CBW4Object_Type@@PEBVGameObject@@@std@@@std@@@std@@@std@@QEBAAEBU?$pair@$$CBW4Object_Type@@PEBVGameObject@@@1@XZ 00000001400194e0 f i config.obj
 0002:000085d0       ??D?$_Tree_iterator@V?$_Tree_val@U?$_Tree_simple_types@U?$pair@$$CBW4Object_Type@@PEBVGameObject@@@std@@@std@@@std@@@std@@QEBAAEAU?$pair@$$CBW4Object_Type@@PEBVGameObject@@@1@XZ 00000001400195d0 f i config.obj
 0002:00008620       ??E?$_Tree_const_iterator@V?$_Tree_val@U?$_Tree_simple_types@U?$pair@$$CBW4Object_Type@@PEBVGameObject@@@std@@@std@@@std@@@std@@QEAAAEAV01@XZ 0000000140019620 f i config.obj
 0002:00008710       ??E?$_Tree_unchecked_const_iterator@V?$_Tree_val@U?$_Tree_simple_types@U?$pair@$$CBW4Object_Type@@PEBVGameObject@@@std@@@std@@@std@@U_Iterator_base12@2@@std@@QEAAAEAV01@XZ 0000000140019710 f i config.obj
 0002:00008830       ??F?$_Tree_const_iterator@V?$_Tree_val@U?$_Tree_simple_types@U?$pair@$$CBW4Object_Type@@PEBVGameObject@@@std@@@std@@@std@@@std@@QEAAAEAV01@XZ 0000000140019830 f i config.obj
 0002:00008980       ??F?$_Tree_iterator@V?$_Tree_val@U?$_Tree_simple_types@U?$pair@$$CBW4Object_Type@@PEBVGameObject@@@std@@@std@@@std@@@std@@QEAAAEAV01@XZ 0000000140019980 f i config.obj
 0002:000089e0       ??F?$_Tree_unchecked_const_iterator@V?$_Tree_val@U?$_Tree_simple_types@U?$pair@$$CBW4Object_Type@@PEBVGameObject@@@std@@@std@@@std@@U_Iterator_base12@2@@std@@QEAAAEAV01@XZ 00000001400199e0 f i config.obj
 0002:00008be0       ??R?$less@W4Object_Type@@@std@@QEBA_NAEBW4Object_Type@@0@Z 0000000140019be0 f i config.obj
 0002:00008c70       ?Create_Object@ConfigManager@@QEBAPEAVGameObject@@W4Object_Type@@@Z 0000000140019c70 f   config.obj
 0002:00008e00       ?Get_Word_Pos_End@Config_Parser@@YAPEBDPEBD@Z 0000000140019e00 f   config.obj
 0002:00008ee0       ?Is_Comment_Line@Config_Parser@@YA_NPEBD@Z 0000000140019ee0 f   config.obj
 0002:00008f70       ?Load@ConfigManager@@QEAA_NPEBD@Z 0000000140019f70 f   config.obj
 0002:00009100       ?Read@Config_Parser@@YAPEBDPEBDAEAH@Z 000000014001a100 f   config.obj
 0002:00009290       ?Read@Config_Parser@@YAPEBDPEBDAEAM@Z 000000014001a290 f   config.obj
 0002:00009420       ?Read@Config_Parser@@YAPEBDPEBDAEAV?$basic_string@DU?$char_traits@D@std@@V?$allocator@D@2@@std@@@Z 000000014001a420 f   config.obj
 0002:00009590       ?Read_Line@ConfigManager@@AEBA_KPEAU_iobuf@@PEAD_K@Z 000000014001a590 f   config.obj
 0002:000096e0       ?_Adjust_manually_vector_aligned@std@@YAXAEAPEAXAEA_K@Z 000000014001a6e0 f i config.obj
 0002:00009860       ?_Adopt@_Iterator_base12@std@@QEAAXPEBU_Container_base12@2@@Z 000000014001a860 f i config.obj
 0002:000099a0       ?_Alloc_proxy@?$_String_alloc@U?$_String_base_types@DV?$allocator@D@std@@@std@@@std@@QEAAXXZ 000000014001a9a0 f i config.obj
 0002:00009ae0       ?_Allocate@_Default_allocate_traits@std@@SAPEAX_K@Z 000000014001aae0 f i config.obj
 0002:00009b30       ?_Assign_rv_contents@?$basic_string@DU?$char_traits@D@std@@V?$allocator@D@2@@std@@QEAAX$$QEAV12@U?$integral_constant@_N$00@2@@Z 000000014001ab30 f i config.obj
 0002:00009bd0       ?_Assign_rv_contents_with_alloc_always_equal@?$basic_string@DU?$char_traits@D@std@@V?$allocator@D@2@@std@@QEAAX$$QEAV12@U?$integral_constant@_N$00@2@@Z 000000014001abd0 f i config.obj
 0002:00009cf0       ?_Buynode0@?$_Tree_comp_alloc@V?$_Tmap_traits@W4Object_Type@@PEBVGameObject@@U?$less@W4Object_Type@@@std@@V?$allocator@U?$pair@$$CBW4Object_Type@@PEBVGameObject@@@std@@@4@$0A@@std@@@std@@QEAAPEAU?$_Tree_node@U?$pair@$$CBW4Object_Type@@PEBVGameObject@@@std@@PEAX@2@XZ 000000014001acf0 f i config.obj
 0002:00009e40       ?_Calculate_growth@?$basic_string@DU?$char_traits@D@std@@V?$allocator@D@2@@std@@QEBA_K_K@Z 000000014001ae40 f i config.obj
 0002:00009f70       ?_Check_offset@?$_String_val@U?$_Simple_types@D@std@@@std@@QEBAX_K@Z 000000014001af70 f i config.obj
 0002:00009fe0       ?_Clamp_suffix_size@?$_String_val@U?$_Simple_types@D@std@@@std@@QEBA_K_K0@Z 000000014001afe0 f i config.obj
 0002:0000a070       ?_Compare@?$_Tree@V?$_Tmap_traits@W4Object_Type@@PEBVGameObject@@U?$less@W4Object_Type@@@std@@V?$allocator@U?$pair@$$CBW4Object_Type@@PEBVGameObject@@@std@@@4@$0A@@std@@@std@@IEBA_NAEBW4Object_Type@@0@Z 000000014001b070 f i config.obj
 0002:0000a100       ?_Destroy_if_node@?$_Tree@V?$_Tmap_traits@W4Object_Type@@PEBVGameObject@@U?$less@W4Object_Type@@@std@@V?$allocator@U?$pair@$$CBW4Object_Type@@PEBVGameObject@@@std@@@4@$0A@@std@@@std@@IEAAXPEAU?$_Tree_node@U?$pair@$$CBW4Object_Type@@PEBVGameObject@@@std@@PEAX@2@@Z 000000014001b100 f i config.obj
 0002:0000a1a0       ?_Free_proxy@?$_String_alloc@U?$_String_base_types@DV?$allocator@D@std@@@std@@@std@@QEAAXXZ 000000014001b1a0 f i config.obj
 0002:0000a280       ?_Freenode0@?$_Tree_comp_alloc@V?$_Tmap_traits@W4Object_Type@@PEBVGameObject@@U?$less@W4Object_Type@@@std@@V?$allocator@U?$pair@$$CBW4Object_Type@@PEBVGameObject@@@std@@@4@$0A@@std@@@std@@QEAAXPEAU?$_Tree_node@U?$pair@$$CBW4Object_Type@@PEBVGameObject@@@std@@PEAX@2@@Z 000000014001b280 f i config.obj
 0002:0000a2f0       ?_Get_data@?$_String_alloc@U?$_String_base_types@DV?$allocator@D@std@@@std@@@std@@QEAAAEAV?$_String_val@U?$_Simple_types@D@std@@@2@XZ 000000014001b2f0 f i config.obj
 0002:0000a350       ?_Get_data@?$_String_alloc@U?$_String_base_types@DV?$allocator@D@std@@@std@@@std@@QEBAAEBV?$_String_val@U?$_Simple_types@D@std@@@2@XZ 000000014001b350 f i config.obj
 0002:0000a3b0       ?_Get_data@?$_Tree_comp_alloc@V?$_Tmap_traits@W4Object_Type@@PEBVGameObject@@U?$less@W4Object_Type@@@std@@V?$allocator@U?$pair@$$CBW4Object_Type@@PEBVGameObject@@@std@@@4@$0A@@std@@@std@@QEAAAEAV?$_Tree_val@U?$_Tree_simple_types@U?$pair@$$CBW4Object_Type@@PEBVGameObject@@@std@@@std@@@2@XZ 000000014001b3b0 f i config.obj
 0002:0000a410       ?_Get_data@?$_Tree_comp_alloc@V?$_Tmap_traits@W4Object_Type@@PEBVGameObject@@U?$less@W4Object_Type@@@std@@V?$allocator@U?$pair@$$CBW4Object_Type@@PEBVGameObject@@@std@@@4@$0A@@std@@@std@@QEBAAEBV?$_Tree_val@U?$_Tree_simple_types@U?$pair@$$CBW4Object_Type@@PEBVGameObject@@@std@@@std@@@2@XZ 000000014001b410 f i config.obj
 0002:0000a470       ?_Get_first@?$_Compressed_pair@U?$less@W4Object_Type@@@std@@V?$_Compressed_pair@V?$allocator@U?$_Tree_node@U?$pair@$$CBW4Object_Type@@PEBVGameObject@@@std@@PEAX@std@@@std@@V?$_Tree_val@U?$_Tree_simple_types@U?$pair@$$CBW4Object_Type@@PEBVGameObject@@@std@@@std@@@2@$00@2@$00@std@@QEAAAEAU?$less@W4Object_Type@@@2@XZ 000000014001b470 f i config.obj
 0002:0000a4c0       ?_Get_first@?$_Compressed_pair@U?$less@W4Object_Type@@@std@@V?$_Compressed_pair@V?$allocator@U?$_Tree_node@U?$pair@$$CBW4Object_Type@@PEBVGameObject@@@std@@PEAX@std@@@std@@V?$_Tree_val@U?$_Tree_simple_types@U?$pair@$$CBW4Object_Type@@PEBVGameObject@@@std@@@std@@@2@$00@2@$00@std@@QEBAAEBU?$less@W4Object_Type@@@2@XZ 000000014001b4c0 f i config.obj
 0002:0000a510       ?_Get_first@?$_Compressed_pair@V?$allocator@D@std@@V?$_String_val@U?$_Simple_types@D@std@@@2@$00@std@@QEAAAEAV?$allocator@D@2@XZ 000000014001b510 f i config.obj
 0002:0000a560       ?_Get_first@?$_Compressed_pair@V?$allocator@D@std@@V?$_String_val@U?$_Simple_types@D@std@@@2@$00@std@@QEBAAEBV?$allocator@D@2@XZ 000000014001b560 f i config.obj
 0002:0000a5b0       ?_Get_first@?$_Compressed_pair@V?$allocator@U?$_Tree_node@U?$pair@$$CBW4Object_Type@@PEBVGameObject@@@std@@PEAX@std@@@std@@V?$_Tree_val@U?$_Tree_simple_types@U?$pair@$$CBW4Object_Type@@PEBVGameObject@@@std@@@std@@@2@$00@std@@QEAAAEAV?$allocator@U?$_Tree_node@U?$pair@$$CBW4Object_Type@@PEBVGameObject@@@std@@PEAX@std@@@2@XZ 000000014001b5b0 f i config.obj
 0002:0000a600       ?_Get_first@?$_Compressed_pair@V?$allocator@U?$_Tree_node@U?$pair@$$CBW4Object_Type@@PEBVGameObject@@@std@@PEAX@std@@@std@@V?$_Tree_val@U?$_Tree_simple_types@U?$pair@$$CBW4Object_Type@@PEBVGameObject@@@std@@@std@@@2@$00@std@@QEBAAEBV?$allocator@U?$_Tree_node@U?$pair@$$CBW4Object_Type@@PEBVGameObject@@@std@@PEAX@std@@@2@XZ 000000014001b600 f i config.obj
 0002:0000a650       ?_Get_second@?$_Compressed_pair@U?$less@W4Object_Type@@@std@@V?$_Compressed_pair@V?$allocator@U?$_Tree_node@U?$pair@$$CBW4Object_Type@@PEBVGameObject@@@std@@PEAX@std@@@std@@V?$_Tree_val@U?$_Tree_simple_types@U?$pair@$$CBW4Object_Type@@PEBVGameObject@@@std@@@std@@@2@$00@2@$00@std@@QEAAAEAV?$_Compressed_pair@V?$allocator@U?$_Tree_node@U?$pair@$$CBW4Object_Type@@PEBVGameObject@@@std@@PEAX@std@@@std@@V?$_Tree_val@U?$_Tree_simple_types@U?$pair@$$CBW4Object_Type@@PEBVGameObject@@@std@@@std@@@2@$00@2@XZ 000000014001b650 f i config.obj
 0002:0000a6a0       ?_Get_second@?$_Compressed_pair@U?$less@W4Object_Type@@@std@@V?$_Compressed_pair@V?$allocator@U?$_Tree_node@U?$pair@$$CBW4Object_Type@@PEBVGameObject@@@std@@PEAX@std@@@std@@V?$_Tree_val@U?$_Tree_simple_types@U?$pair@$$CBW4Object_Type@@PEBVGameObject@@@std@@@std@@@2@$00@2@$00@std@@QEBAAEBV?$_Compressed_pair@V?$allocator@U?$_Tree_node@U?$pair@$$CBW4Object_Type@@PEBVGameObject@@@std@@PEAX@std@@@std@@V?$_Tree_val@U?$_Tree_simple_types@U?$pair@$$CBW4Object_Type@@PEBVGameObject@@@std@@@std@@@2@$00@2@XZ 000000014001b6a0 f i config.obj
 0002:0000a6f0       ?_Get_second@?$_Compressed_pair@V?$allocator@D@std@@V?$_String_val@U?$_Simple_types@D@std@@@2@$00@std@@QEAAAEAV?$_String_val@U?$_Simple_types@D@std@@@2@XZ 000000014001b6f0 f i config.obj
 0002:0000a740       ?_Get_second@?$_Compressed_pair@V?$allocator@D@std@@V?$_String_val@U?$_Simple_types@D@std@@@2@$00@std@@QEBAAEBV?$_String_val@U?$_Simple_types@D@std@@@2@XZ 000000014001b740 f i config.obj
 0002:0000a790       ?_Get_second@?$_Compressed_pair@V?$allocator@U?$_Tree_node@U?$pair@$$CBW4Object_Type@@PEBVGameObject@@@std@@PEAX@std@@@std@@V?$_Tree_val@U?$_Tree_simple_types@U?$pair@$$CBW4Object_Type@@PEBVGameObject@@@std@@@std@@@2@$00@std@@QEAAAEAV?$_Tree_val@U?$_Tree_simple_types@U?$pair@$$CBW4Object_Type@@PEBVGameObject@@@std@@@std@@@2@XZ 000000014001b790 f i config.obj
 0002:0000a7e0       ?_Get_second@?$_Compressed_pair@V?$allocator@U?$_Tree_node@U?$pair@$$CBW4Object_Type@@PEBVGameObject@@@std@@PEAX@std@@@std@@V?$_Tree_val@U?$_Tree_simple_types@U?$pair@$$CBW4Object_Type@@PEBVGameObject@@@std@@@std@@@2@$00@std@@QEBAAEBV?$_Tree_val@U?$_Tree_simple_types@U?$pair@$$CBW4Object_Type@@PEBVGameObject@@@std@@@std@@@2@XZ 000000014001b7e0 f i config.obj
 0002:0000a830       ?_Getal@?$_String_alloc@U?$_String_base_types@DV?$allocator@D@std@@@std@@@std@@QEAAAEAV?$allocator@D@2@XZ 000000014001b830 f i config.obj
 0002:0000a890       ?_Getal@?$_String_alloc@U?$_String_base_types@DV?$allocator@D@std@@@std@@@std@@QEBAAEBV?$allocator@D@2@XZ 000000014001b890 f i config.obj
 0002:0000a8f0       ?_Getal@?$_Tree_comp_alloc@V?$_Tmap_traits@W4Object_Type@@PEBVGameObject@@U?$less@W4Object_Type@@@std@@V?$allocator@U?$pair@$$CBW4Object_Type@@PEBVGameObject@@@std@@@4@$0A@@std@@@std@@QEAAAEAV?$allocator@U?$_Tree_node@U?$pair@$$CBW4Object_Type@@PEBVGameObject@@@std@@PEAX@std@@@2@XZ 000000014001b8f0 f i config.obj
 0002:0000a950       ?_Getal@?$_Tree_comp_alloc@V?$_Tmap_traits@W4Object_Type@@PEBVGameObject@@U?$less@W4Object_Type@@@std@@V?$allocator@U?$pair@$$CBW4Object_Type@@PEBVGameObject@@@std@@@4@$0A@@std@@@std@@QEBAAEBV?$allocator@U?$_Tree_node@U?$pair@$$CBW4Object_Type@@PEBVGameObject@@@std@@PEAX@std@@@2@XZ 000000014001b950 f i config.obj
 0002:0000a9b0       ?_Getcomp@?$_Tree_comp_alloc@V?$_Tmap_traits@W4Object_Type@@PEBVGameObject@@U?$less@W4Object_Type@@@std@@V?$allocator@U?$pair@$$CBW4Object_Type@@PEBVGameObject@@@std@@@4@$0A@@std@@@std@@QEAAAEAU?$less@W4Object_Type@@@2@XZ 000000014001b9b0 f i config.obj
 0002:0000aa10       ?_Getcomp@?$_Tree_comp_alloc@V?$_Tmap_traits@W4Object_Type@@PEBVGameObject@@U?$less@W4Object_Type@@@std@@V?$allocator@U?$pair@$$CBW4Object_Type@@PEBVGameObject@@@std@@@4@$0A@@std@@@std@@QEBAAEBU?$less@W4Object_Type@@@2@XZ 000000014001ba10 f i config.obj
 0002:0000aa70       ?_Getcont@_Iterator_base12@std@@QEBAPEBU_Container_base12@2@XZ 000000014001ba70 f i config.obj
 0002:0000aaf0       ?_Key@?$_Tree@V?$_Tmap_traits@W4Object_Type@@PEBVGameObject@@U?$less@W4Object_Type@@@std@@V?$allocator@U?$pair@$$CBW4Object_Type@@PEBVGameObject@@@std@@@4@$0A@@std@@@std@@IEBAAEBW4Object_Type@@PEAU?$_Tree_node@U?$pair@$$CBW4Object_Type@@PEBVGameObject@@@std@@PEAX@2@@Z 000000014001baf0 f i config.obj
 0002:0000ab60       ?_Kfn@?$_Tree@V?$_Tmap_traits@W4Object_Type@@PEBVGameObject@@U?$less@W4Object_Type@@@std@@V?$allocator@U?$pair@$$CBW4Object_Type@@PEBVGameObject@@@std@@@4@$0A@@std@@@std@@IEBAAEBW4Object_Type@@AEBU?$pair@$$CBW4Object_Type@@PEBVGameObject@@@2@@Z 000000014001bb60 f i config.obj
 0002:0000abc0       ?_Large_string_engaged@?$_String_val@U?$_Simple_types@D@std@@@std@@QEBA_NXZ 000000014001bbc0 f i config.obj
 0002:0000ac40       ?_Lmost@?$_Tree_val@U?$_Tree_simple_types@U?$pair@$$CBW4Object_Type@@PEBVGameObject@@@std@@@std@@@std@@QEBAAEAPEAU?$_Tree_node@U?$pair@$$CBW4Object_Type@@PEBVGameObject@@@std@@PEAX@2@XZ 000000014001bc40 f i config.obj
 0002:0000ac90       ?_Lrotate@?$_Tree_val@U?$_Tree_simple_types@U?$pair@$$CBW4Object_Type@@PEBVGameObject@@@std@@@std@@@std@@QEAAXPEAU?$_Tree_node@U?$pair@$$CBW4Object_Type@@PEBVGameObject@@@std@@PEAX@2@@Z 000000014001bc90 f i config.obj
 0002:0000adf0       ?_Maklocwcs@std@@YAPEA_WPEB_W@Z 000000014001bdf0 f i config.obj
 0002:0000aeb0       ?_Max@?$_Tree_val@U?$_Tree_simple_types@U?$pair@$$CBW4Object_Type@@PEBVGameObject@@@std@@@std@@@std@@SAPEAU?$_Tree_node@U?$pair@$$CBW4Object_Type@@PEBVGameObject@@@std@@PEAX@2@PEAU32@@Z 000000014001beb0 f i config.obj
 0002:0000af30       ?_Min@?$_Tree_val@U?$_Tree_simple_types@U?$pair@$$CBW4Object_Type@@PEBVGameObject@@@std@@@std@@@std@@SAPEAU?$_Tree_node@U?$pair@$$CBW4Object_Type@@PEBVGameObject@@@std@@PEAX@2@PEAU32@@Z 000000014001bf30 f i config.obj
 0002:0000afb0       ?_Move_alloc@?$_String_alloc@U?$_String_base_types@DV?$allocator@D@std@@@std@@@std@@QEAAXAEAV?$allocator@D@2@@Z 000000014001bfb0 f i config.obj
 0002:0000b0a0       ?_Myproxy@?$_String_alloc@U?$_String_base_types@DV?$allocator@D@std@@@std@@@std@@QEAAAEAPEAU_Container_proxy@2@XZ 000000014001c0a0 f i config.obj
 0002:0000b0f0       ?_Myptr@?$_String_val@U?$_Simple_types@D@std@@@std@@QEAAPEADXZ 000000014001c0f0 f i config.obj
 0002:0000b180       ?_Myptr@?$_String_val@U?$_Simple_types@D@std@@@std@@QEBAPEBDXZ 000000014001c180 f i config.obj
 0002:0000b210       ?_Orphan_all@?$_String_alloc@U?$_String_base_types@DV?$allocator@D@std@@@std@@@std@@QEAAXXZ 000000014001c210 f i config.obj
 0002:0000b270       ?_Orphan_all@_Container_base12@std@@QEAAXXZ 000000014001c270 f i config.obj
 0002:0000b370       ?_Orphan_me@_Iterator_base12@std@@QEAAXXZ 000000014001c370 f i config.obj
 0002:0000b4b0       ?_Rmost@?$_Tree_val@U?$_Tree_simple_types@U?$pair@$$CBW4Object_Type@@PEBVGameObject@@@std@@@std@@@std@@QEBAAEAPEAU?$_Tree_node@U?$pair@$$CBW4Object_Type@@PEBVGameObject@@@std@@PEAX@2@XZ 000000014001c4b0 f i config.obj
 0002:0000b510       ?_Root@?$_Tree_val@U?$_Tree_simple_types@U?$pair@$$CBW4Object_Type@@PEBVGameObject@@@std@@@std@@@std@@QEBAAEAPEAU?$_Tree_node@U?$pair@$$CBW4Object_Type@@PEBVGameObject@@@std@@PEAX@2@XZ 000000014001c510 f i config.obj
 0002:0000b570       ?_Rrotate@?$_Tree_val@U?$_Tree_simple_types@U?$pair@$$CBW4Object_Type@@PEBVGameObject@@@std@@@std@@@std@@QEAAXPEAU?$_Tree_node@U?$pair@$$CBW4Object_Type@@PEBVGameObject@@@std@@PEAX@2@@Z 000000014001c570 f i config.obj
 0002:0000b6d0       ?_Swap_all@?$_String_alloc@U?$_String_base_types@DV?$allocator@D@std@@@std@@@std@@QEAAXAEAV12@@Z 000000014001c6d0 f i config.obj
 0002:0000b760       ?_Swap_all@_Container_base12@std@@QEAAXAEAU12@@Z 000000014001c760 f i config.obj
 0002:0000b880       ?_Tidy_deallocate@?$basic_string@DU?$char_traits@D@std@@V?$allocator@D@2@@std@@QEAAXXZ 000000014001c880 f i config.obj
 0002:0000b9b0       ?_Tidy_init@?$basic_string@DU?$char_traits@D@std@@V?$allocator@D@2@@std@@QEAAXXZ 000000014001c9b0 f i config.obj
 0002:0000ba60       ?_Xlen@?$basic_string@DU?$char_traits@D@std@@V?$allocator@D@2@@std@@SAXXZ 000000014001ca60 f i config.obj
 0002:0000bab0       ?_Xran@?$_String_val@U?$_Simple_types@D@std@@@std@@SAXXZ 000000014001cab0 f i config.obj
 0002:0000bb00       ?__empty_global_delete@@YAXPEAX@Z 000000014001cb00 f i config.obj
 0002:0000bb40       ?__empty_global_delete@@YAXPEAX_K@Z 000000014001cb40 f i config.obj
 0002:0000bb90       ?allocate@?$allocator@D@std@@QEAAPEAD_K@Z 000000014001cb90 f i config.obj
 0002:0000bbf0       ?allocate@?$allocator@U?$_Tree_node@U?$pair@$$CBW4Object_Type@@PEBVGameObject@@@std@@PEAX@std@@@std@@QEAAPEAU?$_Tree_node@U?$pair@$$CBW4Object_Type@@PEBVGameObject@@@std@@PEAX@2@_K@Z 000000014001cbf0 f i config.obj
 0002:0000bc50       ?allocate@?$allocator@U_Container_proxy@std@@@std@@QEAAPEAU_Container_proxy@2@_K@Z 000000014001cc50 f i config.obj
 0002:0000bcb0       ?assign@?$basic_string@DU?$char_traits@D@std@@V?$allocator@D@2@@std@@QEAAAEAV12@AEBV12@_K_K@Z 000000014001ccb0 f i config.obj
 0002:0000bd80       ?assign@?$basic_string@DU?$char_traits@D@std@@V?$allocator@D@2@@std@@QEAAAEAV12@QEBD@Z 000000014001cd80 f i config.obj
 0002:0000be00       ?assign@?$basic_string@DU?$char_traits@D@std@@V?$allocator@D@2@@std@@QEAAAEAV12@QEBD_K@Z 000000014001ce00 f i config.obj
 0002:0000bf40       ?assign@?$char_traits@D@std@@SAXAEADAEBD@Z 000000014001cf40 f i config.obj
 0002:0000bfa0       ?begin@?$_Tree@V?$_Tmap_traits@W4Object_Type@@PEBVGameObject@@U?$less@W4Object_Type@@@std@@V?$allocator@U?$pair@$$CBW4Object_Type@@PEBVGameObject@@@std@@@4@$0A@@std@@@std@@QEAA?AV?$_Tree_iterator@V?$_Tree_val@U?$_Tree_simple_types@U?$pair@$$CBW4Object_Type@@PEBVGameObject@@@std@@@std@@@std@@@2@XZ 000000014001cfa0 f i config.obj
 0002:0000c060       ?c_str@?$basic_string@DU?$char_traits@D@std@@V?$allocator@D@2@@std@@QEBAPEBDXZ 000000014001d060 f i config.obj
 0002:0000c0d0       ?copy@?$char_traits@D@std@@SAPEADQEADQEBD_K@Z 000000014001d0d0 f i config.obj
 0002:0000c140       ?deallocate@?$_Default_allocator_traits@V?$allocator@U?$_Tree_node@U?$pair@$$CBW4Object_Type@@PEBVGameObject@@@std@@PEAX@std@@@std@@@std@@SAXAEAV?$allocator@U?$_Tree_node@U?$pair@$$CBW4Object_Type@@PEBVGameObject@@@std@@PEAX@std@@@2@QEAU?$_Tree_node@U?$pair@$$CBW4Object_Type@@PEBVGameObject@@@std@@PEAX@2@_K@Z 000000014001d140 f i config.obj
 0002:0000c1b0       ?deallocate@?$_Default_allocator_traits@V?$allocator@U_Container_proxy@std@@@std@@@std@@SAXAEAV?$allocator@U_Container_proxy@std@@@2@QEAU_Container_proxy@2@_K@Z 000000014001d1b0 f i config.obj
 0002:0000c220       ?deallocate@?$allocator@D@std@@QEAAXQEAD_K@Z 000000014001d220 f i config.obj
 0002:0000c290       ?deallocate@?$allocator@U?$_Tree_node@U?$pair@$$CBW4Object_Type@@PEBVGameObject@@@std@@PEAX@std@@@std@@QEAAXQEAU?$_Tree_node@U?$pair@$$CBW4Object_Type@@PEBVGameObject@@@std@@PEAX@2@_K@Z 000000014001d290 f i config.obj
 0002:0000c300       ?end@?$_Tree@V?$_Tmap_traits@W4Object_Type@@PEBVGameObject@@U?$less@W4Object_Type@@@std@@V?$allocator@U?$pair@$$CBW4Object_Type@@PEBVGameObject@@@std@@@4@$0A@@std@@@std@@QEAA?AV?$_Tree_iterator@V?$_Tree_val@U?$_Tree_simple_types@U?$pair@$$CBW4Object_Type@@PEBVGameObject@@@std@@@std@@@std@@@2@XZ 000000014001d300 f i config.obj
 0002:0000c3a0       ?end@?$_Tree@V?$_Tmap_traits@W4Object_Type@@PEBVGameObject@@U?$less@W4Object_Type@@@std@@V?$allocator@U?$pair@$$CBW4Object_Type@@PEBVGameObject@@@std@@@4@$0A@@std@@@std@@QEBA?AV?$_Tree_const_iterator@V?$_Tree_val@U?$_Tree_simple_types@U?$pair@$$CBW4Object_Type@@PEBVGameObject@@@std@@@std@@@std@@@2@XZ 000000014001d3a0 f i config.obj
 0002:0000c440       ?find@?$_Tree@V?$_Tmap_traits@W4Object_Type@@PEBVGameObject@@U?$less@W4Object_Type@@@std@@V?$allocator@U?$pair@$$CBW4Object_Type@@PEBVGameObject@@@std@@@4@$0A@@std@@@std@@QEBA?AV?$_Tree_const_iterator@V?$_Tree_val@U?$_Tree_simple_types@U?$pair@$$CBW4Object_Type@@PEBVGameObject@@@std@@@std@@@std@@@2@AEBW4Object_Type@@@Z 000000014001d440 f i config.obj
 0002:0000c710       ?length@?$char_traits@D@std@@SA_KQEBD@Z 000000014001d710 f i config.obj
 0002:0000c760       ?lower_bound@?$_Tree@V?$_Tmap_traits@W4Object_Type@@PEBVGameObject@@U?$less@W4Object_Type@@@std@@V?$allocator@U?$pair@$$CBW4Object_Type@@PEBVGameObject@@@std@@@4@$0A@@std@@@std@@QEAA?AV?$_Tree_iterator@V?$_Tree_val@U?$_Tree_simple_types@U?$pair@$$CBW4Object_Type@@PEBVGameObject@@@std@@@std@@@std@@@2@AEBW4Object_Type@@@Z 000000014001d760 f i config.obj
 0002:0000c830       ?lower_bound@?$_Tree@V?$_Tmap_traits@W4Object_Type@@PEBVGameObject@@U?$less@W4Object_Type@@@std@@V?$allocator@U?$pair@$$CBW4Object_Type@@PEBVGameObject@@@std@@@4@$0A@@std@@@std@@QEBA?AV?$_Tree_const_iterator@V?$_Tree_val@U?$_Tree_simple_types@U?$pair@$$CBW4Object_Type@@PEBVGameObject@@@std@@@std@@@std@@@2@AEBW4Object_Type@@@Z 000000014001d830 f i config.obj
 0002:0000c900       ?max@?$numeric_limits@_J@std@@SA_JXZ 000000014001d900 f i config.obj
 0002:0000c940       ?max_size@?$_Default_allocator_traits@V?$allocator@D@std@@@std@@SA_KAEBV?$allocator@D@2@@Z 000000014001d940 f i config.obj
 0002:0000c990       ?max_size@?$_Default_allocator_traits@V?$allocator@U?$_Tree_node@U?$pair@$$CBW4Object_Type@@PEBVGameObject@@@std@@PEAX@std@@@std@@@std@@SA_KAEBV?$allocator@U?$_Tree_node@U?$pair@$$CBW4Object_Type@@PEBVGameObject@@@std@@PEAX@std@@@2@@Z 000000014001d990 f i config.obj
 0002:0000c9e0       ?max_size@?$_Tree@V?$_Tmap_traits@W4Object_Type@@PEBVGameObject@@U?$less@W4Object_Type@@@std@@V?$allocator@U?$pair@$$CBW4Object_Type@@PEBVGameObject@@@std@@@4@$0A@@std@@@std@@QEBA_KXZ 000000014001d9e0 f i config.obj
 0002:0000ca40       ?max_size@?$basic_string@DU?$char_traits@D@std@@V?$allocator@D@2@@std@@QEBA_KXZ 000000014001da40 f i config.obj
 0002:0000cb30       ?move@?$char_traits@D@std@@SAPEADQEADQEBD_K@Z 000000014001db30 f i config.obj
 0002:0000cba0       ?pointer_to@?$pointer_traits@PEAU?$pair@$$CBW4Object_Type@@PEBVGameObject@@@std@@@std@@SAPEAU?$pair@$$CBW4Object_Type@@PEBVGameObject@@@2@AEAU32@@Z 000000014001dba0 f i config.obj
 0002:0000cbf0       ?pointer_to@?$pointer_traits@PEBU?$pair@$$CBW4Object_Type@@PEBVGameObject@@@std@@@std@@SAPEBU?$pair@$$CBW4Object_Type@@PEBVGameObject@@@2@AEBU32@@Z 000000014001dbf0 f i config.obj
 0002:0000cc40       ?size@?$_Tree@V?$_Tmap_traits@W4Object_Type@@PEBVGameObject@@U?$less@W4Object_Type@@@std@@V?$allocator@U?$pair@$$CBW4Object_Type@@PEBVGameObject@@@std@@@4@$0A@@std@@@std@@QEBA_KXZ 000000014001dc40 f i config.obj
 0002:0000cca0       ?stof@std@@YAMAEBV?$basic_string@DU?$char_traits@D@std@@V?$allocator@D@2@@1@PEA_K@Z 000000014001dca0 f i config.obj
 0002:0000cdc0       ?stoi@std@@YAHAEBV?$basic_string@DU?$char_traits@D@std@@V?$allocator@D@2@@1@PEA_KH@Z 000000014001ddc0 f i config.obj
 0002:0000cef0       __local_stdio_printf_options 000000014001def0 f i config.obj
 0002:0000cf30       _vfprintf_l                000000014001df30 f i config.obj
 0002:0000cfc0       printf                     000000014001dfc0 f i config.obj
 0002:0000d080       wmemcpy                    000000014001e080 f i config.obj
 0002:0000d100       ??0?$Container@VGameObject@@@@QEAA@AEBV?$Vector2@M@sf@@0@Z 000000014001e100 f i container.obj
 0002:0000d1c0       ??0?$Container@VWidget@@@@QEAA@AEBV?$Vector2@M@sf@@0@Z 000000014001e1c0 f i container.obj
 0002:0000d280       ??1?$Container@VGameObject@@@@UEAA@XZ 000000014001e280 f i container.obj
 0002:0000d340       ??1?$Container@VWidget@@@@UEAA@XZ 000000014001e340 f i container.obj
 0002:0000d400       ??_G?$Container@VGameObject@@@@UEAAPEAXI@Z 000000014001e400 f i container.obj
 0002:0000d400       ??_E?$Container@VGameObject@@@@UEAAPEAXI@Z 000000014001e400 f i container.obj
 0002:0000d490       ??_G?$Container@VWidget@@@@UEAAPEAXI@Z 000000014001e490 f i container.obj
 0002:0000d490       ??_E?$Container@VWidget@@@@UEAAPEAXI@Z 000000014001e490 f i container.obj
 0002:0000d520       ?AddWidget@?$Container@VGameObject@@@@QEAAXPEAVGameObject@@@Z 000000014001e520 f i container.obj
 0002:0000d6d0       ?AddWidget@?$Container@VWidget@@@@QEAAXPEAVWidget@@@Z 000000014001e6d0 f i container.obj
 0002:0000d880       ?Draw@?$Container@VGameObject@@@@UEAAXPEAVRenderWindow@sf@@@Z 000000014001e880 f i container.obj
 0002:0000d960       ?Draw@?$Container@VWidget@@@@UEAAXPEAVRenderWindow@sf@@@Z 000000014001e960 f i container.obj
 0002:0000da40       ?GetWidget@?$Container@VGameObject@@@@QEBAPEAVGameObject@@_K@Z 000000014001ea40 f i container.obj
 0002:0000dae0       ?GetWidget@?$Container@VWidget@@@@QEBAPEAVWidget@@_K@Z 000000014001eae0 f i container.obj
 0002:0000db80       ?GetWidgetsCount@?$Container@VGameObject@@@@QEBA_KXZ 000000014001eb80 f i container.obj
 0002:0000dbd0       ?GetWidgetsCount@?$Container@VWidget@@@@QEBA_KXZ 000000014001ebd0 f i container.obj
 0002:0000dc20       ?HandleEvent@?$Container@VGameObject@@@@UEAAXAEBVEvent@sf@@@Z 000000014001ec20 f i container.obj
 0002:0000dc70       ?HandleEvent@?$Container@VWidget@@@@UEAAXAEBVEvent@sf@@@Z 000000014001ec70 f   container.obj
 0002:0000dd40       ?RemoveWidget@?$Container@VGameObject@@@@QEAA_NPEAVGameObject@@@Z 000000014001ed40 f i container.obj
 0002:0000df00       ?RemoveWidget@?$Container@VWidget@@@@QEAA_NPEAVWidget@@@Z 000000014001ef00 f i container.obj
 0002:0000e0c0       ?SetPos@?$Container@VGameObject@@@@UEAAXAEBV?$Vector2@M@sf@@@Z 000000014001f0c0 f i container.obj
 0002:0000e180       ?SetPos@?$Container@VWidget@@@@UEAAXAEBV?$Vector2@M@sf@@@Z 000000014001f180 f i container.obj
 0002:0000e240       ?Update@?$Container@VGameObject@@@@UEAAXAEBVTime@sf@@@Z 000000014001f240 f i container.obj
 0002:0000e310       ?Update@?$Container@VWidget@@@@UEAAXAEBVTime@sf@@@Z 000000014001f310 f i container.obj
 0002:0000e3e0       ??$?0$$V@?$_Compressed_pair@V?$allocator@PEAV?$Window@VWidget@@@@@std@@V?$_Vector_val@U?$_Simple_types@PEAV?$Window@VWidget@@@@@std@@@2@$00@std@@QEAA@U_Zero_then_variadic_args_t@1@@Z 000000014001f3e0 f i engine.obj
 0002:0000e450       ??$?0$$V@?$_Compressed_pair@V?$allocator@U?$_Tree_node@U?$pair@$$CBW4Object_Type@@PEBVGameObject@@@std@@PEAX@std@@@std@@V?$_Tree_val@U?$_Tree_simple_types@U?$pair@$$CBW4Object_Type@@PEBVGameObject@@@std@@@std@@@2@$00@std@@QEAA@U_Zero_then_variadic_args_t@1@@Z 000000014001f450 f i engine.obj
 0002:0000e4c0       ??$?0AEBU?$less@W4Object_Type@@@std@@U_Zero_then_variadic_args_t@1@@?$_Compressed_pair@U?$less@W4Object_Type@@@std@@V?$_Compressed_pair@V?$allocator@U?$_Tree_node@U?$pair@$$CBW4Object_Type@@PEBVGameObject@@@std@@PEAX@std@@@std@@V?$_Tree_val@U?$_Tree_simple_types@U?$pair@$$CBW4Object_Type@@PEBVGameObject@@@std@@@std@@@2@$00@2@$00@std@@QEAA@U_One_then_variadic_args_t@1@AEBU?$less@W4Object_Type@@@1@$$QEAU_Zero_then_variadic_args_t@1@@Z 000000014001f4c0 f i engine.obj
 0002:0000e550       ??$?0PEAV?$Window@VWidget@@@@@?$allocator@U_Container_proxy@std@@@std@@QEAA@AEBV?$allocator@PEAV?$Window@VWidget@@@@@1@@Z 000000014001f550 f i engine.obj
 0002:0000e5a0       ??$?0U?$_Tree_node@U?$pair@$$CBW4Object_Type@@PEBVGameObject@@@std@@PEAX@std@@@?$allocator@U_Container_proxy@std@@@std@@QEAA@AEBV?$allocator@U?$_Tree_node@U?$pair@$$CBW4Object_Type@@PEBVGameObject@@@std@@PEAX@std@@@1@@Z 000000014001f5a0 f i engine.obj
 0002:0000e5f0       ??$_Copy_memmove@PEAPEAV?$Window@VWidget@@@@PEAPEAV1@@std@@YAPEAPEAV?$Window@VWidget@@@@PEAPEAV1@00@Z 000000014001f5f0 f i engine.obj
 0002:0000e6b0       ??$_Destroy_range1@V?$allocator@PEAV?$Window@VWidget@@@@@std@@@std@@YAXPEAPEAV?$Window@VWidget@@@@0AEAV?$allocator@PEAV?$Window@VWidget@@@@@0@U?$integral_constant@_N$00@0@@Z 000000014001f6b0 f i engine.obj
 0002:0000e710       ??$_Destroy_range@V?$allocator@PEAV?$Window@VWidget@@@@@std@@@std@@YAXPEAPEAV?$Window@VWidget@@@@0AEAV?$allocator@PEAV?$Window@VWidget@@@@@0@@Z 000000014001f710 f i engine.obj
 0002:0000e790       ??$_Emplace_back_with_unused_capacity@AEBQEAV?$Window@VWidget@@@@@?$vector@PEAV?$Window@VWidget@@@@V?$allocator@PEAV?$Window@VWidget@@@@@std@@@std@@AEAA@AEBQEAV?$Window@VWidget@@@@@Z 000000014001f790 f i engine.obj
 0002:0000e8e0       ??$_Emplace_reallocate@AEBQEAV?$Window@VWidget@@@@@?$vector@PEAV?$Window@VWidget@@@@V?$allocator@PEAV?$Window@VWidget@@@@@std@@@std@@QEAAPEAPEAV?$Window@VWidget@@@@QEAPEAV2@AEBQEAV2@@Z 000000014001f8e0 f i engine.obj
 0002:0000ebe0       ??$_Get_size_of_n@$07@std@@YA_K_K@Z 000000014001fbe0 f i engine.obj
 0002:0000ec70       ??$_Ptr_move_cat@PEAV?$Window@VWidget@@@@PEAV1@@std@@YA?AU_Really_trivial_ptr_iterator_tag@0@AEBQEAPEAV?$Window@VWidget@@@@0@Z 000000014001fc70 f i engine.obj
 0002:0000ecd0       ??$_Rechecked@PEAPEAV?$Window@VWidget@@@@PEAPEAV1@@std@@YAAEAPEAPEAV?$Window@VWidget@@@@AEAPEAPEAV1@QEAPEAV1@@Z 000000014001fcd0 f i engine.obj
 0002:0000ed40       ??$_Unchecked@PEAPEAV?$Window@VWidget@@@@@std@@YAPEAPEAV?$Window@VWidget@@@@PEAPEAV1@@Z 000000014001fd40 f i engine.obj
 0002:0000ed90       ??$_Unfancy@PEAV?$Window@VWidget@@@@@std@@YAPEAPEAV?$Window@VWidget@@@@PEAPEAV1@@Z 000000014001fd90 f i engine.obj
 0002:0000ede0       ??$_Uninitialized_move@PEAPEAV?$Window@VWidget@@@@PEAPEAV1@V?$allocator@PEAV?$Window@VWidget@@@@@std@@@std@@YAPEAPEAV?$Window@VWidget@@@@QEAPEAV1@0PEAPEAV1@AEAV?$allocator@PEAV?$Window@VWidget@@@@@0@@Z 000000014001fde0 f i engine.obj
 0002:0000eef0       ??$_Uninitialized_move_al_unchecked@PEAV?$Window@VWidget@@@@PEAV1@V?$allocator@PEAV?$Window@VWidget@@@@@std@@@std@@YAPEAPEAV?$Window@VWidget@@@@QEAPEAV1@00AEAV?$allocator@PEAV?$Window@VWidget@@@@@0@U_Really_trivial_ptr_iterator_tag@0@U?$integral_constant@_N$00@0@@Z 000000014001fef0 f i engine.obj
 0002:0000ef70       ??$addressof@V?$_Vector_val@U?$_Simple_types@PEAV?$Window@VWidget@@@@@std@@@std@@@std@@YAPEAV?$_Vector_val@U?$_Simple_types@PEAV?$Window@VWidget@@@@@std@@@0@AEAV10@@Z 000000014001ff70 f i engine.obj
 0002:0000efc0       ??$construct@PEAV?$Window@VWidget@@@@AEBQEAV1@@?$_Default_allocator_traits@V?$allocator@PEAV?$Window@VWidget@@@@@std@@@std@@SAXAEAV?$allocator@PEAV?$Window@VWidget@@@@@1@QEAPEAV?$Window@VWidget@@@@AEBQEAV3@@Z 000000014001ffc0 f i engine.obj
 0002:0000f050       ??$emplace_back@AEBQEAV?$Window@VWidget@@@@@?$vector@PEAV?$Window@VWidget@@@@V?$allocator@PEAV?$Window@VWidget@@@@@std@@@std@@QEAA@AEBQEAV?$Window@VWidget@@@@@Z 0000000140020050 f i engine.obj
 0002:0000f120       ??$forward@AEBQEAV?$Window@VWidget@@@@@std@@YAAEBQEAV?$Window@VWidget@@@@AEBQEAV1@@Z 0000000140020120 f i engine.obj
 0002:0000f170       ??$forward@AEBU?$less@W4Object_Type@@@std@@@std@@YAAEBU?$less@W4Object_Type@@@0@AEBU10@@Z 0000000140020170 f i engine.obj
 0002:0000f1c0       ??$forward@U_Zero_then_variadic_args_t@std@@@std@@YA$$QEAU_Zero_then_variadic_args_t@0@AEAU10@@Z 00000001400201c0 f i engine.obj
 0002:0000f210       ??$move@AEAD@std@@YA$$QEADAEAD@Z 0000000140020210 f i engine.obj
 0002:0000f260       ??$swap@DX@std@@YAXAEAD0@Z 0000000140020260 f i engine.obj
 0002:0000f310       ??0?$Vector2@M@sf@@QEAA@MM@Z 0000000140020310 f i engine.obj
 0002:0000f3a0       ??0?$_Tree@V?$_Tmap_traits@W4Object_Type@@PEBVGameObject@@U?$less@W4Object_Type@@@std@@V?$allocator@U?$pair@$$CBW4Object_Type@@PEBVGameObject@@@std@@@4@$0A@@std@@@std@@QEAA@AEBU?$less@W4Object_Type@@@1@@Z 00000001400203a0 f i engine.obj
 0002:0000f410       ??0?$_Tree_comp_alloc@V?$_Tmap_traits@W4Object_Type@@PEBVGameObject@@U?$less@W4Object_Type@@@std@@V?$allocator@U?$pair@$$CBW4Object_Type@@PEBVGameObject@@@std@@@4@$0A@@std@@@std@@QEAA@AEBU?$less@W4Object_Type@@@1@@Z 0000000140020410 f i engine.obj
 0002:0000f4a0       ??0?$_Tree_val@U?$_Tree_simple_types@U?$pair@$$CBW4Object_Type@@PEBVGameObject@@@std@@@std@@@std@@QEAA@XZ 00000001400204a0 f i engine.obj
 0002:0000f520       ??0?$_Vector_alloc@U?$_Vec_base_types@PEAV?$Window@VWidget@@@@V?$allocator@PEAV?$Window@VWidget@@@@@std@@@std@@@std@@QEAA@XZ 0000000140020520 f i engine.obj
 0002:0000f5a0       ??0?$_Vector_val@U?$_Simple_types@PEAV?$Window@VWidget@@@@@std@@@std@@QEAA@XZ 00000001400205a0 f i engine.obj
 0002:0000f640       ??0?$allocator@PEAV?$Window@VWidget@@@@@std@@QEAA@XZ 0000000140020640 f i engine.obj
 0002:0000f690       ??0?$allocator@U?$_Tree_node@U?$pair@$$CBW4Object_Type@@PEBVGameObject@@@std@@PEAX@std@@@std@@QEAA@XZ 0000000140020690 f i engine.obj
 0002:0000f6e0       ??0?$map@W4Object_Type@@PEBVGameObject@@U?$less@W4Object_Type@@@std@@V?$allocator@U?$pair@$$CBW4Object_Type@@PEBVGameObject@@@std@@@4@@std@@QEAA@XZ 00000001400206e0 f i engine.obj
 0002:0000f750       ??0?$vector@PEAV?$Window@VWidget@@@@V?$allocator@PEAV?$Window@VWidget@@@@@std@@@std@@QEAA@XZ 0000000140020750 f i engine.obj
 0002:0000f7c0       ??0ConfigManager@@QEAA@XZ  00000001400207c0 f i engine.obj
 0002:0000f820       ??0ContextSettings@sf@@QEAA@IIIIII_N@Z 0000000140020820 f i engine.obj
 0002:0000f910       ??0Engine@@QEAA@XZ         0000000140020910 f   engine.obj
 0002:0000fc80       ??0locale@std@@QEAA@XZ     0000000140020c80 f i engine.obj
 0002:0000fcf0       ??1?$_Tree@V?$_Tmap_traits@W4Object_Type@@PEBVGameObject@@U?$less@W4Object_Type@@@std@@V?$allocator@U?$pair@$$CBW4Object_Type@@PEBVGameObject@@@std@@@4@$0A@@std@@@std@@QEAA@XZ 0000000140020cf0 f i engine.obj
 0002:0000fd60       ??1?$_Tree_comp_alloc@V?$_Tmap_traits@W4Object_Type@@PEBVGameObject@@U?$less@W4Object_Type@@@std@@V?$allocator@U?$pair@$$CBW4Object_Type@@PEBVGameObject@@@std@@@4@$0A@@std@@@std@@QEAA@XZ 0000000140020d60 f i engine.obj
 0002:0000fdf0       ??1?$_Vector_alloc@U?$_Vec_base_types@PEAV?$Window@VWidget@@@@V?$allocator@PEAV?$Window@VWidget@@@@@std@@@std@@@std@@QEAA@XZ 0000000140020df0 f i engine.obj
 0002:0000fe50       ??1?$map@W4Object_Type@@PEBVGameObject@@U?$less@W4Object_Type@@@std@@V?$allocator@U?$pair@$$CBW4Object_Type@@PEBVGameObject@@@std@@@4@@std@@QEAA@XZ 0000000140020e50 f i engine.obj
 0002:0000fea0       ??1?$vector@PEAV?$Window@VWidget@@@@V?$allocator@PEAV?$Window@VWidget@@@@@std@@@std@@QEAA@XZ 0000000140020ea0 f i engine.obj
 0002:0000ff10       ??1ConfigManager@@QEAA@XZ  0000000140020f10 f i engine.obj
 0002:0000ff70       ??1Engine@@QEAA@XZ         0000000140020f70 f   engine.obj
 0002:00010070       ??1locale@std@@QEAA@XZ     0000000140021070 f i engine.obj
 0002:00010160       ??9?$_Tree_const_iterator@V?$_Tree_val@U?$_Tree_simple_types@U?$pair@$$CBW4Object_Type@@PEBVGameObject@@@std@@@std@@@std@@@std@@QEBA_NAEBV01@@Z 0000000140021160 f i engine.obj
 0002:000101f0       ??A?$vector@PEAV?$Window@VWidget@@@@V?$allocator@PEAV?$Window@VWidget@@@@@std@@@std@@QEAAAEAPEAV?$Window@VWidget@@@@_K@Z 00000001400211f0 f i engine.obj
 0002:000102d0       ??E?$_Tree_const_iterator@V?$_Tree_val@U?$_Tree_simple_types@U?$pair@$$CBW4Object_Type@@PEBVGameObject@@@std@@@std@@@std@@@std@@QEAA?AV01@H@Z 00000001400212d0 f i engine.obj
 0002:000103b4       ??_ERenderWindow@sf@@WDI@EAAPEAXI@Z 00000001400213b4 f i engine.obj
 0002:000103c0       ??_ERenderWindow@sf@@UEAAPEAXI@Z 00000001400213c0 f i engine.obj
 0002:000103c0       ??_GRenderWindow@sf@@UEAAPEAXI@Z 00000001400213c0 f i engine.obj
 0002:00010450       ?Draw@Engine@@QEAAXXZ      0000000140021450 f   engine.obj
 0002:000105b0       ?Execute@Engine@@QEAAXXZ   00000001400215b0 f   engine.obj
 0002:000107c0       ?GetConfigManager@Engine@@QEAAPEAVConfigManager@@XZ 00000001400217c0 f   engine.obj
 0002:00010810       ?GetSize@Engine@@QEBA?AV?$Vector2@M@sf@@XZ 0000000140021810 f   engine.obj
 0002:00010880       ?HandleEvents@Engine@@QEAAXXZ 0000000140021880 f   engine.obj
 0002:000109a0       ?SetSize@Engine@@QEAAXAEBV?$Vector2@M@sf@@@Z 00000001400219a0 f   engine.obj
 0002:00010a00       ?Update@Engine@@QEAAXAEBVTime@sf@@@Z 0000000140021a00 f   engine.obj
 0002:00010ad0       ?_Alloc_proxy@?$_Tree_comp_alloc@V?$_Tmap_traits@W4Object_Type@@PEBVGameObject@@U?$less@W4Object_Type@@@std@@V?$allocator@U?$pair@$$CBW4Object_Type@@PEBVGameObject@@@std@@@4@$0A@@std@@@std@@QEAAXXZ 0000000140021ad0 f i engine.obj
 0002:00010c10       ?_Alloc_proxy@?$_Vector_alloc@U?$_Vec_base_types@PEAV?$Window@VWidget@@@@V?$allocator@PEAV?$Window@VWidget@@@@@std@@@std@@@std@@QEAAXXZ 0000000140021c10 f i engine.obj
 0002:00010d50       ?_Buyheadnode@?$_Tree_comp_alloc@V?$_Tmap_traits@W4Object_Type@@PEBVGameObject@@U?$less@W4Object_Type@@@std@@V?$allocator@U?$pair@$$CBW4Object_Type@@PEBVGameObject@@@std@@@4@$0A@@std@@@std@@QEAAPEAU?$_Tree_node@U?$pair@$$CBW4Object_Type@@PEBVGameObject@@@std@@PEAX@2@XZ 0000000140021d50 f i engine.obj
 0002:00010e80       ?_Calculate_growth@?$vector@PEAV?$Window@VWidget@@@@V?$allocator@PEAV?$Window@VWidget@@@@@std@@@std@@AEBA_K_K@Z 0000000140021e80 f i engine.obj
 0002:00010f70       ?_Change_array@?$vector@PEAV?$Window@VWidget@@@@V?$allocator@PEAV?$Window@VWidget@@@@@std@@@std@@AEAAXQEAPEAV?$Window@VWidget@@@@_K1@Z 0000000140021f70 f i engine.obj
 0002:00011130       ?_Clrcont@_Iterator_base12@std@@QEAAXXZ 0000000140022130 f i engine.obj
 0002:00011180       ?_Construct@?$_Tree_comp_alloc@V?$_Tmap_traits@W4Object_Type@@PEBVGameObject@@U?$less@W4Object_Type@@@std@@V?$allocator@U?$pair@$$CBW4Object_Type@@PEBVGameObject@@@std@@@4@$0A@@std@@@std@@QEAAXXZ 0000000140022180 f i engine.obj
 0002:00011210       ?_Destroy@?$vector@PEAV?$Window@VWidget@@@@V?$allocator@PEAV?$Window@VWidget@@@@@std@@@std@@AEAAXPEAPEAV?$Window@VWidget@@@@0@Z 0000000140022210 f i engine.obj
 0002:00011290       ?_Erase@?$_Tree@V?$_Tmap_traits@W4Object_Type@@PEBVGameObject@@U?$less@W4Object_Type@@@std@@V?$allocator@U?$pair@$$CBW4Object_Type@@PEBVGameObject@@@std@@@4@$0A@@std@@@std@@IEAAXPEAU?$_Tree_node@U?$pair@$$CBW4Object_Type@@PEBVGameObject@@@std@@PEAX@2@@Z 0000000140022290 f i engine.obj
 0002:00011380       ?_Extract@?$_Tree_val@U?$_Tree_simple_types@U?$pair@$$CBW4Object_Type@@PEBVGameObject@@@std@@@std@@@std@@QEAAPEAU?$_Tree_node@U?$pair@$$CBW4Object_Type@@PEBVGameObject@@@std@@PEAX@2@V?$_Tree_const_iterator@V?$_Tree_val@U?$_Tree_simple_types@U?$pair@$$CBW4Object_Type@@PEBVGameObject@@@std@@@std@@@std@@@2@@Z 0000000140022380 f i engine.obj
 0002:00011b20       ?_Free_proxy@?$_Tree_comp_alloc@V?$_Tmap_traits@W4Object_Type@@PEBVGameObject@@U?$less@W4Object_Type@@@std@@V?$allocator@U?$pair@$$CBW4Object_Type@@PEBVGameObject@@@std@@@4@$0A@@std@@@std@@QEAAXXZ 0000000140022b20 f i engine.obj
 0002:00011c00       ?_Free_proxy@?$_Vector_alloc@U?$_Vec_base_types@PEAV?$Window@VWidget@@@@V?$allocator@PEAV?$Window@VWidget@@@@@std@@@std@@@std@@QEAAXXZ 0000000140022c00 f i engine.obj
 0002:00011ce0       ?_Freeheadnode@?$_Tree_comp_alloc@V?$_Tmap_traits@W4Object_Type@@PEBVGameObject@@U?$less@W4Object_Type@@@std@@V?$allocator@U?$pair@$$CBW4Object_Type@@PEBVGameObject@@@std@@@4@$0A@@std@@@std@@QEAAXPEAU?$_Tree_node@U?$pair@$$CBW4Object_Type@@PEBVGameObject@@@std@@PEAX@2@@Z 0000000140022ce0 f i engine.obj
 0002:00011d50       ?_Get_data@?$_Vector_alloc@U?$_Vec_base_types@PEAV?$Window@VWidget@@@@V?$allocator@PEAV?$Window@VWidget@@@@@std@@@std@@@std@@QEAAAEAV?$_Vector_val@U?$_Simple_types@PEAV?$Window@VWidget@@@@@std@@@2@XZ 0000000140022d50 f i engine.obj
 0002:00011db0       ?_Get_data@?$_Vector_alloc@U?$_Vec_base_types@PEAV?$Window@VWidget@@@@V?$allocator@PEAV?$Window@VWidget@@@@@std@@@std@@@std@@QEBAAEBV?$_Vector_val@U?$_Simple_types@PEAV?$Window@VWidget@@@@@std@@@2@XZ 0000000140022db0 f i engine.obj
 0002:00011e10       ?_Get_first@?$_Compressed_pair@V?$allocator@PEAV?$Window@VWidget@@@@@std@@V?$_Vector_val@U?$_Simple_types@PEAV?$Window@VWidget@@@@@std@@@2@$00@std@@QEAAAEAV?$allocator@PEAV?$Window@VWidget@@@@@2@XZ 0000000140022e10 f i engine.obj
 0002:00011e60       ?_Get_first@?$_Compressed_pair@V?$allocator@PEAV?$Window@VWidget@@@@@std@@V?$_Vector_val@U?$_Simple_types@PEAV?$Window@VWidget@@@@@std@@@2@$00@std@@QEBAAEBV?$allocator@PEAV?$Window@VWidget@@@@@2@XZ 0000000140022e60 f i engine.obj
 0002:00011eb0       ?_Get_second@?$_Compressed_pair@V?$allocator@PEAV?$Window@VWidget@@@@@std@@V?$_Vector_val@U?$_Simple_types@PEAV?$Window@VWidget@@@@@std@@@2@$00@std@@QEAAAEAV?$_Vector_val@U?$_Simple_types@PEAV?$Window@VWidget@@@@@std@@@2@XZ 0000000140022eb0 f i engine.obj
 0002:00011f00       ?_Get_second@?$_Compressed_pair@V?$allocator@PEAV?$Window@VWidget@@@@@std@@V?$_Vector_val@U?$_Simple_types@PEAV?$Window@VWidget@@@@@std@@@2@$00@std@@QEBAAEBV?$_Vector_val@U?$_Simple_types@PEAV?$Window@VWidget@@@@@std@@@2@XZ 0000000140022f00 f i engine.obj
 0002:00011f50       ?_Getal@?$_Vector_alloc@U?$_Vec_base_types@PEAV?$Window@VWidget@@@@V?$allocator@PEAV?$Window@VWidget@@@@@std@@@std@@@std@@QEAAAEAV?$allocator@PEAV?$Window@VWidget@@@@@2@XZ 0000000140022f50 f i engine.obj
 0002:00011fb0       ?_Getal@?$_Vector_alloc@U?$_Vec_base_types@PEAV?$Window@VWidget@@@@V?$allocator@PEAV?$Window@VWidget@@@@@std@@@std@@@std@@QEBAAEBV?$allocator@PEAV?$Window@VWidget@@@@@2@XZ 0000000140022fb0 f i engine.obj
 0002:00012010       ?_Getpfirst@?$_Tree_comp_alloc@V?$_Tmap_traits@W4Object_Type@@PEBVGameObject@@U?$less@W4Object_Type@@@std@@V?$allocator@U?$pair@$$CBW4Object_Type@@PEBVGameObject@@@std@@@4@$0A@@std@@@std@@QEBAPEAPEAU_Iterator_base12@2@XZ 0000000140023010 f i engine.obj
 0002:00012070       ?_Getpfirst@?$_Vector_alloc@U?$_Vec_base_types@PEAV?$Window@VWidget@@@@V?$allocator@PEAV?$Window@VWidget@@@@@std@@@std@@@std@@QEBAPEAPEAU_Iterator_base12@2@XZ 0000000140023070 f i engine.obj
 0002:000120d0       ?_Getpfirst@_Container_base12@std@@QEBAPEAPEAU_Iterator_base12@2@XZ 00000001400230d0 f i engine.obj
 0002:00012160       ?_Getpnext@_Iterator_base12@std@@QEAAPEAPEAU12@XZ 0000000140023160 f i engine.obj
 0002:000121b0       ?_Has_unused_capacity@?$vector@PEAV?$Window@VWidget@@@@V?$allocator@PEAV?$Window@VWidget@@@@@std@@@std@@AEBA_NXZ 00000001400231b0 f i engine.obj
 0002:00012250       ?_Myend@?$_Vector_alloc@U?$_Vec_base_types@PEAV?$Window@VWidget@@@@V?$allocator@PEAV?$Window@VWidget@@@@@std@@@std@@@std@@QEAAAEAPEAPEAV?$Window@VWidget@@@@XZ 0000000140023250 f i engine.obj
 0002:000122b0       ?_Myend@?$_Vector_alloc@U?$_Vec_base_types@PEAV?$Window@VWidget@@@@V?$allocator@PEAV?$Window@VWidget@@@@@std@@@std@@@std@@QEBAAEBQEAPEAV?$Window@VWidget@@@@XZ 00000001400232b0 f i engine.obj
 0002:00012310       ?_Myfirst@?$_Vector_alloc@U?$_Vec_base_types@PEAV?$Window@VWidget@@@@V?$allocator@PEAV?$Window@VWidget@@@@@std@@@std@@@std@@QEAAAEAPEAPEAV?$Window@VWidget@@@@XZ 0000000140023310 f i engine.obj
 0002:00012370       ?_Myfirst@?$_Vector_alloc@U?$_Vec_base_types@PEAV?$Window@VWidget@@@@V?$allocator@PEAV?$Window@VWidget@@@@@std@@@std@@@std@@QEBAAEBQEAPEAV?$Window@VWidget@@@@XZ 0000000140023370 f i engine.obj
 0002:000123d0       ?_Mylast@?$_Vector_alloc@U?$_Vec_base_types@PEAV?$Window@VWidget@@@@V?$allocator@PEAV?$Window@VWidget@@@@@std@@@std@@@std@@QEAAAEAPEAPEAV?$Window@VWidget@@@@XZ 00000001400233d0 f i engine.obj
 0002:00012430       ?_Mylast@?$_Vector_alloc@U?$_Vec_base_types@PEAV?$Window@VWidget@@@@V?$allocator@PEAV?$Window@VWidget@@@@@std@@@std@@@std@@QEBAAEBQEAPEAV?$Window@VWidget@@@@XZ 0000000140023430 f i engine.obj
 0002:00012490       ?_Myproxy@?$_Tree_comp_alloc@V?$_Tmap_traits@W4Object_Type@@PEBVGameObject@@U?$less@W4Object_Type@@@std@@V?$allocator@U?$pair@$$CBW4Object_Type@@PEBVGameObject@@@std@@@4@$0A@@std@@@std@@QEAAAEAPEAU_Container_proxy@2@XZ 0000000140023490 f i engine.obj
 0002:000124e0       ?_Myproxy@?$_Vector_alloc@U?$_Vec_base_types@PEAV?$Window@VWidget@@@@V?$allocator@PEAV?$Window@VWidget@@@@@std@@@std@@@std@@QEAAAEAPEAU_Container_proxy@2@XZ 00000001400234e0 f i engine.obj
 0002:00012530       ?_Orphan_all@?$_Tree_comp_alloc@V?$_Tmap_traits@W4Object_Type@@PEBVGameObject@@U?$less@W4Object_Type@@@std@@V?$allocator@U?$pair@$$CBW4Object_Type@@PEBVGameObject@@@std@@@4@$0A@@std@@@std@@QEAAXXZ 0000000140023530 f i engine.obj
 0002:00012590       ?_Orphan_all@?$_Vector_alloc@U?$_Vec_base_types@PEAV?$Window@VWidget@@@@V?$allocator@PEAV?$Window@VWidget@@@@@std@@@std@@@std@@QEAAXXZ 0000000140023590 f i engine.obj
 0002:000125f0       ?_Orphan_ptr@?$_Tree@V?$_Tmap_traits@W4Object_Type@@PEBVGameObject@@U?$less@W4Object_Type@@@std@@V?$allocator@U?$pair@$$CBW4Object_Type@@PEBVGameObject@@@std@@@4@$0A@@std@@@std@@IEAAXPEAU?$_Tree_node@U?$pair@$$CBW4Object_Type@@PEBVGameObject@@@std@@PEAX@2@@Z 00000001400235f0 f i engine.obj
 0002:00012750       ?_Orphan_range@?$vector@PEAV?$Window@VWidget@@@@V?$allocator@PEAV?$Window@VWidget@@@@@std@@@std@@AEBAXPEAPEAV?$Window@VWidget@@@@0@Z 0000000140023750 f i engine.obj
 0002:00012880       ?_Tidy@?$_Tree@V?$_Tmap_traits@W4Object_Type@@PEBVGameObject@@U?$less@W4Object_Type@@@std@@V?$allocator@U?$pair@$$CBW4Object_Type@@PEBVGameObject@@@std@@@4@$0A@@std@@@std@@IEAAXXZ 0000000140023880 f i engine.obj
 0002:000129f0       ?_Tidy@?$vector@PEAV?$Window@VWidget@@@@V?$allocator@PEAV?$Window@VWidget@@@@@std@@@std@@AEAAXXZ 00000001400239f0 f i engine.obj
 0002:00012b50       ?_Umove@?$vector@PEAV?$Window@VWidget@@@@V?$allocator@PEAV?$Window@VWidget@@@@@std@@@std@@AEAAPEAPEAV?$Window@VWidget@@@@PEAPEAV3@00@Z 0000000140023b50 f i engine.obj
 0002:00012be0       ?_Umove_if_noexcept1@?$vector@PEAV?$Window@VWidget@@@@V?$allocator@PEAV?$Window@VWidget@@@@@std@@@std@@AEAAXPEAPEAV?$Window@VWidget@@@@00U?$integral_constant@_N$00@2@@Z 0000000140023be0 f i engine.obj
 0002:00012c70       ?_Umove_if_noexcept@?$vector@PEAV?$Window@VWidget@@@@V?$allocator@PEAV?$Window@VWidget@@@@@std@@@std@@AEAAXPEAPEAV?$Window@VWidget@@@@00@Z 0000000140023c70 f i engine.obj
 0002:00012d20       ?_Xlength@?$vector@PEAV?$Window@VWidget@@@@V?$allocator@PEAV?$Window@VWidget@@@@@std@@@std@@CAXXZ 0000000140023d20 f i engine.obj
 0002:00012d70       ?allocate@?$allocator@PEAV?$Window@VWidget@@@@@std@@QEAAPEAPEAV?$Window@VWidget@@@@_K@Z 0000000140023d70 f i engine.obj
 0002:00012dd0       ?capacity@?$vector@PEAV?$Window@VWidget@@@@V?$allocator@PEAV?$Window@VWidget@@@@@std@@@std@@QEBA_KXZ 0000000140023dd0 f i engine.obj
 0002:00012e60       ?clear@?$_Tree@V?$_Tmap_traits@W4Object_Type@@PEBVGameObject@@U?$less@W4Object_Type@@@std@@V?$allocator@U?$pair@$$CBW4Object_Type@@PEBVGameObject@@@std@@@4@$0A@@std@@@std@@QEAAXXZ 0000000140023e60 f i engine.obj
 0002:00012f60       ?deallocate@?$allocator@PEAV?$Window@VWidget@@@@@std@@QEAAXQEAPEAV?$Window@VWidget@@@@_K@Z 0000000140023f60 f i engine.obj
 0002:00012fd0       ?erase@?$_Tree@V?$_Tmap_traits@W4Object_Type@@PEBVGameObject@@U?$less@W4Object_Type@@@std@@V?$allocator@U?$pair@$$CBW4Object_Type@@PEBVGameObject@@@std@@@4@$0A@@std@@@std@@QEAA?AV?$_Tree_iterator@V?$_Tree_val@U?$_Tree_simple_types@U?$pair@$$CBW4Object_Type@@PEBVGameObject@@@std@@@std@@@std@@@2@V?$_Tree_const_iterator@V?$_Tree_val@U?$_Tree_simple_types@U?$pair@$$CBW4Object_Type@@PEBVGameObject@@@std@@@std@@@std@@@2@0@Z 0000000140023fd0 f i engine.obj
 0002:00013320       ?erase@?$_Tree@V?$_Tmap_traits@W4Object_Type@@PEBVGameObject@@U?$less@W4Object_Type@@@std@@V?$allocator@U?$pair@$$CBW4Object_Type@@PEBVGameObject@@@std@@@4@$0A@@std@@@std@@QEAA?AV?$_Tree_iterator@V?$_Tree_val@U?$_Tree_simple_types@U?$pair@$$CBW4Object_Type@@PEBVGameObject@@@std@@@std@@@std@@@2@V?$_Tree_const_iterator@V?$_Tree_val@U?$_Tree_simple_types@U?$pair@$$CBW4Object_Type@@PEBVGameObject@@@std@@@std@@@std@@@2@@Z 0000000140024320 f i engine.obj
 0002:00013580       ?max_size@?$_Default_allocator_traits@V?$allocator@PEAV?$Window@VWidget@@@@@std@@@std@@SA_KAEBV?$allocator@PEAV?$Window@VWidget@@@@@2@@Z 0000000140024580 f i engine.obj
 0002:000135d0       ?max_size@?$vector@PEAV?$Window@VWidget@@@@V?$allocator@PEAV?$Window@VWidget@@@@@std@@@std@@QEBA_KXZ 00000001400245d0 f i engine.obj
 0002:00013660       ?push_back@?$vector@PEAV?$Window@VWidget@@@@V?$allocator@PEAV?$Window@VWidget@@@@@std@@@std@@QEAAXAEBQEAV?$Window@VWidget@@@@@Z 0000000140024660 f i engine.obj
 0002:000136c0       ?size@?$vector@PEAV?$Window@VWidget@@@@V?$allocator@PEAV?$Window@VWidget@@@@@std@@@std@@QEBA_KXZ 00000001400246c0 f i engine.obj
 0002:00013750       WinMain                    0000000140024750 f   main.obj
 0002:000137e0       ?HandleEvent@?$ContainerMoving@VGameObject@@@@UEAAXAEBVEvent@sf@@@Z 00000001400247e0 f   container-moving.obj
 0002:00013840       ??0?$Vector2@M@sf@@QEAA@XZ 0000000140024840 f i game-object.obj
 0002:000138b0       ??0?$basic_string@DU?$char_traits@D@std@@V?$allocator@D@2@@std@@QEAA@XZ 00000001400248b0 f i game-object.obj
 0002:00013930       ??0GameObject@@QEAA@PEBD@Z 0000000140024930 f   game-object.obj
 0002:00013d30       ??0GameObject@@QEAA@PEBV0@@Z 0000000140024d30 f   game-object.obj
 0002:00013f60       ??0ID@@QEAA@XZ             0000000140024f60 f i game-object.obj
 0002:00013fc0       ??1GameObject@@UEAA@XZ     0000000140024fc0 f   game-object.obj
 0002:00014040       ??1ID@@QEAA@XZ             0000000140025040 f i game-object.obj
 0002:00014080       ??_EGameObject@@UEAAPEAXI@Z 0000000140025080 f i game-object.obj
 0002:00014080       ??_GGameObject@@UEAAPEAXI@Z 0000000140025080 f i game-object.obj
 0002:00014110       ?CheckIntersect@GameObject@@QEBA_NPEBV1@VTime@sf@@@Z 0000000140025110 f   game-object.obj
 0002:000141e0       ?CheckIntersectX@GameObject@@QEBA_NPEBV1@VTime@sf@@@Z 00000001400251e0 f   game-object.obj
 0002:00014690       ?CheckIntersectY@GameObject@@QEBA_NPEBV1@VTime@sf@@@Z 0000000140025690 f   game-object.obj
 0002:00014bd0       ?Create@GameObject@@SAPEBV1@PEBD@Z 0000000140025bd0 f   game-object.obj
 0002:00014d70       ?CreateImpl@GameObject@@CAPEAV1@W4Object_Type@@PEBD@Z 0000000140025d70 f   game-object.obj
 0002:00014f70       ?Generate@ID@@QEAAXXZ      0000000140025f70 f i game-object.obj
 0002:00015060       ?GetDirection@GameObject@@QEBA?AV?$Vector2@M@sf@@XZ 0000000140026060 f   game-object.obj
 0002:000150d0       ?GetGroup@GameObject@@QEBA_KXZ 00000001400260d0 f   game-object.obj
 0002:00015120       ?GetHealth@GameObject@@QEBAHXZ 0000000140026120 f   game-object.obj
 0002:00015170       ?GetType@GameObject@@QEBA?AW4Object_Type@@XZ 0000000140026170 f   game-object.obj
 0002:000151c0       ?GetVelocity@GameObject@@QEBA?AV?$Vector2@M@sf@@XZ 00000001400261c0 f   game-object.obj
 0002:00015230       ?SetGroup@GameObject@@QEAAX_K@Z 0000000140026230 f   game-object.obj
 0002:00015290       ?SetType@GameObject@@QEAAX_K@Z 0000000140026290 f   game-object.obj
 0002:00015340       ?SetVelocity@GameObject@@QEAAXAEBV?$Vector2@M@sf@@@Z 0000000140026340 f   game-object.obj
 0002:000153c0       ?Update@GameObject@@UEAAXAEBVTime@sf@@@Z 00000001400263c0 f   game-object.obj
 0002:00015410       ?calculateDirection@GameObject@@AEAAXXZ 0000000140026410 f   game-object.obj
 0002:00015630       ?fabs@@YAMM@Z              0000000140026630 f i game-object.obj
 0002:00015680       fabsf                      0000000140026680 f i game-object.obj
 0002:000156d0       ??0Missile@@QEAA@XZ        00000001400266d0 f   missile.obj
[...]
 0005:00003330       $pdata$?dtor$4@?0???$_Insert_hint@AEAU?$pair@$$CBW4Object_Type@@PEBVGameObject@@@std@@PEAU?$_Tree_node@U?$pair@$$CBW4Object_Type@@PEBVGameObject@@@std@@PEAX@2@@?$_Tree@V?$_Tmap_traits@W4Object_Type@@PEBVGameObject@@U?$less@W4Object_Type@@@std@@V?$allocator@U?$pair@$$CBW4Object_Type@@PEBVGameObject@@@std@@@4@$0A@@std@@@std@@IEAA?AV?$_Tree_iterator@V?$_Tree_val@U?$_Tree_simple_types@U?$pair@$$CBW4Object_Type@@PEBVGameObject@@@std@@@std@@@std@@@1@V?$_Tree_const_iterator@V?$_Tree_val@U?$_Tree_simple_types@U?$pair@$$CBW4Object_Type@@PEBVGameObject@@@std@@@std@@@std@@@1@AEAU?$pair@$$CBW4Object_Type@@PEBVGameObject@@@1@PEAU?$_Tree_node@U?$pair@$$CBW4Object_Type@@PEBVGameObject@@@std@@PEAX@1@@Z@4HA 0000000140043330     config.obj
 0005:0000333c       $pdata$?dtor$5@?0???$_Insert_hint@AEAU?$pair@$$CBW4Object_Type@@PEBVGameObject@@@std@@PEAU?$_Tree_node@U?$pair@$$CBW4Object_Type@@PEBVGameObject@@@std@@PEAX@2@@?$_Tree@V?$_Tmap_traits@W4Object_Type@@PEBVGameObject@@U?$less@W4Object_Type@@@std@@V?$allocator@U?$pair@$$CBW4Object_Type@@PEBVGameObject@@@std@@@4@$0A@@std@@@std@@IEAA?AV?$_Tree_iterator@V?$_Tree_val@U?$_Tree_simple_types@U?$pair@$$CBW4Object_Type@@PEBVGameObject@@@std@@@std@@@std@@@1@V?$_Tree_const_iterator@V?$_Tree_val@U?$_Tree_simple_types@U?$pair@$$CBW4Object_Type@@PEBVGameObject@@@std@@@std@@@std@@@1@AEAU?$pair@$$CBW4Object_Type@@PEBVGameObject@@@1@PEAU?$_Tree_node@U?$pair@$$CBW4Object_Type@@PEBVGameObject@@@std@@PEAX@1@@Z@4HA 000000014004333c     config.obj
 0005:00003348       $pdata$?dtor$6@?0???$_Insert_hint@AEAU?$pair@$$CBW4Object_Type@@PEBVGameObject@@@std@@PEAU?$_Tree_node@U?$pair@$$CBW4Object_Type@@PEBVGameObject@@@std@@PEAX@2@@?$_Tree@V?$_Tmap_traits@W4Object_Type@@PEBVGameObject@@U?$less@W4Object_Type@@@std@@V?$allocator@U?$pair@$$CBW4Object_Type@@PEBVGameObject@@@std@@@4@$0A@@std@@@std@@IEAA?AV?$_Tree_iterator@V?$_Tree_val@U?$_Tree_simple_types@U?$pair@$$CBW4Object_Type@@PEBVGameObject@@@std@@@std@@@std@@@1@V?$_Tree_const_iterator@V?$_Tree_val@U?$_Tree_simple_types@U?$pair@$$CBW4Object_Type@@PEBVGameObject@@@std@@@std@@@std@@@1@AEAU?$pair@$$CBW4Object_Type@@PEBVGameObject@@@1@PEAU?$_Tree_node@U?$pair@$$CBW4Object_Type@@PEBVGameObject@@@std@@PEAX@1@@Z@4HA 0000000140043348     config.obj
 0005:00003354       $pdata$?dtor$7@?0???$_Insert_hint@AEAU?$pair@$$CBW4Object_Type@@PEBVGameObject@@@std@@PEAU?$_Tree_node@U?$pair@$$CBW4Object_Type@@PEBVGameObject@@@std@@PEAX@2@@?$_Tree@V?$_Tmap_traits@W4Object_Type@@PEBVGameObject@@U?$less@W4Object_Type@@@std@@V?$allocator@U?$pair@$$CBW4Object_Type@@PEBVGameObject@@@std@@@4@$0A@@std@@@std@@IEAA?AV?$_Tree_iterator@V?$_Tree_val@U?$_Tree_simple_types@U?$pair@$$CBW4Object_Type@@PEBVGameObject@@@std@@@std@@@std@@@1@V?$_Tree_const_iterator@V?$_Tree_val@U?$_Tree_simple_types@U?$pair@$$CBW4Object_Type@@PEBVGameObject@@@std@@@std@@@std@@@1@AEAU?$pair@$$CBW4Object_Type@@PEBVGameObject@@@1@PEAU?$_Tree_node@U?$pair@$$CBW4Object_Type@@PEBVGameObject@@@std@@PEAX@1@@Z@4HA 0000000140043354     config.obj
 0005:00003360       $pdata$?dtor$8@?0???$_Insert_hint@AEAU?$pair@$$CBW4Object_Type@@PEBVGameObject@@@std@@PEAU?$_Tree_node@U?$pair@$$CBW4Object_Type@@PEBVGameObject@@@std@@PEAX@2@@?$_Tree@V?$_Tmap_traits@W4Object_Type@@PEBVGameObject@@U?$less@W4Object_Type@@@std@@V?$allocator@U?$pair@$$CBW4Object_Type@@PEBVGameObject@@@std@@@4@$0A@@std@@@std@@IEAA?AV?$_Tree_iterator@V?$_Tree_val@U?$_Tree_simple_types@U?$pair@$$CBW4Object_Type@@PEBVGameObject@@@std@@@std@@@std@@@1@V?$_Tree_const_iterator@V?$_Tree_val@U?$_Tree_simple_types@U?$pair@$$CBW4Object_Type@@PEBVGameObject@@@std@@@std@@@std@@@1@AEAU?$pair@$$CBW4Object_Type@@PEBVGameObject@@@1@PEAU?$_Tree_node@U?$pair@$$CBW4Object_Type@@PEBVGameObject@@@std@@PEAX@1@@Z@4HA 0000000140043360     config.obj
 0005:0000336c       $pdata$?catch$6@?0???$_Insert_nohint@AEAU?$pair@$$CBW4Object_Type@@PEBVGameObject@@@std@@PEAU?$_Tree_node@U?$pair@$$CBW4Object_Type@@PEBVGameObject@@@std@@PEAX@2@@?$_Tree@V?$_Tmap_traits@W4Object_Type@@PEBVGameObject@@U?$less@W4Object_Type@@@std@@V?$allocator@U?$pair@$$CBW4Object_Type@@PEBVGameObject@@@std@@@4@$0A@@std@@@std@@IEAA?AU?$pair@V?$_Tree_iterator@V?$_Tree_val@U?$_Tree_simple_types@U?$pair@$$CBW4Object_Type@@PEBVGameObject@@@std@@@std@@@std@@@std@@_N@1@_NAEAU?$pair@$$CBW4Object_Type@@PEBVGameObject@@@1@PEAU?$_Tree_node@U?$pair@$$CBW4Object_Type@@PEBVGameObject@@@std@@PEAX@1@@Z@4HA 000000014004336c     config.obj
 0005:00003378       $pdata$?dtor$2@?0???$_Insert_nohint@AEAU?$pair@$$CBW4Object_Type@@PEBVGameObject@@@std@@PEAU?$_Tree_node@U?$pair@$$CBW4Object_Type@@PEBVGameObject@@@std@@PEAX@2@@?$_Tree@V?$_Tmap_traits@W4Object_Type@@PEBVGameObject@@U?$less@W4Object_Type@@@std@@V?$allocator@U?$pair@$$CBW4Object_Type@@PEBVGameObject@@@std@@@4@$0A@@std@@@std@@IEAA?AU?$pair@V?$_Tree_iterator@V?$_Tree_val@U?$_Tree_simple_types@U?$pair@$$CBW4Object_Type@@PEBVGameObject@@@std@@@std@@@std@@@std@@_N@1@_NAEAU?$pair@$$CBW4Object_Type@@PEBVGameObject@@@1@PEAU?$_Tree_node@U?$pair@$$CBW4Object_Type@@PEBVGameObject@@@std@@PEAX@1@@Z@4HA 0000000140043378     config.obj
 0005:00003384       $pdata$?dtor$3@?0???$_Insert_nohint@AEAU?$pair@$$CBW4Object_Type@@PEBVGameObject@@@std@@PEAU?$_Tree_node@U?$pair@$$CBW4Object_Type@@PEBVGameObject@@@std@@PEAX@2@@?$_Tree@V?$_Tmap_traits@W4Object_Type@@PEBVGameObject@@U?$less@W4Object_Type@@@std@@V?$allocator@U?$pair@$$CBW4Object_Type@@PEBVGameObject@@@std@@@4@$0A@@std@@@std@@IEAA?AU?$pair@V?$_Tree_iterator@V?$_Tree_val@U?$_Tree_simple_types@U?$pair@$$CBW4Object_Type@@PEBVGameObject@@@std@@@std@@@std@@@std@@_N@1@_NAEAU?$pair@$$CBW4Object_Type@@PEBVGameObject@@@1@PEAU?$_Tree_node@U?$pair@$$CBW4Object_Type@@PEBVGameObject@@@std@@PEAX@1@@Z@4HA 0000000140043384     config.obj
 0005:00003390       $pdata$?dtor$0@?0???$_Try_emplace@W4Object_Type@@$$V@?$map@W4Object_Type@@PEBVGameObject@@U?$less@W4Object_Type@@@std@@V?$allocator@U?$pair@$$CBW4Object_Type@@PEBVGameObject@@@std@@@4@@std@@QEAA?AU?$pair@V?$_Tree_iterator@V?$_Tree_val@U?$_Tree_simple_types@U?$pair@$$CBW4Object_Type@@PEBVGameObject@@@std@@@std@@@std@@@std@@_N@1@$$QEAW4Object_Type@@@Z@4HA 0000000140043390     config.obj
 0005:0000339c       $pdata$?dtor$1@?0???$_Try_emplace@W4Object_Type@@$$V@?$map@W4Object_Type@@PEBVGameObject@@U?$less@W4Object_Type@@@std@@V?$allocator@U?$pair@$$CBW4Object_Type@@PEBVGameObject@@@std@@@4@@std@@QEAA?AU?$pair@V?$_Tree_iterator@V?$_Tree_val@U?$_Tree_simple_types@U?$pair@$$CBW4Object_Type@@PEBVGameObject@@@std@@@std@@@std@@@std@@_N@1@$$QEAW4Object_Type@@@Z@4HA 000000014004339c     config.obj
 0005:000033a8       $pdata$?dtor$0@?0???$emplace_hint@AEBUpiecewise_construct_t@std@@V?$tuple@$$QEAW4Object_Type@@@2@V?$tuple@$$V@2@@?$_Tree@V?$_Tmap_traits@W4Object_Type@@PEBVGameObject@@U?$less@W4Object_Type@@@std@@V?$allocator@U?$pair@$$CBW4Object_Type@@PEBVGameObject@@@std@@@4@$0A@@std@@@std@@QEAA?AV?$_Tree_iterator@V?$_Tree_val@U?$_Tree_simple_types@U?$pair@$$CBW4Object_Type@@PEBVGameObject@@@std@@@std@@@std@@@1@V?$_Tree_const_iterator@V?$_Tree_val@U?$_Tree_simple_types@U?$pair@$$CBW4Object_Type@@PEBVGameObject@@@std@@@std@@@std@@@1@AEBUpiecewise_construct_t@1@$$QEAV?$tuple@$$QEAW4Object_Type@@@1@$$QEAV?$tuple@$$V@1@@Z@4HA 00000001400433a8     config.obj
 0005:000033b4       $pdata$?dtor$0@?0???0?$_String_alloc@U?$_String_base_types@DV?$allocator@D@std@@@std@@@std@@QEAA@XZ@4HA 00000001400433b4     config.obj
 0005:000033c0       $pdata$?dtor$0@?0???0?$basic_string@DU?$char_traits@D@std@@V?$allocator@D@2@@std@@QEAA@AEBV01@_K1AEBV?$allocator@D@1@@Z@4HA 00000001400433c0     config.obj
 0005:000033cc       $pdata$?dtor$0@?0???0?$basic_string@DU?$char_traits@D@std@@V?$allocator@D@2@@std@@QEAA@QEBD@Z@4HA 00000001400433cc     config.obj
 0005:000033d8       $pdata$?dtor$0@?0???A?$map@W4Object_Type@@PEBVGameObject@@U?$less@W4Object_Type@@@std@@V?$allocator@U?$pair@$$CBW4Object_Type@@PEBVGameObject@@@std@@@4@@std@@QEAAAEAPEBVGameObject@@$$QEAW4Object_Type@@@Z@4HA 00000001400433d8     config.obj
 0005:000033e4       $pdata$?dtor$0@?0??Create_Object@ConfigManager@@QEBAPEAVGameObject@@W4Object_Type@@@Z@4HA 00000001400433e4     config.obj
 0005:000033f0       $pdata$?dtor$1@?0??Create_Object@ConfigManager@@QEBAPEAVGameObject@@W4Object_Type@@@Z@4HA 00000001400433f0     config.obj
 0005:000033fc       $pdata$?dtor$0@?0??Read@Config_Parser@@YAPEBDPEBDAEAH@Z@4HA 00000001400433fc     config.obj
 0005:00003408       $pdata$?dtor$1@?0??Read@Config_Parser@@YAPEBDPEBDAEAH@Z@4HA 0000000140043408     config.obj
 0005:00003414       $pdata$?dtor$0@?0??Read@Config_Parser@@YAPEBDPEBDAEAM@Z@4HA 0000000140043414     config.obj
 0005:00003420       $pdata$?dtor$1@?0??Read@Config_Parser@@YAPEBDPEBDAEAM@Z@4HA 0000000140043420     config.obj
 0005:0000342c       $pdata$?dtor$0@?0??Read@Config_Parser@@YAPEBDPEBDAEAV?$basic_string@DU?$char_traits@D@std@@V?$allocator@D@2@@std@@@Z@4HA 000000014004342c     config.obj
 0005:00003438       $pdata$?catch$0@?0??_Buynode0@?$_Tree_comp_alloc@V?$_Tmap_traits@W4Object_Type@@PEBVGameObject@@U?$less@W4Object_Type@@@std@@V?$allocator@U?$pair@$$CBW4Object_Type@@PEBVGameObject@@@std@@@4@$0A@@std@@@std@@QEAAPEAU?$_Tree_node@U?$pair@$$CBW4Object_Type@@PEBVGameObject@@@std@@PEAX@2@XZ@4HA 0000000140043438     config.obj
 0005:00003444       $pdata$?dtor$0@?0??find@?$_Tree@V?$_Tmap_traits@W4Object_Type@@PEBVGameObject@@U?$less@W4Object_Type@@@std@@V?$allocator@U?$pair@$$CBW4Object_Type@@PEBVGameObject@@@std@@@4@$0A@@std@@@std@@QEBA?AV?$_Tree_const_iterator@V?$_Tree_val@U?$_Tree_simple_types@U?$pair@$$CBW4Object_Type@@PEBVGameObject@@@std@@@std@@@std@@@2@AEBW4Object_Type@@@Z@4HA 0000000140043444     config.obj
 0005:00003450       $pdata$?dtor$1@?0??find@?$_Tree@V?$_Tmap_traits@W4Object_Type@@PEBVGameObject@@U?$less@W4Object_Type@@@std@@V?$allocator@U?$pair@$$CBW4Object_Type@@PEBVGameObject@@@std@@@4@$0A@@std@@@std@@QEBA?AV?$_Tree_const_iterator@V?$_Tree_val@U?$_Tree_simple_types@U?$pair@$$CBW4Object_Type@@PEBVGameObject@@@std@@@std@@@std@@@2@AEBW4Object_Type@@@Z@4HA 0000000140043450     config.obj
 0005:0000345c       $pdata$?catch$0@?0???$_Emplace_reallocate@AEBQEAV?$Window@VWidget@@@@@?$vector@PEAV?$Window@VWidget@@@@V?$allocator@PEAV?$Window@VWidget@@@@@std@@@std@@QEAAPEAPEAV?$Window@VWidget@@@@QEAPEAV2@AEBQEAV2@@Z@4HA 000000014004345c     engine.obj
 0005:00003468       $pdata$?dtor$0@?0???0Engine@@QEAA@XZ@4HA 0000000140043468     engine.obj
 0005:00003474       $pdata$?dtor$1@?0???0Engine@@QEAA@XZ@4HA 0000000140043474     engine.obj
 0005:00003480       $pdata$?dtor$2@?0???0Engine@@QEAA@XZ@4HA 0000000140043480     engine.obj
 0005:0000348c       $pdata$?dtor$3@?0???0Engine@@QEAA@XZ@4HA 000000014004348c     engine.obj
 0005:00003498       $pdata$?dtor$4@?0???0Engine@@QEAA@XZ@4HA 0000000140043498     engine.obj
 0005:000034a4       $pdata$?dtor$0@?0???E?$_Tree_const_iterator@V?$_Tree_val@U?$_Tree_simple_types@U?$pair@$$CBW4Object_Type@@PEBVGameObject@@@std@@@std@@@std@@@std@@QEAA?AV01@H@Z@4HA 00000001400434a4     engine.obj
 0005:000034b0       $pdata$?dtor$0@?0??Execute@Engine@@QEAAXXZ@4HA 00000001400434b0     engine.obj
 0005:000034bc       $pdata$?catch$0@?0??_Buyheadnode@?$_Tree_comp_alloc@V?$_Tmap_traits@W4Object_Type@@PEBVGameObject@@U?$less@W4Object_Type@@@std@@V?$allocator@U?$pair@$$CBW4Object_Type@@PEBVGameObject@@@std@@@4@$0A@@std@@@std@@QEAAPEAU?$_Tree_node@U?$pair@$$CBW4Object_Type@@PEBVGameObject@@@std@@PEAX@2@XZ@4HA 00000001400434bc     engine.obj
 0005:000034c8       $pdata$?catch$0@?0??_Construct@?$_Tree_comp_alloc@V?$_Tmap_traits@W4Object_Type@@PEBVGameObject@@U?$less@W4Object_Type@@@std@@V?$allocator@U?$pair@$$CBW4Object_Type@@PEBVGameObject@@@std@@@4@$0A@@std@@@std@@QEAAXXZ@4HA 00000001400434c8     engine.obj
 0005:000034d4       $pdata$?dtor$0@?0??_Extract@?$_Tree_val@U?$_Tree_simple_types@U?$pair@$$CBW4Object_Type@@PEBVGameObject@@@std@@@std@@@std@@QEAAPEAU?$_Tree_node@U?$pair@$$CBW4Object_Type@@PEBVGameObject@@@std@@PEAX@2@V?$_Tree_const_iterator@V?$_Tree_val@U?$_Tree_simple_types@U?$pair@$$CBW4Object_Type@@PEBVGameObject@@@std@@@std@@@std@@@2@@Z@4HA 00000001400434d4     engine.obj
 0005:000034e0       $pdata$?dtor$0@?0??_Orphan_ptr@?$_Tree@V?$_Tmap_traits@W4Object_Type@@PEBVGameObject@@U?$less@W4Object_Type@@@std@@V?$allocator@U?$pair@$$CBW4Object_Type@@PEBVGameObject@@@std@@@4@$0A@@std@@@std@@IEAAXPEAU?$_Tree_node@U?$pair@$$CBW4Object_Type@@PEBVGameObject@@@std@@PEAX@2@@Z@4HA 00000001400434e0     engine.obj
 0005:000034ec       $pdata$?dtor$0@?0??_Orphan_range@?$vector@PEAV?$Window@VWidget@@@@V?$allocator@PEAV?$Window@VWidget@@@@@std@@@std@@AEBAXPEAPEAV?$Window@VWidget@@@@0@Z@4HA 00000001400434ec     engine.obj
 0005:000034f8       $pdata$?dtor$0@?0??_Tidy@?$_Tree@V?$_Tmap_traits@W4Object_Type@@PEBVGameObject@@U?$less@W4Object_Type@@@std@@V?$allocator@U?$pair@$$CBW4Object_Type@@PEBVGameObject@@@std@@@4@$0A@@std@@@std@@IEAAXXZ@4HA 00000001400434f8     engine.obj
 0005:00003504       $pdata$?dtor$2@?0??_Tidy@?$_Tree@V?$_Tmap_traits@W4Object_Type@@PEBVGameObject@@U?$less@W4Object_Type@@@std@@V?$allocator@U?$pair@$$CBW4Object_Type@@PEBVGameObject@@@std@@@4@$0A@@std@@@std@@IEAAXXZ@4HA 0000000140043504     engine.obj
 0005:00003510       $pdata$?dtor$0@?0??erase@?$_Tree@V?$_Tmap_traits@W4Object_Type@@PEBVGameObject@@U?$less@W4Object_Type@@@std@@V?$allocator@U?$pair@$$CBW4Object_Type@@PEBVGameObject@@@std@@@4@$0A@@std@@@std@@QEAA?AV?$_Tree_iterator@V?$_Tree_val@U?$_Tree_simple_types@U?$pair@$$CBW4Object_Type@@PEBVGameObject@@@std@@@std@@@std@@@2@V?$_Tree_const_iterator@V?$_Tree_val@U?$_Tree_simple_types@U?$pair@$$CBW4Object_Type@@PEBVGameObject@@@std@@@std@@@std@@@2@0@Z@4HA 0000000140043510     engine.obj
 0005:0000351c       $pdata$?dtor$1@?0??erase@?$_Tree@V?$_Tmap_traits@W4Object_Type@@PEBVGameObject@@U?$less@W4Object_Type@@@std@@V?$allocator@U?$pair@$$CBW4Object_Type@@PEBVGameObject@@@std@@@4@$0A@@std@@@std@@QEAA?AV?$_Tree_iterator@V?$_Tree_val@U?$_Tree_simple_types@U?$pair@$$CBW4Object_Type@@PEBVGameObject@@@std@@@std@@@std@@@2@V?$_Tree_const_iterator@V?$_Tree_val@U?$_Tree_simple_types@U?$pair@$$CBW4Object_Type@@PEBVGameObject@@@std@@@std@@@std@@@2@0@Z@4HA 000000014004351c     engine.obj
 0005:00003528       $pdata$?dtor$2@?0??erase@?$_Tree@V?$_Tmap_traits@W4Object_Type@@PEBVGameObject@@U?$less@W4Object_Type@@@std@@V?$allocator@U?$pair@$$CBW4Object_Type@@PEBVGameObject@@@std@@@4@$0A@@std@@@std@@QEAA?AV?$_Tree_iterator@V?$_Tree_val@U?$_Tree_simple_types@U?$pair@$$CBW4Object_Type@@PEBVGameObject@@@std@@@std@@@std@@@2@V?$_Tree_const_iterator@V?$_Tree_val@U?$_Tree_simple_types@U?$pair@$$CBW4Object_Type@@PEBVGameObject@@@std@@@std@@@std@@@2@0@Z@4HA 0000000140043528     engine.obj
 0005:00003534       $pdata$?dtor$3@?0??erase@?$_Tree@V?$_Tmap_traits@W4Object_Type@@PEBVGameObject@@U?$less@W4Object_Type@@@std@@V?$allocator@U?$pair@$$CBW4Object_Type@@PEBVGameObject@@@std@@@4@$0A@@std@@@std@@QEAA?AV?$_Tree_iterator@V?$_Tree_val@U?$_Tree_simple_types@U?$pair@$$CBW4Object_Type@@PEBVGameObject@@@std@@@std@@@std@@@2@V?$_Tree_const_iterator@V?$_Tree_val@U?$_Tree_simple_types@U?$pair@$$CBW4Object_Type@@PEBVGameObject@@@std@@@std@@@std@@@2@0@Z@4HA 0000000140043534     engine.obj
 0005:00003540       $pdata$?dtor$0@?0??erase@?$_Tree@V?$_Tmap_traits@W4Object_Type@@PEBVGameObject@@U?$less@W4Object_Type@@@std@@V?$allocator@U?$pair@$$CBW4Object_Type@@PEBVGameObject@@@std@@@4@$0A@@std@@@std@@QEAA?AV?$_Tree_iterator@V?$_Tree_val@U?$_Tree_simple_types@U?$pair@$$CBW4Object_Type@@PEBVGameObject@@@std@@@std@@@std@@@2@V?$_Tree_const_iterator@V?$_Tree_val@U?$_Tree_simple_types@U?$pair@$$CBW4Object_Type@@PEBVGameObject@@@std@@@std@@@std@@@2@@Z@4HA 0000000140043540     engine.obj
 0005:0000354c       $pdata$?dtor$1@?0??erase@?$_Tree@V?$_Tmap_traits@W4Object_Type@@PEBVGameObject@@U?$less@W4Object_Type@@@std@@V?$allocator@U?$pair@$$CBW4Object_Type@@PEBVGameObject@@@std@@@4@$0A@@std@@@std@@QEAA?AV?$_Tree_iterator@V?$_Tree_val@U?$_Tree_simple_types@U?$pair@$$CBW4Object_Type@@PEBVGameObject@@@std@@@std@@@std@@@2@V?$_Tree_const_iterator@V?$_Tree_val@U?$_Tree_simple_types@U?$pair@$$CBW4Object_Type@@PEBVGameObject@@@std@@@std@@@std@@@2@@Z@4HA 000000014004354c     engine.obj
 0005:00003558       $pdata$WinMain$dtor$0      0000000140043558     main.obj
 0005:00003564       $pdata$?dtor$0@?0???0GameObject@@QEAA@PEBD@Z@4HA 0000000140043564     game-object.obj
 0005:00003570       $pdata$?dtor$1@?0???0GameObject@@QEAA@PEBD@Z@4HA 0000000140043570     game-object.obj
 0005:0000357c       $pdata$?dtor$2@?0???0GameObject@@QEAA@PEBD@Z@4HA 000000014004357c     game-object.obj
 0005:00003588       $pdata$?dtor$0@?0???0GameObject@@QEAA@PEBV0@@Z@4HA 0000000140043588     game-object.obj
 0005:00003594       $pdata$?dtor$1@?0???0GameObject@@QEAA@PEBV0@@Z@4HA 0000000140043594     game-object.obj
 0005:000035a0       $pdata$?dtor$0@?0??Create@GameObject@@SAPEBV1@PEBD@Z@4HA 00000001400435a0     game-object.obj
 0005:000035ac       $pdata$?catch$2@?0??CreateImpl@GameObject@@CAPEAV1@W4Object_Type@@PEBD@Z@4HA 00000001400435ac     game-object.obj
 0005:000035b8       $pdata$?dtor$0@?0??CreateImpl@GameObject@@CAPEAV1@W4Object_Type@@PEBD@Z@4HA 00000001400435b8     game-object.obj
 0005:000035c4       $pdata$?dtor$1@?0??CreateImpl@GameObject@@CAPEAV1@W4Object_Type@@PEBD@Z@4HA 00000001400435c4     game-object.obj
 0005:000035d0       $pdata$?dtor$0@?0???0Object@@QEAA@AEBV?$Vector2@M@sf@@0@Z@4HA 00000001400435d0     object.obj
 0005:000035dc       $pdata$?dtor$0@?0???0Object@@QEAA@PEBD@Z@4HA 00000001400435dc     object.obj
 0005:000035e8       $pdata$?dtor$1@?0???0Object@@QEAA@PEBD@Z@4HA 00000001400435e8     object.obj
 0005:000035f4       $pdata$?dtor$2@?0???0Object@@QEAA@PEBD@Z@4HA 00000001400435f4     object.obj
 0005:00003600       $pdata$?dtor$0@?0???0Object@@QEAA@PEBV0@@Z@4HA 0000000140043600     object.obj
 0005:0000360c       $pdata$?dtor$1@?0???0Object@@QEAA@PEBV0@@Z@4HA 000000014004360c     object.obj
 0005:00003618       $pdata$?dtor$0@?0??Clone@Tank@@UEBAPEAVGameObject@@XZ@4HA 0000000140043618     tank.obj
 0005:00003624       $pdata$?dtor$0@?0??Clone@Wall@@UEBAPEAVGameObject@@XZ@4HA 0000000140043624     wall.obj
 0005:00003648       $pdata$?dtor$0@?0???0WindowGame@@QEAA@PEAVEngine@@AEBV?$Vector2@M@sf@@1@Z@4HA 0000000140043648     window-game.obj
 0005:00003654       $pdata$?dtor$1@?0???0WindowGame@@QEAA@PEAVEngine@@AEBV?$Vector2@M@sf@@1@Z@4HA 0000000140043654     window-game.obj
 0005:00003660       $pdata$?filt$0@?0??notify_debugger@@YAXAEBUtagEXCEPTION_VISUALCPP_DEBUG_INFO@@@Z@4HA 0000000140043660     MSVCRTD:_error_.obj
 0005:0000366c       $pdata$?filt$0@?0??__scrt_common_main_seh@@YAHXZ@4HA 000000014004366c     MSVCRTD:exe_winmain.obj
 0005:00003678       $pdata$__scrt_is_nonwritable_in_current_image$filt$0 0000000140043678     MSVCRTD:utility.obj
 0006:000013f6       .idata$6                   00000001400453f6     sfml-graphics-d:sfml-graphics-d-2.dll
 0006:000014b0       .idata$6                   00000001400454b0     sfml-window-d:sfml-window-d-2.dll
 0006:00001572       .idata$6                   0000000140045572     sfml-system-d:sfml-system-d-2.dll
 0006:00001768       .idata$6                   0000000140045768     msvcprtd:MSVCP140D.dll
 0006:0000189a       .idata$6                   000000014004589a     vcruntimed:VCRUNTIME140D.dll
 0006:00001bd4       .idata$6                   0000000140045bd4     ucrtd:ucrtbased.dll
 0006:00001dfa       .idata$6                   0000000140045dfa     kernel32:KERNEL32.dll
 0008:00000170       $R000000                   0000000140048170     * linker generated manifest res *
